================================================================================
SIMULATION LOG - 2026-02-10 17:04:35
Log file: /home/kishi/ResQoUnity/logs/simulation/drone_sim_20260210_170435.log
================================================================================

[INFO] CPU physics mode enabled - GPU PhysX disabled
[INFO] Creating environment: Isaac-Velocity-Rough-Unitree-Go2-v0
[INFO] Robot: go2, Amount: 1, Terrain: flat
[INFO]: Base environment:
	Environment device    : cpu
	Physics step-size     : 0.005
	Rendering step-size   : 0.005
	Environment step-size : 0.02
	Physics GPU pipeline  : True
	Physics GPU simulation: True
[INFO]: Time taken for scene creation : 0.545809 seconds
[INFO]: Scene manager:  <class InteractiveScene>
	Number of environments: 1
	Environment spacing   : 2.5
	Source prim name      : /World/envs/env_0
	Global prim paths     : ['/World/ground']
	Replicate physics     : True
[INFO]: Starting the simulation. This may take a few seconds. Please wait...
[INFO]: Time taken for simulation start : 0.771811 seconds
[INFO] Command Manager:  <CommandManager> contains 1 active terms.
+------------------------------------------------+
|              Active Command Terms              |
+-------+---------------+------------------------+
| Index | Name          |          Type          |
+-------+---------------+------------------------+
|   0   | base_velocity | UniformVelocityCommand |
+-------+---------------+------------------------+

[INFO] Action Manager:  <ActionManager> contains 1 active terms.
+------------------------------------+
|  Active Action Terms (shape: 12)   |
+--------+-------------+-------------+
| Index  | Name        |   Dimension |
+--------+-------------+-------------+
|   0    | joint_pos   |          12 |
+--------+-------------+-------------+

Module omni.isaac.orbit.utils.warp.kernels load on device 'cpu' took 1.78 ms
[INFO] Observation Manager: <ObservationManager> contains 1 groups.
+----------------------------------------------------------+
| Active Observation Terms in Group: 'policy' (shape: (235,)) |
+-----------+--------------------------------+-------------+
|   Index   | Name                           |    Shape    |
+-----------+--------------------------------+-------------+
|     0     | base_lin_vel                   |     (3,)    |
|     1     | base_ang_vel                   |     (3,)    |
|     2     | projected_gravity              |     (3,)    |
|     3     | velocity_commands              |     (3,)    |
|     4     | joint_pos                      |    (12,)    |
|     5     | joint_vel                      |    (12,)    |
|     6     | actions                        |    (12,)    |
|     7     | height_scan                    |    (187,)   |
+-----------+--------------------------------+-------------+

[INFO] Event Manager:  <EventManager> contains 1 active terms.
+--------------------------------------+
| Active Event Terms in Mode: 'startup' |
+----------+---------------------------+
|  Index   | Name                      |
+----------+---------------------------+
|    0     | physics_material          |
+----------+---------------------------+

[INFO] Termination Manager:  <TerminationManager> contains 2 active terms.
+---------------------------------+
|     Active Termination Terms    |
+-------+--------------+----------+
| Index | Name         | Time Out |
+-------+--------------+----------+
|   0   | time_out     |   True   |
|   1   | base_contact |  False   |
+-------+--------------+----------+

[INFO] Reward Manager:  <RewardManager> contains 10 active terms.
+-----------------------------------------+
|           Active Reward Terms           |
+-------+----------------------+----------+
| Index | Name                 |   Weight |
+-------+----------------------+----------+
|   0   | track_lin_vel_xy_exp |      1.5 |
|   1   | track_ang_vel_z_exp  |     0.75 |
|   2   | lin_vel_z_l2         |     -2.0 |
|   3   | ang_vel_xy_l2        |    -0.05 |
|   4   | dof_torques_l2       |  -0.0002 |
|   5   | dof_acc_l2           | -2.5e-07 |
|   6   | action_rate_l2       |    -0.01 |
|   7   | feet_air_time        |     0.01 |
|   8   | flat_orientation_l2  |      0.0 |
|   9   | dof_pos_limits       |      0.0 |
+-------+----------------------+----------+

[INFO] Curriculum Manager:  <CurriculumManager> contains 0 active terms.
+----------------------+
| Active Curriculum Terms |
+-----------+----------+
|   Index   | Name     |
+-----------+----------+
+-----------+----------+

Creating window for environment.
[INFO]: Completed setting up the environment...
[INFO] Environment created successfully!
[INFO] ========================================
[INFO] PHYSICS MODE: CPU (GPU PhysX DISABLED)
[INFO] Direct pose manipulation is ALLOWED
[INFO] ========================================
[INFO] Environment wrapped for RSL-RL
[INFO] Loading experiment from directory: /home/kishi/ResQoUnity/logs/rsl_rl/unitree_go2_rough
[INFO]: Loading model checkpoint from: /home/kishi/ResQoUnity/logs/rsl_rl/unitree_go2_rough/2024-04-06_02-37-07/model_7850.pt
--------------------------------------------------------------------------------
Resolved observation sets: 
	 policy :  ['policy']
	 critic :  ['policy']
--------------------------------------------------------------------------------
Actor MLP: MLP(
  (0): Linear(in_features=235, out_features=512, bias=True)
  (1): ELU(alpha=1.0)
  (2): Linear(in_features=512, out_features=256, bias=True)
  (3): ELU(alpha=1.0)
  (4): Linear(in_features=256, out_features=128, bias=True)
  (5): ELU(alpha=1.0)
  (6): Linear(in_features=128, out_features=12, bias=True)
)
Critic MLP: MLP(
  (0): Linear(in_features=235, out_features=512, bias=True)
  (1): ELU(alpha=1.0)
  (2): Linear(in_features=512, out_features=256, bias=True)
  (3): ELU(alpha=1.0)
  (4): Linear(in_features=256, out_features=128, bias=True)
  (5): ELU(alpha=1.0)
  (6): Linear(in_features=128, out_features=1, bias=True)
)
[INFO]: Checkpoint loaded successfully
[INFO] Resetting environment and getting initial observations...
[INFO] Environment reset complete, starting simulation loop...
[INFO] Spawning world-level drone alongside environment robots...
[INFO] Spawning drone at /World/envs/env_0/Drone (inside env for physics stepping)
[INFO] Drone USD loaded at /World/envs/env_0/Drone
[INFO] Drone spawned at position (0.0, 0.0, 2.5)
[INFO] ArticulationView will be initialized after first physics step
[Drone drone] Mode: DISARMED → IDLE

================================================================================
DRONE DEBUG LOGGER INITIALIZED FOR world_drone
================================================================================

[INFO] Drone controller initialized in ARMED mode (auto-armed)
[INFO] Mode set to IDLE - will switch to LOITER after spawn
[INFO] Debug logger enabled - verbose output active
[INFO] Drone bottom camera initialized
[INFO] Drone ROS2 publishers initialized on /drone namespace
[INFO] Adding /drone namespace ROS2 interface
[INFO] Drone topics created: cmd_vel, cmd_position, cmd_altitude
[INFO] Drone services created:
  - /drone/arm: True
  - /drone/takeoff: True
  - /drone/land: True
  - /drone/emergency_stop: True
[INFO] Drone control interface ready on /drone namespace
[INFO] Setting up viewport camera...
[INFO] Camera positioned to view robot
[INFO] Robot(s) should now be visible in the viewport!
[INFO] Use these controls to navigate:
  - Press 'F' to focus on robot
  - Mouse wheel: Zoom in/out
  - Middle mouse: Pan camera
  - Alt+Left mouse: Orbit view
  - WASD keys: Move robot (forward/back/left/right)
  - Q/E keys: Rotate left/right
[INFO] Initializing ArticulationView after physics step...
[INFO] Drone mass set to: 0.5 kg (Crazyflie scaled estimate)
[INFO] Using Hybrid Physics-Velocity Control (GPU PhysX compatible)
[INFO] Forces → Acceleration → Velocity integration (F=ma)
[INFO] LOITER target set to spawn position: (0.00, 0.00, 2.50)
[SAFETY] World drone initialized:
  Current pos: (0.000, 0.000, 2.498)
  Target pos:  (0.000, 0.000, 2.498)
  Mode: IDLE, Armed: True
[INIT] Drone spawned at position: (0.000, 0.000, 2.498)
[INIT] Initial velocity: (0.000, 0.000, -0.196)
[INIT] Initial mode: IDLE
[INIT] Ready for control


********************************************************************************
[ARM EVENT] Drone ARMED
********************************************************************************

[INFO] ArticulationView ready - found 1 drone(s)
[DEBUG] ArticulationView prim paths: ['/World/envs/env_0/Drone']
[DEBUG] Controller initialized at position: (0.00, 0.00, 2.50)
[DEBUG] Drone has 4 DOFs: ['m1_joint', 'm2_joint', 'm3_joint', 'm4_joint']
[DEBUG] Prim at /World/envs/env_0/Drone exists: True
[DEBUG] Found root body (fallback) at: /World/envs/env_0/Drone/body
[DEBUG] Found articulation root at: /World/envs/env_0/Drone
[Drone drone] Mode: IDLE → LOITER
[INFO] World drone switched to LOITER at position (0.00, 0.00, 2.50)
[INFO] LiDAR publishing to /robot0/point_cloud2 (ROS_DOMAIN_ID=0)
[ROS2 SERVICE] /drone/arm called with data=True
[ROS2 SERVICE] Waiting for lock...
[ROS2 SERVICE] Lock acquired

********************************************************************************
[ARM EVENT] Drone ARMED
********************************************************************************

[Drone drone] Target position: (0.00, 0.00, 1.50)
[Drone drone] Mode: LOITER → POSITION
[SAFETY] Takeoff service executed:
  Mode: POSITION
  Target: (0.000, 0.000, 1.500)
  Current: (0.000, 0.000, 2.497)
[Drone drone] Target position: (0.05, 0.00, 3.00)
[Drone drone] Target position: (0.10, 0.00, 3.00)
[Drone drone] Target position: (0.15, 0.00, 3.00)
[Drone drone] Target position: (0.20, 0.00, 3.00)
[Drone drone] Target position: (0.25, 0.00, 3.00)
[Drone drone] Target position: (0.30, 0.00, 3.00)
[Drone drone] Target position: (0.35, 0.00, 3.00)
[Drone drone] Target position: (0.40, 0.00, 3.00)
[Drone drone] Target position: (0.45, 0.00, 3.00)
[Drone drone] Target position: (0.50, 0.00, 3.00)
[Drone drone] Target position: (0.55, 0.00, 3.00)
[Drone drone] Target position: (0.60, 0.00, 3.00)
[Drone drone] Target position: (0.65, 0.00, 3.00)
[Drone drone] Target position: (0.70, 0.00, 3.00)
[Drone drone] Target position: (0.75, 0.00, 3.00)
[Drone drone] Target position: (0.80, 0.00, 3.00)
[Drone drone] Target position: (0.85, 0.00, 3.00)
[Drone drone] Target position: (0.90, 0.00, 3.00)
[Drone drone] Target position: (0.95, 0.00, 3.00)
[Drone drone] Target position: (1.00, 0.00, 3.00)
[Drone drone] Target position: (1.05, 0.00, 3.00)
[Drone drone] Target position: (1.10, 0.00, 3.00)
[Drone drone] Target position: (1.15, 0.00, 3.00)
[Drone drone] Target position: (1.20, 0.00, 3.00)
[Drone drone] Target position: (1.25, 0.00, 3.00)
[Drone drone] Target position: (1.30, 0.00, 3.00)
[Drone drone] Target position: (1.35, 0.00, 3.00)
[Drone drone] Target position: (1.40, 0.00, 3.00)
[Drone drone] Target position: (1.45, 0.00, 3.00)
[Drone drone] Target position: (1.50, 0.00, 3.00)
[Drone drone] Target position: (1.55, 0.00, 3.00)
[Drone drone] Target position: (1.60, 0.00, 3.00)
[Drone drone] Target position: (1.65, 0.00, 3.00)
[Drone drone] Target position: (1.70, 0.00, 3.00)
[Drone drone] Target position: (1.75, 0.00, 3.00)
[Drone drone] Target position: (1.80, 0.00, 3.00)
[Drone drone] Target position: (1.85, 0.00, 3.00)
[Drone drone] Target position: (1.90, 0.00, 3.00)
[Drone drone] Target position: (1.95, 0.00, 3.00)
[Drone drone] Target position: (2.00, 0.00, 3.00)
[Drone drone] Target position: (2.05, 0.00, 3.00)
[Drone drone] Target position: (2.10, 0.00, 3.00)
[Drone drone] Target position: (2.15, 0.00, 3.00)
[Drone drone] Target position: (2.20, 0.00, 3.00)
[Drone drone] Target position: (2.25, 0.00, 3.00)
[Drone drone] Target position: (2.30, 0.00, 3.00)
[Drone drone] Target position: (2.35, 0.00, 3.00)
[Drone drone] Target position: (2.40, 0.00, 3.00)
[Drone drone] Target position: (2.45, 0.00, 3.00)
[Drone drone] Target position: (2.50, 0.00, 3.00)
[Drone drone] Target position: (2.55, 0.00, 3.00)
[Drone drone] Target position: (2.60, 0.00, 3.00)
[Drone drone] Target position: (2.65, 0.00, 3.00)
[Drone drone] Target position: (2.70, 0.00, 3.00)
[Drone drone] Target position: (2.75, 0.00, 3.00)
[Drone drone] Target position: (2.80, 0.00, 3.00)
[Drone drone] Target position: (2.85, 0.00, 3.00)
[Drone drone] Target position: (2.90, 0.00, 3.00)
[Drone drone] Target position: (2.95, 0.00, 3.00)
[Drone drone] Target position: (3.00, 0.00, 3.00)
[Drone drone] Target position: (3.05, 0.00, 3.00)
[Drone drone] Target position: (3.10, 0.00, 3.00)
[Drone drone] Target position: (3.15, 0.00, 3.00)
[Drone drone] Target position: (3.20, 0.00, 3.00)
[Drone drone] Target position: (3.25, 0.00, 3.00)
[Drone drone] Target position: (3.30, 0.00, 3.00)
[Drone drone] Target position: (3.35, 0.00, 3.00)
[Drone drone] Target position: (3.40, 0.00, 3.00)
[Drone drone] Target position: (3.45, 0.00, 3.00)
[Drone drone] Target position: (3.50, 0.00, 3.00)
[Drone drone] Target position: (3.55, 0.00, 3.00)
[Drone drone] Target position: (3.60, 0.00, 3.00)
[Drone drone] Target position: (3.65, 0.00, 3.00)
[Drone drone] Target position: (3.70, 0.00, 3.00)
[Drone drone] Target position: (3.75, 0.00, 3.00)
[Drone drone] Target position: (3.80, 0.00, 3.00)
[Drone drone] Target position: (3.85, 0.00, 3.00)
[Drone drone] Target position: (3.90, 0.00, 3.00)
[Drone drone] Target position: (3.95, 0.00, 3.00)
[Drone drone] Target position: (4.00, 0.00, 3.00)
[Drone drone] Target position: (4.05, 0.00, 3.00)
[Drone drone] Target position: (4.10, 0.00, 3.00)
[Drone drone] Target position: (4.15, 0.00, 3.00)
[Drone drone] Target position: (4.20, 0.00, 3.00)
[Drone drone] Target position: (4.25, 0.00, 3.00)
[Drone drone] Target position: (4.30, 0.00, 3.00)
[Drone drone] Target position: (4.35, 0.00, 3.00)
[Drone drone] Target position: (4.40, 0.00, 3.00)
[Drone drone] Target position: (4.45, 0.00, 3.00)
[Drone drone] Target position: (4.50, 0.00, 3.00)
[Drone drone] Target position: (4.55, 0.00, 3.00)
[Drone drone] Target position: (4.60, 0.00, 3.00)
[Drone drone] Target position: (4.65, 0.00, 3.00)
[Drone drone] Target position: (4.70, 0.00, 3.00)
[Drone drone] Target position: (4.75, 0.00, 3.00)
[Drone drone] Target position: (4.80, 0.00, 3.00)
[Drone drone] Target position: (4.85, 0.00, 3.00)
[Drone drone] Target position: (4.90, 0.00, 3.00)
[Drone drone] Target position: (4.95, 0.00, 3.00)
[Drone drone] Target position: (5.00, 0.00, 3.00)
[Drone drone] Target position: (5.05, 0.00, 3.00)
[Drone drone] Target position: (5.10, 0.00, 3.00)
[Drone drone] Target position: (5.15, 0.00, 3.00)
[Drone drone] Target position: (5.20, 0.00, 3.00)
[Drone drone] Target position: (5.25, 0.00, 3.00)
[Drone drone] Target position: (5.30, 0.00, 3.00)
[Drone drone] Target position: (5.35, 0.00, 3.00)
[Drone drone] Target position: (5.40, 0.00, 3.00)
[Drone drone] Target position: (5.45, 0.00, 3.00)
[Drone drone] Target position: (5.50, 0.00, 3.00)
[Drone drone] Target position: (5.55, 0.00, 3.00)
[Drone drone] Target position: (5.60, 0.00, 3.00)
[Drone drone] Target position: (5.65, 0.00, 3.00)
[Drone drone] Target position: (5.70, 0.00, 3.00)
[Drone drone] Target position: (5.75, 0.00, 3.00)
[Drone drone] Target position: (5.80, 0.00, 3.00)
[Drone drone] Target position: (5.85, 0.00, 3.00)
[Drone drone] Target position: (5.90, 0.00, 3.00)
[Drone drone] Target position: (5.95, 0.00, 3.00)
[Drone drone] Target position: (6.00, 0.00, 3.00)
[Drone drone] Target position: (6.05, 0.00, 3.00)
[Drone drone] Target position: (6.10, 0.00, 3.00)
[Drone drone] Target position: (6.15, 0.00, 3.00)
[Drone drone] Target position: (6.20, 0.00, 3.00)
[Drone drone] Target position: (6.25, 0.00, 3.00)
[Drone drone] Target position: (6.30, 0.00, 3.00)
[Drone drone] Target position: (6.35, 0.00, 3.00)
[Drone drone] Target position: (6.40, 0.00, 3.00)
[Drone drone] Target position: (6.45, 0.00, 3.00)
[Drone drone] Target position: (6.50, 0.00, 3.00)
[Drone drone] Target position: (6.55, 0.00, 3.00)
[Drone drone] Target position: (6.60, 0.00, 3.00)
[Drone drone] Target position: (6.65, 0.00, 3.00)
[Drone drone] Target position: (6.70, 0.00, 3.00)
[Drone drone] Target position: (6.75, 0.00, 3.00)
[Drone drone] Target position: (6.80, 0.00, 3.00)
[Drone drone] Target position: (6.85, 0.00, 3.00)
[Drone drone] Target position: (6.90, 0.00, 3.00)
[Drone drone] Target position: (6.95, 0.00, 3.00)
[Drone drone] Target position: (7.00, 0.00, 3.00)
[Drone drone] Target position: (7.05, 0.00, 3.00)
[Drone drone] Target position: (7.10, 0.00, 3.00)
[Drone drone] Target position: (7.15, 0.00, 3.00)
[Drone drone] Target position: (7.20, 0.00, 3.00)
[Drone drone] Target position: (7.25, 0.00, 3.00)
[Drone drone] Target position: (7.30, 0.00, 3.00)
[Drone drone] Target position: (7.35, 0.00, 3.00)
[Drone drone] Target position: (7.40, 0.00, 3.00)
[Drone drone] Target position: (7.45, 0.00, 3.00)
[Drone drone] Target position: (7.50, 0.00, 3.00)
[Drone drone] Target position: (7.55, 0.00, 3.00)
[Drone drone] Target position: (7.60, 0.00, 3.00)
[Drone drone] Target position: (7.65, 0.00, 3.00)
[Drone drone] Target position: (7.70, 0.00, 3.00)
[Drone drone] Target position: (7.75, 0.00, 3.00)
[Drone drone] Target position: (7.80, 0.00, 3.00)
[Drone drone] Target position: (7.85, 0.00, 3.00)
[Drone drone] Target position: (7.90, 0.00, 3.00)
[Drone drone] Target position: (7.95, 0.00, 3.00)
[Drone drone] Target position: (8.00, 0.00, 3.00)
[Drone drone] Target position: (8.05, 0.00, 3.00)
[Drone drone] Target position: (8.10, 0.00, 3.00)
[Drone drone] Target position: (8.15, 0.00, 3.00)
[Drone drone] Target position: (8.20, 0.00, 3.00)
[Drone drone] Target position: (8.25, 0.00, 3.00)
[Drone drone] Target position: (8.30, 0.00, 3.00)
[Drone drone] Target position: (8.35, 0.00, 3.00)
[Drone drone] Target position: (8.40, 0.00, 3.00)
[Drone drone] Target position: (8.45, 0.00, 3.00)
[Drone drone] Target position: (8.50, 0.00, 3.00)
[Drone drone] Target position: (8.55, 0.00, 3.00)
[Drone drone] Target position: (8.60, 0.00, 3.00)
[Drone drone] Target position: (8.65, 0.00, 3.00)
[Drone drone] Target position: (8.70, 0.00, 3.00)
[Drone drone] Target position: (8.75, 0.00, 3.00)
[Drone drone] Target position: (8.80, 0.00, 3.00)
[Drone drone] Target position: (8.85, 0.00, 3.00)
[Drone drone] Target position: (8.90, 0.00, 3.00)
[Drone drone] Target position: (8.95, 0.00, 3.00)
[Drone drone] Target position: (9.00, 0.00, 3.00)
[Drone drone] Target position: (9.05, 0.00, 3.00)
[Drone drone] Target position: (9.10, 0.00, 3.00)
[Drone drone] Target position: (9.15, 0.00, 3.00)
[Drone drone] Target position: (9.20, 0.00, 3.00)
[Drone drone] Target position: (9.25, 0.00, 3.00)
[Drone drone] Target position: (9.30, 0.00, 3.00)
[Drone drone] Target position: (9.35, 0.00, 3.00)
[Drone drone] Target position: (9.40, 0.00, 3.00)
[Drone drone] Target position: (9.45, 0.00, 3.00)
[Drone drone] Target position: (9.50, 0.00, 3.00)
[Drone drone] Target position: (9.55, 0.00, 3.00)
[Drone drone] Target position: (9.60, 0.00, 3.00)
[Drone drone] Target position: (9.65, 0.00, 3.00)
[Drone drone] Target position: (9.70, 0.00, 3.00)
[Drone drone] Target position: (9.75, 0.00, 3.00)
[Drone drone] Target position: (9.80, 0.00, 3.00)
[Drone drone] Target position: (9.85, 0.00, 3.00)
[Drone drone] Target position: (9.90, 0.00, 3.00)
[Drone drone] Target position: (9.95, 0.00, 3.00)
[Drone drone] Target position: (10.00, 0.00, 3.00)
[Drone drone] Target position: (10.00, 0.05, 3.00)
[Drone drone] Target position: (10.00, 0.10, 3.00)
[Drone drone] Target position: (10.00, 0.15, 3.00)
[Drone drone] Target position: (10.00, 0.20, 3.00)
[Drone drone] Target position: (10.00, 0.25, 3.00)
[Drone drone] Target position: (10.00, 0.30, 3.00)
[Drone drone] Target position: (10.00, 0.35, 3.00)
[Drone drone] Target position: (10.00, 0.40, 3.00)
[Drone drone] Target position: (10.00, 0.45, 3.00)
[Drone drone] Target position: (10.00, 0.50, 3.00)
[Drone drone] Target position: (10.00, 0.55, 3.00)
[Drone drone] Target position: (10.00, 0.60, 3.00)
[Drone drone] Target position: (10.00, 0.65, 3.00)
[Drone drone] Target position: (10.00, 0.70, 3.00)
[Drone drone] Target position: (10.00, 0.75, 3.00)
[Drone drone] Target position: (10.00, 0.80, 3.00)
[Drone drone] Target position: (10.00, 0.85, 3.00)
[Drone drone] Target position: (10.00, 0.90, 3.00)
[Drone drone] Target position: (10.00, 0.95, 3.00)
[Drone drone] Target position: (10.00, 1.00, 3.00)
[Drone drone] Target position: (10.00, 1.05, 3.00)
[Drone drone] Target position: (10.00, 1.10, 3.00)
[Drone drone] Target position: (10.00, 1.15, 3.00)
[Drone drone] Target position: (10.00, 1.20, 3.00)
[Drone drone] Target position: (10.00, 1.25, 3.00)
[Drone drone] Target position: (10.00, 1.30, 3.00)
[Drone drone] Target position: (10.00, 1.35, 3.00)
[Drone drone] Target position: (10.00, 1.40, 3.00)
[Drone drone] Target position: (10.00, 1.45, 3.00)
[Drone drone] Target position: (10.00, 1.50, 3.00)
[Drone drone] Target position: (10.00, 1.55, 3.00)
[Drone drone] Target position: (10.00, 1.60, 3.00)
[Drone drone] Target position: (10.00, 1.65, 3.00)
[Drone drone] Target position: (10.00, 1.70, 3.00)
[Drone drone] Target position: (10.00, 1.75, 3.00)
[Drone drone] Target position: (10.00, 1.80, 3.00)
[Drone drone] Target position: (10.00, 1.85, 3.00)
[Drone drone] Target position: (10.00, 1.90, 3.00)
[Drone drone] Target position: (10.00, 1.95, 3.00)
[Drone drone] Target position: (10.00, 2.00, 3.00)
[Drone drone] Target position: (9.95, 2.00, 3.00)
[Drone drone] Target position: (9.90, 2.00, 3.00)
[Drone drone] Target position: (9.85, 2.00, 3.00)
[Drone drone] Target position: (9.80, 2.00, 3.00)
[Drone drone] Target position: (9.75, 2.00, 3.00)
[Drone drone] Target position: (9.70, 2.00, 3.00)
[Drone drone] Target position: (9.65, 2.00, 3.00)
[Drone drone] Target position: (9.60, 2.00, 3.00)
[Drone drone] Target position: (9.55, 2.00, 3.00)
[Drone drone] Target position: (9.50, 2.00, 3.00)
[Drone drone] Target position: (9.45, 2.00, 3.00)
[Drone drone] Target position: (9.40, 2.00, 3.00)
[Drone drone] Target position: (9.35, 2.00, 3.00)
[Drone drone] Target position: (9.30, 2.00, 3.00)
[Drone drone] Target position: (9.25, 2.00, 3.00)
[Drone drone] Target position: (9.20, 2.00, 3.00)
[Drone drone] Target position: (9.15, 2.00, 3.00)
[Drone drone] Target position: (9.10, 2.00, 3.00)
[Drone drone] Target position: (9.05, 2.00, 3.00)
[Drone drone] Target position: (9.00, 2.00, 3.00)
[Drone drone] Target position: (8.95, 2.00, 3.00)
[Drone drone] Target position: (8.90, 2.00, 3.00)
[Drone drone] Target position: (8.85, 2.00, 3.00)
[Drone drone] Target position: (8.80, 2.00, 3.00)
[Drone drone] Target position: (8.75, 2.00, 3.00)
[Drone drone] Target position: (8.70, 2.00, 3.00)
[Drone drone] Target position: (8.65, 2.00, 3.00)
[Drone drone] Target position: (8.60, 2.00, 3.00)
[Drone drone] Target position: (8.55, 2.00, 3.00)
[Drone drone] Target position: (8.50, 2.00, 3.00)
[Drone drone] Target position: (8.45, 2.00, 3.00)
[Drone drone] Target position: (8.40, 2.00, 3.00)
[Drone drone] Target position: (8.35, 2.00, 3.00)
[Drone drone] Target position: (8.30, 2.00, 3.00)
[Drone drone] Target position: (8.25, 2.00, 3.00)
[Drone drone] Target position: (8.20, 2.00, 3.00)
[Drone drone] Target position: (8.15, 2.00, 3.00)
[Drone drone] Target position: (8.10, 2.00, 3.00)
[Drone drone] Target position: (8.05, 2.00, 3.00)
[Drone drone] Target position: (8.00, 2.00, 3.00)
[Drone drone] Target position: (7.95, 2.00, 3.00)
[Drone drone] Target position: (7.90, 2.00, 3.00)
[Drone drone] Target position: (7.85, 2.00, 3.00)
[Drone drone] Target position: (7.80, 2.00, 3.00)
[Drone drone] Target position: (7.75, 2.00, 3.00)
[Drone drone] Target position: (7.70, 2.00, 3.00)
[Drone drone] Target position: (7.65, 2.00, 3.00)
[Drone drone] Target position: (7.60, 2.00, 3.00)
[Drone drone] Target position: (7.55, 2.00, 3.00)
[Drone drone] Target position: (7.50, 2.00, 3.00)
[Drone drone] Target position: (7.45, 2.00, 3.00)
[Drone drone] Target position: (7.40, 2.00, 3.00)
[Drone drone] Target position: (7.35, 2.00, 3.00)
[Drone drone] Target position: (7.30, 2.00, 3.00)
[Drone drone] Target position: (7.25, 2.00, 3.00)
[Drone drone] Target position: (7.20, 2.00, 3.00)
[Drone drone] Target position: (7.15, 2.00, 3.00)
[Drone drone] Target position: (7.10, 2.00, 3.00)
[Drone drone] Target position: (7.05, 2.00, 3.00)
[Drone drone] Target position: (7.00, 2.00, 3.00)
[Drone drone] Target position: (6.95, 2.00, 3.00)
[Drone drone] Target position: (6.90, 2.00, 3.00)
[Drone drone] Target position: (6.85, 2.00, 3.00)
[Drone drone] Target position: (6.80, 2.00, 3.00)
[Drone drone] Target position: (6.75, 2.00, 3.00)
[Drone drone] Target position: (6.70, 2.00, 3.00)
[Drone drone] Target position: (6.65, 2.00, 3.00)
[Drone drone] Target position: (6.60, 2.00, 3.00)
[Drone drone] Target position: (6.55, 2.00, 3.00)
[Drone drone] Target position: (6.50, 2.00, 3.00)
[Drone drone] Target position: (6.45, 2.00, 3.00)
[Drone drone] Target position: (6.40, 2.00, 3.00)
[Drone drone] Target position: (6.35, 2.00, 3.00)
[Drone drone] Target position: (6.30, 2.00, 3.00)
[Drone drone] Target position: (6.25, 2.00, 3.00)
[Drone drone] Target position: (6.20, 2.00, 3.00)
[Drone drone] Target position: (6.15, 2.00, 3.00)
[Drone drone] Target position: (6.10, 2.00, 3.00)
[Drone drone] Target position: (6.05, 2.00, 3.00)
[Drone drone] Target position: (6.00, 2.00, 3.00)
[Drone drone] Target position: (5.95, 2.00, 3.00)
[Drone drone] Target position: (5.90, 2.00, 3.00)
[Drone drone] Target position: (5.85, 2.00, 3.00)
[Drone drone] Target position: (5.80, 2.00, 3.00)
[Drone drone] Target position: (5.75, 2.00, 3.00)
[Drone drone] Target position: (5.70, 2.00, 3.00)
[Drone drone] Target position: (5.65, 2.00, 3.00)
[Drone drone] Target position: (5.60, 2.00, 3.00)
[Drone drone] Target position: (5.55, 2.00, 3.00)
[Drone drone] Target position: (5.50, 2.00, 3.00)
[Drone drone] Target position: (5.45, 2.00, 3.00)
[Drone drone] Target position: (5.40, 2.00, 3.00)
[Drone drone] Target position: (5.35, 2.00, 3.00)
[Drone drone] Target position: (5.30, 2.00, 3.00)
[Drone drone] Target position: (5.25, 2.00, 3.00)
[Drone drone] Target position: (5.20, 2.00, 3.00)
[Drone drone] Target position: (5.15, 2.00, 3.00)
[Drone drone] Target position: (5.10, 2.00, 3.00)
[Drone drone] Target position: (5.05, 2.00, 3.00)
[Drone drone] Target position: (5.00, 2.00, 3.00)
[Drone drone] Target position: (4.95, 2.00, 3.00)
[Drone drone] Target position: (4.90, 2.00, 3.00)
[Drone drone] Target position: (4.85, 2.00, 3.00)
[Drone drone] Target position: (4.80, 2.00, 3.00)
[Drone drone] Target position: (4.75, 2.00, 3.00)
[Drone drone] Target position: (4.70, 2.00, 3.00)
[Drone drone] Target position: (4.65, 2.00, 3.00)
[Drone drone] Target position: (4.60, 2.00, 3.00)
[Drone drone] Target position: (4.55, 2.00, 3.00)
[Drone drone] Target position: (4.50, 2.00, 3.00)
[Drone drone] Target position: (4.45, 2.00, 3.00)
[Drone drone] Target position: (4.40, 2.00, 3.00)
[Drone drone] Target position: (4.35, 2.00, 3.00)
[Drone drone] Target position: (4.30, 2.00, 3.00)
[Drone drone] Target position: (4.25, 2.00, 3.00)
[Drone drone] Target position: (4.20, 2.00, 3.00)
[Drone drone] Target position: (4.15, 2.00, 3.00)
[Drone drone] Target position: (4.10, 2.00, 3.00)
[Drone drone] Target position: (4.05, 2.00, 3.00)
[Drone drone] Target position: (4.00, 2.00, 3.00)
[Drone drone] Target position: (3.95, 2.00, 3.00)
[Drone drone] Target position: (3.90, 2.00, 3.00)
[Drone drone] Target position: (3.85, 2.00, 3.00)
[Drone drone] Target position: (3.80, 2.00, 3.00)
[Drone drone] Target position: (3.75, 2.00, 3.00)
[Drone drone] Target position: (3.70, 2.00, 3.00)
[Drone drone] Target position: (3.65, 2.00, 3.00)
[Drone drone] Target position: (3.60, 2.00, 3.00)
[Drone drone] Target position: (3.55, 2.00, 3.00)
[Drone drone] Target position: (3.50, 2.00, 3.00)
[Drone drone] Target position: (3.45, 2.00, 3.00)
[Drone drone] Target position: (3.40, 2.00, 3.00)
[Drone drone] Target position: (3.35, 2.00, 3.00)
[Drone drone] Target position: (3.30, 2.00, 3.00)
[Drone drone] Target position: (3.25, 2.00, 3.00)
[Drone drone] Target position: (3.20, 2.00, 3.00)
[Drone drone] Target position: (3.15, 2.00, 3.00)
[Drone drone] Target position: (3.10, 2.00, 3.00)
[Drone drone] Target position: (3.05, 2.00, 3.00)
[Drone drone] Target position: (3.00, 2.00, 3.00)
[Drone drone] Target position: (2.95, 2.00, 3.00)
[Drone drone] Target position: (2.90, 2.00, 3.00)
[Drone drone] Target position: (2.85, 2.00, 3.00)
[Drone drone] Target position: (2.80, 2.00, 3.00)
[Drone drone] Target position: (2.75, 2.00, 3.00)
[Drone drone] Target position: (2.70, 2.00, 3.00)
[Drone drone] Target position: (2.65, 2.00, 3.00)
[Drone drone] Target position: (2.60, 2.00, 3.00)
[Drone drone] Target position: (2.55, 2.00, 3.00)
[Drone drone] Target position: (2.50, 2.00, 3.00)
[Drone drone] Target position: (2.45, 2.00, 3.00)
[Drone drone] Target position: (2.40, 2.00, 3.00)
[Drone drone] Target position: (2.35, 2.00, 3.00)
[Drone drone] Target position: (2.30, 2.00, 3.00)
[Drone drone] Target position: (2.25, 2.00, 3.00)
[Drone drone] Target position: (2.20, 2.00, 3.00)
[Drone drone] Target position: (2.15, 2.00, 3.00)
[Drone drone] Target position: (2.10, 2.00, 3.00)
[Drone drone] Target position: (2.05, 2.00, 3.00)
[Drone drone] Target position: (2.00, 2.00, 3.00)
[Drone drone] Target position: (1.95, 2.00, 3.00)
[Drone drone] Target position: (1.90, 2.00, 3.00)
[Drone drone] Target position: (1.85, 2.00, 3.00)
[Drone drone] Target position: (1.80, 2.00, 3.00)
[Drone drone] Target position: (1.75, 2.00, 3.00)
[Drone drone] Target position: (1.70, 2.00, 3.00)
[Drone drone] Target position: (1.65, 2.00, 3.00)
[Drone drone] Target position: (1.60, 2.00, 3.00)
[Drone drone] Target position: (1.55, 2.00, 3.00)
[Drone drone] Target position: (1.50, 2.00, 3.00)
[Drone drone] Target position: (1.45, 2.00, 3.00)
[Drone drone] Target position: (1.40, 2.00, 3.00)
[Drone drone] Target position: (1.35, 2.00, 3.00)
[Drone drone] Target position: (1.30, 2.00, 3.00)
[Drone drone] Target position: (1.25, 2.00, 3.00)
[Drone drone] Target position: (1.20, 2.00, 3.00)
[Drone drone] Target position: (1.15, 2.00, 3.00)
[Drone drone] Target position: (1.10, 2.00, 3.00)
[Drone drone] Target position: (1.05, 2.00, 3.00)
[Drone drone] Target position: (1.00, 2.00, 3.00)
[Drone drone] Target position: (0.95, 2.00, 3.00)
[Drone drone] Target position: (0.90, 2.00, 3.00)
[Drone drone] Target position: (0.85, 2.00, 3.00)
[Drone drone] Target position: (0.80, 2.00, 3.00)
[Drone drone] Target position: (0.75, 2.00, 3.00)
[Drone drone] Target position: (0.70, 2.00, 3.00)
[Drone drone] Target position: (0.65, 2.00, 3.00)
[Drone drone] Target position: (0.60, 2.00, 3.00)
[Drone drone] Target position: (0.55, 2.00, 3.00)
[Drone drone] Target position: (0.50, 2.00, 3.00)
[Drone drone] Target position: (0.45, 2.00, 3.00)
[Drone drone] Target position: (0.40, 2.00, 3.00)
[Drone drone] Target position: (0.35, 2.00, 3.00)
[Drone drone] Target position: (0.30, 2.00, 3.00)
[Drone drone] Target position: (0.25, 2.00, 3.00)
[Drone drone] Target position: (0.20, 2.00, 3.00)
[Drone drone] Target position: (0.15, 2.00, 3.00)
[Drone drone] Target position: (0.10, 2.00, 3.00)
[Drone drone] Target position: (0.05, 2.00, 3.00)
[Drone drone] Target position: (0.00, 2.00, 3.00)
[Drone drone] Target position: (0.00, 2.05, 3.00)
[Drone drone] Target position: (0.00, 2.10, 3.00)
[Drone drone] Target position: (0.00, 2.15, 3.00)
[Drone drone] Target position: (0.00, 2.20, 3.00)
[Drone drone] Target position: (0.00, 2.25, 3.00)
[Drone drone] Target position: (0.00, 2.30, 3.00)
[Drone drone] Target position: (0.00, 2.35, 3.00)
[Drone drone] Target position: (0.00, 2.40, 3.00)
[Drone drone] Target position: (0.00, 2.45, 3.00)
[Drone drone] Target position: (0.00, 2.50, 3.00)
[Drone drone] Target position: (0.00, 2.55, 3.00)
[Drone drone] Target position: (0.00, 2.60, 3.00)
[Drone drone] Target position: (0.00, 2.65, 3.00)
[Drone drone] Target position: (0.00, 2.70, 3.00)
[Drone drone] Target position: (0.00, 2.75, 3.00)
[Drone drone] Target position: (0.00, 2.80, 3.00)
[Drone drone] Target position: (0.00, 2.85, 3.00)
[Drone drone] Target position: (0.00, 2.90, 3.00)
[Drone drone] Target position: (0.00, 2.95, 3.00)
[Drone drone] Target position: (0.00, 3.00, 3.00)
[Drone drone] Target position: (0.00, 3.05, 3.00)
[Drone drone] Target position: (0.00, 3.10, 3.00)
[Drone drone] Target position: (0.00, 3.15, 3.00)
[Drone drone] Target position: (0.00, 3.20, 3.00)
[Drone drone] Target position: (0.00, 3.25, 3.00)
[Drone drone] Target position: (0.00, 3.30, 3.00)
[Drone drone] Target position: (0.00, 3.35, 3.00)
[Drone drone] Target position: (0.00, 3.40, 3.00)
[Drone drone] Target position: (0.00, 3.45, 3.00)
[Drone drone] Target position: (0.00, 3.50, 3.00)
[Drone drone] Target position: (0.00, 3.55, 3.00)
[Drone drone] Target position: (0.00, 3.60, 3.00)
[Drone drone] Target position: (0.00, 3.65, 3.00)
[Drone drone] Target position: (0.00, 3.70, 3.00)
[Drone drone] Target position: (0.00, 3.75, 3.00)
[Drone drone] Target position: (0.00, 3.80, 3.00)
[Drone drone] Target position: (0.00, 3.85, 3.00)
[Drone drone] Target position: (0.00, 3.90, 3.00)
[Drone drone] Target position: (0.00, 3.95, 3.00)
[Drone drone] Target position: (0.00, 4.00, 3.00)
[Drone drone] Target position: (0.05, 4.00, 3.00)
[Drone drone] Target position: (0.10, 4.00, 3.00)
[Drone drone] Target position: (0.15, 4.00, 3.00)
[Drone drone] Target position: (0.20, 4.00, 3.00)
[Drone drone] Target position: (0.25, 4.00, 3.00)
[Drone drone] Target position: (0.30, 4.00, 3.00)
[Drone drone] Target position: (0.35, 4.00, 3.00)
[Drone drone] Target position: (0.40, 4.00, 3.00)
[Drone drone] Target position: (0.45, 4.00, 3.00)
[Drone drone] Target position: (0.50, 4.00, 3.00)
[Drone drone] Target position: (0.55, 4.00, 3.00)
[Drone drone] Target position: (0.60, 4.00, 3.00)
[Drone drone] Target position: (0.65, 4.00, 3.00)
[Drone drone] Target position: (0.70, 4.00, 3.00)
[Drone drone] Target position: (0.75, 4.00, 3.00)
[Drone drone] Target position: (0.80, 4.00, 3.00)
[Drone drone] Target position: (0.85, 4.00, 3.00)
[Drone drone] Target position: (0.90, 4.00, 3.00)
[Drone drone] Target position: (0.95, 4.00, 3.00)
[Drone drone] Target position: (1.00, 4.00, 3.00)
[Drone drone] Target position: (1.05, 4.00, 3.00)
[Drone drone] Target position: (1.10, 4.00, 3.00)
[Drone drone] Target position: (1.15, 4.00, 3.00)
[Drone drone] Target position: (1.20, 4.00, 3.00)
[Drone drone] Target position: (1.25, 4.00, 3.00)
[Drone drone] Target position: (1.30, 4.00, 3.00)
[Drone drone] Target position: (1.35, 4.00, 3.00)
[Drone drone] Target position: (1.40, 4.00, 3.00)
[Drone drone] Target position: (1.45, 4.00, 3.00)
[Drone drone] Target position: (1.50, 4.00, 3.00)
[Drone drone] Target position: (1.55, 4.00, 3.00)
[Drone drone] Target position: (1.60, 4.00, 3.00)
[Drone drone] Target position: (1.65, 4.00, 3.00)
[Drone drone] Target position: (1.70, 4.00, 3.00)
[Drone drone] Target position: (1.75, 4.00, 3.00)
[Drone drone] Target position: (1.80, 4.00, 3.00)
[Drone drone] Target position: (1.85, 4.00, 3.00)
[Drone drone] Target position: (1.90, 4.00, 3.00)
[Drone drone] Target position: (1.95, 4.00, 3.00)
[Drone drone] Target position: (2.00, 4.00, 3.00)
[Drone drone] Target position: (2.05, 4.00, 3.00)
[Drone drone] Target position: (2.10, 4.00, 3.00)
[Drone drone] Target position: (2.15, 4.00, 3.00)
[Drone drone] Target position: (2.20, 4.00, 3.00)
[Drone drone] Target position: (2.25, 4.00, 3.00)
[Drone drone] Target position: (2.30, 4.00, 3.00)
[Drone drone] Target position: (2.35, 4.00, 3.00)
[Drone drone] Target position: (2.40, 4.00, 3.00)
[Drone drone] Target position: (2.45, 4.00, 3.00)
[Drone drone] Target position: (2.50, 4.00, 3.00)
[Drone drone] Target position: (2.55, 4.00, 3.00)
[Drone drone] Target position: (2.60, 4.00, 3.00)
[Drone drone] Target position: (2.65, 4.00, 3.00)
[Drone drone] Target position: (2.70, 4.00, 3.00)
[Drone drone] Target position: (2.75, 4.00, 3.00)
[Drone drone] Target position: (2.80, 4.00, 3.00)
[Drone drone] Target position: (2.85, 4.00, 3.00)
[Drone drone] Target position: (2.90, 4.00, 3.00)
[Drone drone] Target position: (2.95, 4.00, 3.00)
[Drone drone] Target position: (3.00, 4.00, 3.00)
[Drone drone] Target position: (3.05, 4.00, 3.00)
[Drone drone] Target position: (3.10, 4.00, 3.00)
[Drone drone] Target position: (3.15, 4.00, 3.00)
[Drone drone] Target position: (3.20, 4.00, 3.00)
[Drone drone] Target position: (3.25, 4.00, 3.00)
[Drone drone] Target position: (3.30, 4.00, 3.00)
[Drone drone] Target position: (3.35, 4.00, 3.00)
[Drone drone] Target position: (3.40, 4.00, 3.00)
[Drone drone] Target position: (3.45, 4.00, 3.00)
[Drone drone] Target position: (3.50, 4.00, 3.00)
[Drone drone] Target position: (3.55, 4.00, 3.00)
[Drone drone] Target position: (3.60, 4.00, 3.00)
[Drone drone] Target position: (3.65, 4.00, 3.00)
[Drone drone] Target position: (3.70, 4.00, 3.00)
[Drone drone] Target position: (3.75, 4.00, 3.00)
[Drone drone] Target position: (3.80, 4.00, 3.00)
[Drone drone] Target position: (3.85, 4.00, 3.00)
[Drone drone] Target position: (3.90, 4.00, 3.00)
[Drone drone] Target position: (3.95, 4.00, 3.00)
[Drone drone] Target position: (4.00, 4.00, 3.00)
[Drone drone] Target position: (4.05, 4.00, 3.00)
[Drone drone] Target position: (4.10, 4.00, 3.00)
[Drone drone] Target position: (4.15, 4.00, 3.00)
[Drone drone] Target position: (4.20, 4.00, 3.00)
[Drone drone] Target position: (4.25, 4.00, 3.00)
[Drone drone] Target position: (4.30, 4.00, 3.00)
[Drone drone] Target position: (4.35, 4.00, 3.00)
[Drone drone] Target position: (4.40, 4.00, 3.00)
[Drone drone] Target position: (4.45, 4.00, 3.00)
[Drone drone] Target position: (4.50, 4.00, 3.00)
[Drone drone] Target position: (4.55, 4.00, 3.00)
[Drone drone] Target position: (4.60, 4.00, 3.00)
[Drone drone] Target position: (4.65, 4.00, 3.00)
[Drone drone] Target position: (4.70, 4.00, 3.00)
[Drone drone] Target position: (4.75, 4.00, 3.00)
[Drone drone] Target position: (4.80, 4.00, 3.00)
[Drone drone] Target position: (4.85, 4.00, 3.00)
[Drone drone] Target position: (4.90, 4.00, 3.00)
[Drone drone] Target position: (4.95, 4.00, 3.00)
[Drone drone] Target position: (5.00, 4.00, 3.00)
[Drone drone] Target position: (5.05, 4.00, 3.00)
[Drone drone] Target position: (5.10, 4.00, 3.00)
[Drone drone] Target position: (5.15, 4.00, 3.00)
[Drone drone] Target position: (5.20, 4.00, 3.00)
[Drone drone] Target position: (5.25, 4.00, 3.00)
[Drone drone] Target position: (5.30, 4.00, 3.00)
[Drone drone] Target position: (5.35, 4.00, 3.00)
[Drone drone] Target position: (5.40, 4.00, 3.00)
[Drone drone] Target position: (5.45, 4.00, 3.00)
[Drone drone] Target position: (5.50, 4.00, 3.00)
[Drone drone] Target position: (5.55, 4.00, 3.00)
[Drone drone] Target position: (5.60, 4.00, 3.00)
[Drone drone] Target position: (5.65, 4.00, 3.00)
[Drone drone] Target position: (5.70, 4.00, 3.00)
[Drone drone] Target position: (5.75, 4.00, 3.00)
[Drone drone] Target position: (5.80, 4.00, 3.00)
[Drone drone] Target position: (5.85, 4.00, 3.00)
[Drone drone] Target position: (5.90, 4.00, 3.00)
[Drone drone] Target position: (5.95, 4.00, 3.00)
[Drone drone] Target position: (6.00, 4.00, 3.00)
[Drone drone] Target position: (6.05, 4.00, 3.00)
[Drone drone] Target position: (6.10, 4.00, 3.00)
[Drone drone] Target position: (6.15, 4.00, 3.00)
[Drone drone] Target position: (6.20, 4.00, 3.00)
[Drone drone] Target position: (6.25, 4.00, 3.00)
[Drone drone] Target position: (6.30, 4.00, 3.00)
[Drone drone] Target position: (6.35, 4.00, 3.00)
[Drone drone] Target position: (6.40, 4.00, 3.00)
[Drone drone] Target position: (6.45, 4.00, 3.00)
[Drone drone] Target position: (6.50, 4.00, 3.00)
[Drone drone] Target position: (6.55, 4.00, 3.00)
[Drone drone] Target position: (6.60, 4.00, 3.00)
[Drone drone] Target position: (6.65, 4.00, 3.00)
[Drone drone] Target position: (6.70, 4.00, 3.00)
[Drone drone] Target position: (6.75, 4.00, 3.00)
[Drone drone] Target position: (6.80, 4.00, 3.00)
[Drone drone] Target position: (6.85, 4.00, 3.00)
[Drone drone] Target position: (6.90, 4.00, 3.00)
[Drone drone] Target position: (6.95, 4.00, 3.00)
[Drone drone] Target position: (7.00, 4.00, 3.00)
[Drone drone] Target position: (7.05, 4.00, 3.00)
[Drone drone] Target position: (7.10, 4.00, 3.00)
[Drone drone] Target position: (7.15, 4.00, 3.00)
[Drone drone] Target position: (7.20, 4.00, 3.00)
[Drone drone] Target position: (7.25, 4.00, 3.00)
[Drone drone] Target position: (7.30, 4.00, 3.00)
[Drone drone] Target position: (7.35, 4.00, 3.00)
[Drone drone] Target position: (7.40, 4.00, 3.00)
[Drone drone] Target position: (7.45, 4.00, 3.00)
[Drone drone] Target position: (7.50, 4.00, 3.00)
[Drone drone] Target position: (7.55, 4.00, 3.00)
[Drone drone] Target position: (7.60, 4.00, 3.00)
[Drone drone] Target position: (7.65, 4.00, 3.00)
[Drone drone] Target position: (7.70, 4.00, 3.00)
[Drone drone] Target position: (7.75, 4.00, 3.00)
[Drone drone] Target position: (7.80, 4.00, 3.00)
[Drone drone] Target position: (7.85, 4.00, 3.00)
[Drone drone] Target position: (7.90, 4.00, 3.00)
[Drone drone] Target position: (7.95, 4.00, 3.00)
[Drone drone] Target position: (8.00, 4.00, 3.00)
[Drone drone] Target position: (8.05, 4.00, 3.00)
[Drone drone] Target position: (8.10, 4.00, 3.00)
[Drone drone] Target position: (8.15, 4.00, 3.00)
[Drone drone] Target position: (8.20, 4.00, 3.00)
[Drone drone] Target position: (8.25, 4.00, 3.00)
[Drone drone] Target position: (8.30, 4.00, 3.00)
[Drone drone] Target position: (8.35, 4.00, 3.00)
[Drone drone] Target position: (8.40, 4.00, 3.00)
[Drone drone] Target position: (8.45, 4.00, 3.00)
[Drone drone] Target position: (8.50, 4.00, 3.00)
[Drone drone] Target position: (8.55, 4.00, 3.00)
[Drone drone] Target position: (8.60, 4.00, 3.00)
[Drone drone] Target position: (8.65, 4.00, 3.00)
[Drone drone] Target position: (8.70, 4.00, 3.00)
[Drone drone] Target position: (8.75, 4.00, 3.00)
[Drone drone] Target position: (8.80, 4.00, 3.00)
[Drone drone] Target position: (8.85, 4.00, 3.00)
[Drone drone] Target position: (8.90, 4.00, 3.00)
[Drone drone] Target position: (8.95, 4.00, 3.00)
[Drone drone] Target position: (9.00, 4.00, 3.00)
[Drone drone] Target position: (9.05, 4.00, 3.00)
[Drone drone] Target position: (9.10, 4.00, 3.00)
[Drone drone] Target position: (9.15, 4.00, 3.00)
[Drone drone] Target position: (9.20, 4.00, 3.00)
[Drone drone] Target position: (9.25, 4.00, 3.00)
[Drone drone] Target position: (9.30, 4.00, 3.00)
[Drone drone] Target position: (9.35, 4.00, 3.00)
[Drone drone] Target position: (9.40, 4.00, 3.00)
[Drone drone] Target position: (9.45, 4.00, 3.00)
[Drone drone] Target position: (9.50, 4.00, 3.00)
[Drone drone] Target position: (9.55, 4.00, 3.00)
[Drone drone] Target position: (9.60, 4.00, 3.00)
[Drone drone] Target position: (9.65, 4.00, 3.00)
[Drone drone] Target position: (9.70, 4.00, 3.00)
[Drone drone] Target position: (9.75, 4.00, 3.00)
[Drone drone] Target position: (9.80, 4.00, 3.00)
[Drone drone] Target position: (9.85, 4.00, 3.00)
[Drone drone] Target position: (9.90, 4.00, 3.00)
[Drone drone] Target position: (9.95, 4.00, 3.00)
[Drone drone] Target position: (10.00, 4.00, 3.00)
[Drone drone] Target position: (10.00, 4.05, 3.00)
[Drone drone] Target position: (10.00, 4.10, 3.00)
[Drone drone] Target position: (10.00, 4.15, 3.00)
[Drone drone] Target position: (10.00, 4.20, 3.00)
[Drone drone] Target position: (10.00, 4.25, 3.00)
[Drone drone] Target position: (10.00, 4.30, 3.00)
[Drone drone] Target position: (10.00, 4.35, 3.00)
[Drone drone] Target position: (10.00, 4.40, 3.00)
[Drone drone] Target position: (10.00, 4.45, 3.00)
[Drone drone] Target position: (10.00, 4.50, 3.00)
[Drone drone] Target position: (10.00, 4.55, 3.00)
[Drone drone] Target position: (10.00, 4.60, 3.00)
[Drone drone] Target position: (10.00, 4.65, 3.00)
[Drone drone] Target position: (10.00, 4.70, 3.00)
[Drone drone] Target position: (10.00, 4.75, 3.00)
[Drone drone] Target position: (10.00, 4.80, 3.00)
[Drone drone] Target position: (10.00, 4.85, 3.00)
[Drone drone] Target position: (10.00, 4.90, 3.00)
[Drone drone] Target position: (10.00, 4.95, 3.00)
[Drone drone] Target position: (10.00, 5.00, 3.00)
[Drone drone] Target position: (10.00, 5.05, 3.00)
[Drone drone] Target position: (10.00, 5.10, 3.00)
[Drone drone] Target position: (10.00, 5.15, 3.00)
[Drone drone] Target position: (10.00, 5.20, 3.00)
[Drone drone] Target position: (10.00, 5.25, 3.00)
[Drone drone] Target position: (10.00, 5.30, 3.00)
[Drone drone] Target position: (10.00, 5.35, 3.00)
[Drone drone] Target position: (10.00, 5.40, 3.00)
[Drone drone] Target position: (10.00, 5.45, 3.00)
[Drone drone] Target position: (10.00, 5.50, 3.00)
[Drone drone] Target position: (10.00, 5.55, 3.00)
[Drone drone] Target position: (10.00, 5.60, 3.00)
[Drone drone] Target position: (10.00, 5.65, 3.00)
[Drone drone] Target position: (10.00, 5.70, 3.00)
[Drone drone] Target position: (10.00, 5.75, 3.00)
[Drone drone] Target position: (10.00, 5.80, 3.00)
[Drone drone] Target position: (10.00, 5.85, 3.00)
[Drone drone] Target position: (10.00, 5.90, 3.00)
[Drone drone] Target position: (10.00, 5.95, 3.00)
[Drone drone] Target position: (10.00, 6.00, 3.00)
[Drone drone] Target position: (9.95, 6.00, 3.00)
[Drone drone] Target position: (9.90, 6.00, 3.00)
[Drone drone] Target position: (9.85, 6.00, 3.00)
[Drone drone] Target position: (9.80, 6.00, 3.00)
[Drone drone] Target position: (9.75, 6.00, 3.00)
[Drone drone] Target position: (9.70, 6.00, 3.00)
[Drone drone] Target position: (9.65, 6.00, 3.00)
[Drone drone] Target position: (9.60, 6.00, 3.00)
[Drone drone] Target position: (9.55, 6.00, 3.00)
[Drone drone] Target position: (9.50, 6.00, 3.00)
[Drone drone] Target position: (9.45, 6.00, 3.00)
[Drone drone] Target position: (9.40, 6.00, 3.00)
[Drone drone] Target position: (9.35, 6.00, 3.00)
[Drone drone] Target position: (9.30, 6.00, 3.00)
[Drone drone] Target position: (9.25, 6.00, 3.00)
[Drone drone] Target position: (9.20, 6.00, 3.00)
[Drone drone] Target position: (9.15, 6.00, 3.00)
[Drone drone] Target position: (9.10, 6.00, 3.00)
[Drone drone] Target position: (9.05, 6.00, 3.00)
[Drone drone] Target position: (9.00, 6.00, 3.00)
[Drone drone] Target position: (8.95, 6.00, 3.00)
[Drone drone] Target position: (8.90, 6.00, 3.00)
[Drone drone] Target position: (8.85, 6.00, 3.00)
[Drone drone] Target position: (8.80, 6.00, 3.00)
[Drone drone] Target position: (8.75, 6.00, 3.00)
[Drone drone] Target position: (8.70, 6.00, 3.00)
[Drone drone] Target position: (8.65, 6.00, 3.00)
[Drone drone] Target position: (8.60, 6.00, 3.00)
[Drone drone] Target position: (8.55, 6.00, 3.00)
[Drone drone] Target position: (8.50, 6.00, 3.00)
[Drone drone] Target position: (8.45, 6.00, 3.00)
[Drone drone] Target position: (8.40, 6.00, 3.00)
[Drone drone] Target position: (8.35, 6.00, 3.00)
[Drone drone] Target position: (8.30, 6.00, 3.00)
[Drone drone] Target position: (8.25, 6.00, 3.00)
[Drone drone] Target position: (8.20, 6.00, 3.00)
[Drone drone] Target position: (8.15, 6.00, 3.00)
[Drone drone] Target position: (8.10, 6.00, 3.00)
[Drone drone] Target position: (8.05, 6.00, 3.00)
[Drone drone] Target position: (8.00, 6.00, 3.00)
[Drone drone] Target position: (7.95, 6.00, 3.00)
[Drone drone] Target position: (7.90, 6.00, 3.00)
[Drone drone] Target position: (7.85, 6.00, 3.00)
[Drone drone] Target position: (7.80, 6.00, 3.00)
[Drone drone] Target position: (7.75, 6.00, 3.00)
[Drone drone] Target position: (7.70, 6.00, 3.00)
[Drone drone] Target position: (7.65, 6.00, 3.00)
[Drone drone] Target position: (7.60, 6.00, 3.00)
[Drone drone] Target position: (7.55, 6.00, 3.00)
[Drone drone] Target position: (7.50, 6.00, 3.00)
[Drone drone] Target position: (7.45, 6.00, 3.00)
[Drone drone] Target position: (7.40, 6.00, 3.00)
[Drone drone] Target position: (7.35, 6.00, 3.00)
[Drone drone] Target position: (7.30, 6.00, 3.00)
[Drone drone] Target position: (7.25, 6.00, 3.00)
[Drone drone] Target position: (7.20, 6.00, 3.00)
[Drone drone] Target position: (7.15, 6.00, 3.00)
[Drone drone] Target position: (7.10, 6.00, 3.00)
[Drone drone] Target position: (7.05, 6.00, 3.00)
[Drone drone] Target position: (7.00, 6.00, 3.00)
[Drone drone] Target position: (6.95, 6.00, 3.00)
[Drone drone] Target position: (6.90, 6.00, 3.00)
[Drone drone] Target position: (6.85, 6.00, 3.00)
[Drone drone] Target position: (6.80, 6.00, 3.00)
[Drone drone] Target position: (6.75, 6.00, 3.00)
[Drone drone] Target position: (6.70, 6.00, 3.00)
[Drone drone] Target position: (6.65, 6.00, 3.00)
[Drone drone] Target position: (6.60, 6.00, 3.00)
[Drone drone] Target position: (6.55, 6.00, 3.00)
[Drone drone] Target position: (6.50, 6.00, 3.00)
[Drone drone] Target position: (6.45, 6.00, 3.00)
[Drone drone] Target position: (6.40, 6.00, 3.00)
[Drone drone] Target position: (6.35, 6.00, 3.00)
[Drone drone] Target position: (6.30, 6.00, 3.00)
[Drone drone] Target position: (6.25, 6.00, 3.00)
[Drone drone] Target position: (6.20, 6.00, 3.00)
[Drone drone] Target position: (6.15, 6.00, 3.00)
[Drone drone] Target position: (6.10, 6.00, 3.00)
[Drone drone] Target position: (6.05, 6.00, 3.00)
[Drone drone] Target position: (6.00, 6.00, 3.00)
[Drone drone] Target position: (5.95, 6.00, 3.00)
[Drone drone] Target position: (5.90, 6.00, 3.00)
[Drone drone] Target position: (5.85, 6.00, 3.00)
[Drone drone] Target position: (5.80, 6.00, 3.00)
[Drone drone] Target position: (5.75, 6.00, 3.00)
[Drone drone] Target position: (5.70, 6.00, 3.00)
[Drone drone] Target position: (5.65, 6.00, 3.00)
[Drone drone] Target position: (5.60, 6.00, 3.00)
[Drone drone] Target position: (5.55, 6.00, 3.00)
[Drone drone] Target position: (5.50, 6.00, 3.00)
[Drone drone] Target position: (5.45, 6.00, 3.00)
[Drone drone] Target position: (5.40, 6.00, 3.00)
[Drone drone] Target position: (5.35, 6.00, 3.00)
[Drone drone] Target position: (5.30, 6.00, 3.00)
[Drone drone] Target position: (5.25, 6.00, 3.00)
[Drone drone] Target position: (5.20, 6.00, 3.00)
[Drone drone] Target position: (5.15, 6.00, 3.00)
[Drone drone] Target position: (5.10, 6.00, 3.00)
[Drone drone] Target position: (5.05, 6.00, 3.00)
[Drone drone] Target position: (5.00, 6.00, 3.00)
[Drone drone] Target position: (4.95, 6.00, 3.00)
[Drone drone] Target position: (4.90, 6.00, 3.00)
[Drone drone] Target position: (4.85, 6.00, 3.00)
[Drone drone] Target position: (4.80, 6.00, 3.00)
[Drone drone] Target position: (4.75, 6.00, 3.00)
[Drone drone] Target position: (4.70, 6.00, 3.00)
[Drone drone] Target position: (4.65, 6.00, 3.00)
[Drone drone] Target position: (4.60, 6.00, 3.00)
[Drone drone] Target position: (4.55, 6.00, 3.00)
[Drone drone] Target position: (4.50, 6.00, 3.00)
[Drone drone] Target position: (4.45, 6.00, 3.00)
[Drone drone] Target position: (4.40, 6.00, 3.00)
[Drone drone] Target position: (4.35, 6.00, 3.00)
[Drone drone] Target position: (4.30, 6.00, 3.00)
[Drone drone] Target position: (4.25, 6.00, 3.00)
[Drone drone] Target position: (4.20, 6.00, 3.00)
[Drone drone] Target position: (4.15, 6.00, 3.00)
[Drone drone] Target position: (4.10, 6.00, 3.00)
[Drone drone] Target position: (4.05, 6.00, 3.00)
[Drone drone] Target position: (4.00, 6.00, 3.00)
[Drone drone] Target position: (3.95, 6.00, 3.00)
[Drone drone] Target position: (3.90, 6.00, 3.00)
[Drone drone] Target position: (3.85, 6.00, 3.00)
[Drone drone] Target position: (3.80, 6.00, 3.00)
[Drone drone] Target position: (3.75, 6.00, 3.00)
[Drone drone] Target position: (3.70, 6.00, 3.00)
[Drone drone] Target position: (3.65, 6.00, 3.00)
[Drone drone] Target position: (3.60, 6.00, 3.00)
[Drone drone] Target position: (3.55, 6.00, 3.00)
[Drone drone] Target position: (3.50, 6.00, 3.00)
[Drone drone] Target position: (3.45, 6.00, 3.00)
[Drone drone] Target position: (3.40, 6.00, 3.00)
[Drone drone] Target position: (3.35, 6.00, 3.00)
[Drone drone] Target position: (3.30, 6.00, 3.00)
[Drone drone] Target position: (3.25, 6.00, 3.00)
[Drone drone] Target position: (3.20, 6.00, 3.00)
[Drone drone] Target position: (3.15, 6.00, 3.00)
[Drone drone] Target position: (3.10, 6.00, 3.00)
[Drone drone] Target position: (3.05, 6.00, 3.00)
[Drone drone] Target position: (3.00, 6.00, 3.00)
[Drone drone] Target position: (2.95, 6.00, 3.00)
[Drone drone] Target position: (2.90, 6.00, 3.00)
[Drone drone] Target position: (2.85, 6.00, 3.00)
[Drone drone] Target position: (2.80, 6.00, 3.00)
[Drone drone] Target position: (2.75, 6.00, 3.00)
[Drone drone] Target position: (2.70, 6.00, 3.00)
[Drone drone] Target position: (2.65, 6.00, 3.00)
[Drone drone] Target position: (2.60, 6.00, 3.00)
[Drone drone] Target position: (2.55, 6.00, 3.00)
[Drone drone] Target position: (2.50, 6.00, 3.00)
[Drone drone] Target position: (2.45, 6.00, 3.00)
[Drone drone] Target position: (2.40, 6.00, 3.00)
[Drone drone] Target position: (2.35, 6.00, 3.00)
[Drone drone] Target position: (2.30, 6.00, 3.00)
[Drone drone] Target position: (2.25, 6.00, 3.00)
[Drone drone] Target position: (2.20, 6.00, 3.00)
[Drone drone] Target position: (2.15, 6.00, 3.00)
[Drone drone] Target position: (2.10, 6.00, 3.00)
[Drone drone] Target position: (2.05, 6.00, 3.00)
[Drone drone] Target position: (2.00, 6.00, 3.00)
[Drone drone] Target position: (1.95, 6.00, 3.00)
[Drone drone] Target position: (1.90, 6.00, 3.00)
[Drone drone] Target position: (1.85, 6.00, 3.00)
[Drone drone] Target position: (1.80, 6.00, 3.00)
[Drone drone] Target position: (1.75, 6.00, 3.00)
[Drone drone] Target position: (1.70, 6.00, 3.00)
[Drone drone] Target position: (1.65, 6.00, 3.00)
[Drone drone] Target position: (1.60, 6.00, 3.00)
[Drone drone] Target position: (1.55, 6.00, 3.00)
[Drone drone] Target position: (1.50, 6.00, 3.00)
[Drone drone] Target position: (1.45, 6.00, 3.00)
[Drone drone] Target position: (1.40, 6.00, 3.00)
[Drone drone] Target position: (1.35, 6.00, 3.00)
[Drone drone] Target position: (1.30, 6.00, 3.00)
[Drone drone] Target position: (1.25, 6.00, 3.00)
[Drone drone] Target position: (1.20, 6.00, 3.00)
[Drone drone] Target position: (1.15, 6.00, 3.00)
[Drone drone] Target position: (1.10, 6.00, 3.00)
[Drone drone] Target position: (1.05, 6.00, 3.00)
[Drone drone] Target position: (1.00, 6.00, 3.00)
[Drone drone] Target position: (0.95, 6.00, 3.00)
[Drone drone] Target position: (0.90, 6.00, 3.00)
[Drone drone] Target position: (0.85, 6.00, 3.00)
[Drone drone] Target position: (0.80, 6.00, 3.00)
[Drone drone] Target position: (0.75, 6.00, 3.00)
[Drone drone] Target position: (0.70, 6.00, 3.00)
[Drone drone] Target position: (0.65, 6.00, 3.00)
[Drone drone] Target position: (0.60, 6.00, 3.00)
[Drone drone] Target position: (0.55, 6.00, 3.00)
[Drone drone] Target position: (0.50, 6.00, 3.00)
[Drone drone] Target position: (0.45, 6.00, 3.00)
[Drone drone] Target position: (0.40, 6.00, 3.00)
[Drone drone] Target position: (0.35, 6.00, 3.00)
[Drone drone] Target position: (0.30, 6.00, 3.00)
[Drone drone] Target position: (0.25, 6.00, 3.00)
[Drone drone] Target position: (0.20, 6.00, 3.00)
[Drone drone] Target position: (0.15, 6.00, 3.00)
[Drone drone] Target position: (0.10, 6.00, 3.00)
[Drone drone] Target position: (0.05, 6.00, 3.00)
[Drone drone] Target position: (0.00, 6.00, 3.00)
[Drone drone] Target position: (0.00, 6.05, 3.00)
[Drone drone] Target position: (0.00, 6.10, 3.00)
[Drone drone] Target position: (0.00, 6.15, 3.00)
[Drone drone] Target position: (0.00, 6.20, 3.00)
[Drone drone] Target position: (0.00, 6.25, 3.00)
[Drone drone] Target position: (0.00, 6.30, 3.00)
[Drone drone] Target position: (0.00, 6.35, 3.00)
[Drone drone] Target position: (0.00, 6.40, 3.00)
[Drone drone] Target position: (0.00, 6.45, 3.00)
[Drone drone] Target position: (0.00, 6.50, 3.00)
[Drone drone] Target position: (0.00, 6.55, 3.00)
[Drone drone] Target position: (0.00, 6.60, 3.00)
[Drone drone] Target position: (0.00, 6.65, 3.00)
[Drone drone] Target position: (0.00, 6.70, 3.00)
[Drone drone] Target position: (0.00, 6.75, 3.00)
[Drone drone] Target position: (0.00, 6.80, 3.00)
[Drone drone] Target position: (0.00, 6.85, 3.00)
[Drone drone] Target position: (0.00, 6.90, 3.00)
[Drone drone] Target position: (0.00, 6.95, 3.00)
[Drone drone] Target position: (0.00, 7.00, 3.00)
[Drone drone] Target position: (0.00, 7.05, 3.00)
[Drone drone] Target position: (0.00, 7.10, 3.00)
[Drone drone] Target position: (0.00, 7.15, 3.00)
[Drone drone] Target position: (0.00, 7.20, 3.00)
[Drone drone] Target position: (0.00, 7.25, 3.00)
[Drone drone] Target position: (0.00, 7.30, 3.00)
[Drone drone] Target position: (0.00, 7.35, 3.00)
[Drone drone] Target position: (0.00, 7.40, 3.00)
[Drone drone] Target position: (0.00, 7.45, 3.00)
[Drone drone] Target position: (0.00, 7.50, 3.00)
[Drone drone] Target position: (0.00, 7.55, 3.00)
[Drone drone] Target position: (0.00, 7.60, 3.00)
[Drone drone] Target position: (0.00, 7.65, 3.00)
[Drone drone] Target position: (0.00, 7.70, 3.00)
[Drone drone] Target position: (0.00, 7.75, 3.00)
[Drone drone] Target position: (0.00, 7.80, 3.00)
[Drone drone] Target position: (0.00, 7.85, 3.00)
[Drone drone] Target position: (0.00, 7.90, 3.00)
[Drone drone] Target position: (0.00, 7.95, 3.00)
[Drone drone] Target position: (0.00, 8.00, 3.00)
[Drone drone] Target position: (0.05, 8.00, 3.00)
[Drone drone] Target position: (0.10, 8.00, 3.00)
[Drone drone] Target position: (0.15, 8.00, 3.00)
[Drone drone] Target position: (0.20, 8.00, 3.00)
[Drone drone] Target position: (0.25, 8.00, 3.00)
[Drone drone] Target position: (0.30, 8.00, 3.00)
[Drone drone] Target position: (0.35, 8.00, 3.00)
[Drone drone] Target position: (0.40, 8.00, 3.00)
[Drone drone] Target position: (0.45, 8.00, 3.00)
[Drone drone] Target position: (0.50, 8.00, 3.00)
[Drone drone] Target position: (0.55, 8.00, 3.00)
[Drone drone] Target position: (0.60, 8.00, 3.00)
[Drone drone] Target position: (0.65, 8.00, 3.00)
[Drone drone] Target position: (0.70, 8.00, 3.00)
[Drone drone] Target position: (0.75, 8.00, 3.00)
[Drone drone] Target position: (0.80, 8.00, 3.00)
[Drone drone] Target position: (0.85, 8.00, 3.00)
[Drone drone] Target position: (0.90, 8.00, 3.00)
[Drone drone] Target position: (0.95, 8.00, 3.00)
[Drone drone] Target position: (1.00, 8.00, 3.00)
[Drone drone] Target position: (1.05, 8.00, 3.00)
[Drone drone] Target position: (1.10, 8.00, 3.00)
[Drone drone] Target position: (1.15, 8.00, 3.00)
[Drone drone] Target position: (1.20, 8.00, 3.00)
[Drone drone] Target position: (1.25, 8.00, 3.00)
[Drone drone] Target position: (1.30, 8.00, 3.00)
[Drone drone] Target position: (1.35, 8.00, 3.00)
[Drone drone] Target position: (1.40, 8.00, 3.00)
[Drone drone] Target position: (1.45, 8.00, 3.00)
[Drone drone] Target position: (1.50, 8.00, 3.00)
[Drone drone] Target position: (1.55, 8.00, 3.00)
[Drone drone] Target position: (1.60, 8.00, 3.00)
[Drone drone] Target position: (1.65, 8.00, 3.00)
[Drone drone] Target position: (1.70, 8.00, 3.00)
[Drone drone] Target position: (1.75, 8.00, 3.00)
[Drone drone] Target position: (1.80, 8.00, 3.00)
[Drone drone] Target position: (1.85, 8.00, 3.00)
[Drone drone] Target position: (1.90, 8.00, 3.00)
[Drone drone] Target position: (1.95, 8.00, 3.00)
[Drone drone] Target position: (2.00, 8.00, 3.00)
[Drone drone] Target position: (2.05, 8.00, 3.00)
[Drone drone] Target position: (2.10, 8.00, 3.00)
[Drone drone] Target position: (2.15, 8.00, 3.00)
[Drone drone] Target position: (2.20, 8.00, 3.00)
[Drone drone] Target position: (2.25, 8.00, 3.00)
[Drone drone] Target position: (2.30, 8.00, 3.00)
[Drone drone] Target position: (2.35, 8.00, 3.00)
[Drone drone] Target position: (2.40, 8.00, 3.00)
[Drone drone] Target position: (2.45, 8.00, 3.00)
[Drone drone] Target position: (2.50, 8.00, 3.00)
[Drone drone] Target position: (2.55, 8.00, 3.00)
[Drone drone] Target position: (2.60, 8.00, 3.00)
[Drone drone] Target position: (2.65, 8.00, 3.00)
[Drone drone] Target position: (2.70, 8.00, 3.00)
[Drone drone] Target position: (2.75, 8.00, 3.00)
[Drone drone] Target position: (2.80, 8.00, 3.00)
[Drone drone] Target position: (2.85, 8.00, 3.00)
[Drone drone] Target position: (2.90, 8.00, 3.00)
[Drone drone] Target position: (2.95, 8.00, 3.00)
[Drone drone] Target position: (3.00, 8.00, 3.00)
[Drone drone] Target position: (3.05, 8.00, 3.00)
[Drone drone] Target position: (3.10, 8.00, 3.00)
[Drone drone] Target position: (3.15, 8.00, 3.00)
[Drone drone] Target position: (3.20, 8.00, 3.00)
[Drone drone] Target position: (3.25, 8.00, 3.00)
[Drone drone] Target position: (3.30, 8.00, 3.00)
[Drone drone] Target position: (3.35, 8.00, 3.00)
[Drone drone] Target position: (3.40, 8.00, 3.00)
[Drone drone] Target position: (3.45, 8.00, 3.00)
[Drone drone] Target position: (3.50, 8.00, 3.00)
[Drone drone] Target position: (3.55, 8.00, 3.00)
[Drone drone] Target position: (3.60, 8.00, 3.00)
[Drone drone] Target position: (3.65, 8.00, 3.00)
[Drone drone] Target position: (3.70, 8.00, 3.00)
[Drone drone] Target position: (3.75, 8.00, 3.00)
[Drone drone] Target position: (3.80, 8.00, 3.00)
[Drone drone] Target position: (3.85, 8.00, 3.00)
[Drone drone] Target position: (3.90, 8.00, 3.00)
[Drone drone] Target position: (3.95, 8.00, 3.00)
[Drone drone] Target position: (4.00, 8.00, 3.00)
[Drone drone] Target position: (4.05, 8.00, 3.00)
[Drone drone] Target position: (4.10, 8.00, 3.00)
[Drone drone] Target position: (4.15, 8.00, 3.00)
[Drone drone] Target position: (4.20, 8.00, 3.00)
[Drone drone] Target position: (4.25, 8.00, 3.00)
[Drone drone] Target position: (4.30, 8.00, 3.00)
[Drone drone] Target position: (4.35, 8.00, 3.00)
[Drone drone] Target position: (4.40, 8.00, 3.00)
[Drone drone] Target position: (4.45, 8.00, 3.00)
[Drone drone] Target position: (4.50, 8.00, 3.00)
[Drone drone] Target position: (4.55, 8.00, 3.00)
[Drone drone] Target position: (4.60, 8.00, 3.00)
[Drone drone] Target position: (4.65, 8.00, 3.00)
[Drone drone] Target position: (4.70, 8.00, 3.00)
[Drone drone] Target position: (4.75, 8.00, 3.00)
[Drone drone] Target position: (4.80, 8.00, 3.00)
[Drone drone] Target position: (4.85, 8.00, 3.00)
[Drone drone] Target position: (4.90, 8.00, 3.00)
[Drone drone] Target position: (4.95, 8.00, 3.00)
[Drone drone] Target position: (5.00, 8.00, 3.00)
[Drone drone] Target position: (5.05, 8.00, 3.00)
[Drone drone] Target position: (5.10, 8.00, 3.00)
[Drone drone] Target position: (5.15, 8.00, 3.00)
[Drone drone] Target position: (5.20, 8.00, 3.00)
[Drone drone] Target position: (5.25, 8.00, 3.00)
[Drone drone] Target position: (5.30, 8.00, 3.00)
[Drone drone] Target position: (5.35, 8.00, 3.00)
[Drone drone] Target position: (5.40, 8.00, 3.00)
[Drone drone] Target position: (5.45, 8.00, 3.00)
[Drone drone] Target position: (5.50, 8.00, 3.00)
[Drone drone] Target position: (5.55, 8.00, 3.00)
[Drone drone] Target position: (5.60, 8.00, 3.00)
[Drone drone] Target position: (5.65, 8.00, 3.00)
[Drone drone] Target position: (5.70, 8.00, 3.00)
[Drone drone] Target position: (5.75, 8.00, 3.00)
[Drone drone] Target position: (5.80, 8.00, 3.00)
[Drone drone] Target position: (5.85, 8.00, 3.00)
[Drone drone] Target position: (5.90, 8.00, 3.00)
[Drone drone] Target position: (5.95, 8.00, 3.00)
[Drone drone] Target position: (6.00, 8.00, 3.00)
[Drone drone] Target position: (6.05, 8.00, 3.00)
[Drone drone] Target position: (6.10, 8.00, 3.00)
[Drone drone] Target position: (6.15, 8.00, 3.00)
[Drone drone] Target position: (6.20, 8.00, 3.00)
[Drone drone] Target position: (6.25, 8.00, 3.00)
[Drone drone] Target position: (6.30, 8.00, 3.00)
[Drone drone] Target position: (6.35, 8.00, 3.00)
[Drone drone] Target position: (6.40, 8.00, 3.00)
[Drone drone] Target position: (6.45, 8.00, 3.00)
[Drone drone] Target position: (6.50, 8.00, 3.00)
[Drone drone] Target position: (6.55, 8.00, 3.00)
[Drone drone] Target position: (6.60, 8.00, 3.00)
[Drone drone] Target position: (6.65, 8.00, 3.00)
[Drone drone] Target position: (6.70, 8.00, 3.00)
[Drone drone] Target position: (6.75, 8.00, 3.00)
[Drone drone] Target position: (6.80, 8.00, 3.00)
[Drone drone] Target position: (6.85, 8.00, 3.00)
[Drone drone] Target position: (6.90, 8.00, 3.00)
[Drone drone] Target position: (6.95, 8.00, 3.00)
[Drone drone] Target position: (7.00, 8.00, 3.00)
[Drone drone] Target position: (7.05, 8.00, 3.00)
[Drone drone] Target position: (7.10, 8.00, 3.00)
[Drone drone] Target position: (7.15, 8.00, 3.00)
[Drone drone] Target position: (7.20, 8.00, 3.00)
[Drone drone] Target position: (7.25, 8.00, 3.00)
[Drone drone] Target position: (7.30, 8.00, 3.00)
[Drone drone] Target position: (7.35, 8.00, 3.00)
[Drone drone] Target position: (7.40, 8.00, 3.00)
[Drone drone] Target position: (7.45, 8.00, 3.00)
[Drone drone] Target position: (7.50, 8.00, 3.00)
[Drone drone] Target position: (7.55, 8.00, 3.00)
[Drone drone] Target position: (7.60, 8.00, 3.00)
[Drone drone] Target position: (7.65, 8.00, 3.00)
[Drone drone] Target position: (7.70, 8.00, 3.00)
[Drone drone] Target position: (7.75, 8.00, 3.00)
[Drone drone] Target position: (7.80, 8.00, 3.00)
[Drone drone] Target position: (7.85, 8.00, 3.00)
[Drone drone] Target position: (7.90, 8.00, 3.00)
[Drone drone] Target position: (7.95, 8.00, 3.00)
[Drone drone] Target position: (8.00, 8.00, 3.00)
[Drone drone] Target position: (8.05, 8.00, 3.00)
[Drone drone] Target position: (8.10, 8.00, 3.00)
[Drone drone] Target position: (8.15, 8.00, 3.00)
[Drone drone] Target position: (8.20, 8.00, 3.00)
[Drone drone] Target position: (8.25, 8.00, 3.00)
[Drone drone] Target position: (8.30, 8.00, 3.00)
[Drone drone] Target position: (8.35, 8.00, 3.00)
[Drone drone] Target position: (8.40, 8.00, 3.00)
[Drone drone] Target position: (8.45, 8.00, 3.00)
[Drone drone] Target position: (8.50, 8.00, 3.00)
[Drone drone] Target position: (8.55, 8.00, 3.00)
[Drone drone] Target position: (8.60, 8.00, 3.00)
[Drone drone] Target position: (8.65, 8.00, 3.00)
[Drone drone] Target position: (8.70, 8.00, 3.00)
[Drone drone] Target position: (8.75, 8.00, 3.00)
[Drone drone] Target position: (8.80, 8.00, 3.00)
[Drone drone] Target position: (8.85, 8.00, 3.00)
[Drone drone] Target position: (8.90, 8.00, 3.00)
[Drone drone] Target position: (8.95, 8.00, 3.00)
[Drone drone] Target position: (9.00, 8.00, 3.00)
[Drone drone] Target position: (9.05, 8.00, 3.00)
[Drone drone] Target position: (9.10, 8.00, 3.00)
[Drone drone] Target position: (9.15, 8.00, 3.00)
[Drone drone] Target position: (9.20, 8.00, 3.00)
[Drone drone] Target position: (9.25, 8.00, 3.00)
[Drone drone] Target position: (9.30, 8.00, 3.00)
[Drone drone] Target position: (9.35, 8.00, 3.00)
[Drone drone] Target position: (9.40, 8.00, 3.00)
[Drone drone] Target position: (9.45, 8.00, 3.00)
[Drone drone] Target position: (9.50, 8.00, 3.00)
[Drone drone] Target position: (9.55, 8.00, 3.00)
[Drone drone] Target position: (9.60, 8.00, 3.00)
[Drone drone] Target position: (9.65, 8.00, 3.00)
[Drone drone] Target position: (9.70, 8.00, 3.00)
[Drone drone] Target position: (9.75, 8.00, 3.00)
[Drone drone] Target position: (9.80, 8.00, 3.00)
[Drone drone] Target position: (9.85, 8.00, 3.00)
[Drone drone] Target position: (9.90, 8.00, 3.00)
[Drone drone] Target position: (9.95, 8.00, 3.00)
[Drone drone] Target position: (10.00, 8.00, 3.00)
[Drone drone] Target position: (10.00, 8.05, 3.00)
[Drone drone] Target position: (10.00, 8.10, 3.00)
[Drone drone] Target position: (10.00, 8.15, 3.00)
[Drone drone] Target position: (10.00, 8.20, 3.00)
[Drone drone] Target position: (10.00, 8.25, 3.00)
[Drone drone] Target position: (10.00, 8.30, 3.00)
[Drone drone] Target position: (10.00, 8.35, 3.00)
[Drone drone] Target position: (10.00, 8.40, 3.00)
[Drone drone] Target position: (10.00, 8.45, 3.00)
[Drone drone] Target position: (10.00, 8.50, 3.00)
[Drone drone] Target position: (10.00, 8.55, 3.00)
[Drone drone] Target position: (10.00, 8.60, 3.00)
[Drone drone] Target position: (10.00, 8.65, 3.00)
[Drone drone] Target position: (10.00, 8.70, 3.00)
[Drone drone] Target position: (10.00, 8.75, 3.00)
[Drone drone] Target position: (10.00, 8.80, 3.00)
[Drone drone] Target position: (10.00, 8.85, 3.00)
[Drone drone] Target position: (10.00, 8.90, 3.00)
[Drone drone] Target position: (10.00, 8.95, 3.00)
[Drone drone] Target position: (10.00, 9.00, 3.00)
[Drone drone] Target position: (10.00, 9.05, 3.00)
[Drone drone] Target position: (10.00, 9.10, 3.00)
[Drone drone] Target position: (10.00, 9.15, 3.00)
[Drone drone] Target position: (10.00, 9.20, 3.00)
[Drone drone] Target position: (10.00, 9.25, 3.00)
[Drone drone] Target position: (10.00, 9.30, 3.00)
[Drone drone] Target position: (10.00, 9.35, 3.00)
[Drone drone] Target position: (10.00, 9.40, 3.00)
[Drone drone] Target position: (10.00, 9.45, 3.00)
[Drone drone] Target position: (10.00, 9.50, 3.00)
[Drone drone] Target position: (10.00, 9.55, 3.00)
[Drone drone] Target position: (10.00, 9.60, 3.00)
[Drone drone] Target position: (10.00, 9.65, 3.00)
[Drone drone] Target position: (10.00, 9.70, 3.00)
[Drone drone] Target position: (10.00, 9.75, 3.00)
[Drone drone] Target position: (10.00, 9.80, 3.00)
[Drone drone] Target position: (10.00, 9.85, 3.00)
[Drone drone] Target position: (10.00, 9.90, 3.00)
[Drone drone] Target position: (10.00, 9.95, 3.00)
[Drone drone] Target position: (10.00, 10.00, 3.00)
[Drone drone] Target position: (9.95, 10.00, 3.00)
[Drone drone] Target position: (9.90, 10.00, 3.00)
[Drone drone] Target position: (9.85, 10.00, 3.00)
[Drone drone] Target position: (9.80, 10.00, 3.00)
[Drone drone] Target position: (9.75, 10.00, 3.00)
[Drone drone] Target position: (9.70, 10.00, 3.00)
[Drone drone] Target position: (9.65, 10.00, 3.00)
[Drone drone] Target position: (9.60, 10.00, 3.00)
[Drone drone] Target position: (9.55, 10.00, 3.00)
[Drone drone] Target position: (9.50, 10.00, 3.00)
[Drone drone] Target position: (9.45, 10.00, 3.00)
[Drone drone] Target position: (9.40, 10.00, 3.00)
[Drone drone] Target position: (9.35, 10.00, 3.00)
[Drone drone] Target position: (9.30, 10.00, 3.00)
[Drone drone] Target position: (9.25, 10.00, 3.00)
[Drone drone] Target position: (9.20, 10.00, 3.00)
[Drone drone] Target position: (9.15, 10.00, 3.00)
[Drone drone] Target position: (9.10, 10.00, 3.00)
[Drone drone] Target position: (9.05, 10.00, 3.00)
[Drone drone] Target position: (9.00, 10.00, 3.00)
[Drone drone] Target position: (8.95, 10.00, 3.00)
[Drone drone] Target position: (8.90, 10.00, 3.00)
[Drone drone] Target position: (8.85, 10.00, 3.00)
[Drone drone] Target position: (8.80, 10.00, 3.00)
[Drone drone] Target position: (8.75, 10.00, 3.00)
[Drone drone] Target position: (8.70, 10.00, 3.00)
[Drone drone] Target position: (8.65, 10.00, 3.00)
[Drone drone] Target position: (8.60, 10.00, 3.00)
[Drone drone] Target position: (8.55, 10.00, 3.00)
[Drone drone] Target position: (8.50, 10.00, 3.00)
[Drone drone] Target position: (8.45, 10.00, 3.00)
[Drone drone] Target position: (8.40, 10.00, 3.00)
[Drone drone] Target position: (8.35, 10.00, 3.00)
[Drone drone] Target position: (8.30, 10.00, 3.00)
[Drone drone] Target position: (8.25, 10.00, 3.00)
[Drone drone] Target position: (8.20, 10.00, 3.00)
[Drone drone] Target position: (8.15, 10.00, 3.00)
[Drone drone] Target position: (8.10, 10.00, 3.00)
[Drone drone] Target position: (8.05, 10.00, 3.00)
[Drone drone] Target position: (8.00, 10.00, 3.00)
[Drone drone] Target position: (7.95, 10.00, 3.00)
[Drone drone] Target position: (7.90, 10.00, 3.00)
[Drone drone] Target position: (7.85, 10.00, 3.00)
[Drone drone] Target position: (7.80, 10.00, 3.00)
[Drone drone] Target position: (7.75, 10.00, 3.00)
[Drone drone] Target position: (7.70, 10.00, 3.00)
[Drone drone] Target position: (7.65, 10.00, 3.00)
[Drone drone] Target position: (7.60, 10.00, 3.00)
[Drone drone] Target position: (7.55, 10.00, 3.00)
[Drone drone] Target position: (7.50, 10.00, 3.00)
[Drone drone] Target position: (7.45, 10.00, 3.00)
[Drone drone] Target position: (7.40, 10.00, 3.00)
[Drone drone] Target position: (7.35, 10.00, 3.00)
[Drone drone] Target position: (7.30, 10.00, 3.00)
[Drone drone] Target position: (7.25, 10.00, 3.00)
[Drone drone] Target position: (7.20, 10.00, 3.00)
[Drone drone] Target position: (7.15, 10.00, 3.00)
[Drone drone] Target position: (7.10, 10.00, 3.00)
[Drone drone] Target position: (7.05, 10.00, 3.00)
[Drone drone] Target position: (7.00, 10.00, 3.00)
[Drone drone] Target position: (6.95, 10.00, 3.00)
[Drone drone] Target position: (6.90, 10.00, 3.00)
[Drone drone] Target position: (6.85, 10.00, 3.00)
[Drone drone] Target position: (6.80, 10.00, 3.00)
[Drone drone] Target position: (6.75, 10.00, 3.00)
[Drone drone] Target position: (6.70, 10.00, 3.00)
[Drone drone] Target position: (6.65, 10.00, 3.00)
[Drone drone] Target position: (6.60, 10.00, 3.00)
[Drone drone] Target position: (6.55, 10.00, 3.00)
[Drone drone] Target position: (6.50, 10.00, 3.00)
[Drone drone] Target position: (6.45, 10.00, 3.00)
[Drone drone] Target position: (6.40, 10.00, 3.00)
[Drone drone] Target position: (6.35, 10.00, 3.00)
[Drone drone] Target position: (6.30, 10.00, 3.00)
[Drone drone] Target position: (6.25, 10.00, 3.00)
[Drone drone] Target position: (6.20, 10.00, 3.00)
[Drone drone] Target position: (6.15, 10.00, 3.00)
[Drone drone] Target position: (6.10, 10.00, 3.00)
[Drone drone] Target position: (6.05, 10.00, 3.00)
[Drone drone] Target position: (6.00, 10.00, 3.00)
[Drone drone] Target position: (5.95, 10.00, 3.00)
[Drone drone] Target position: (5.90, 10.00, 3.00)
[Drone drone] Target position: (5.85, 10.00, 3.00)
[Drone drone] Target position: (5.80, 10.00, 3.00)
[Drone drone] Target position: (5.75, 10.00, 3.00)
[Drone drone] Target position: (5.70, 10.00, 3.00)
[Drone drone] Target position: (5.65, 10.00, 3.00)
[Drone drone] Target position: (5.60, 10.00, 3.00)
[Drone drone] Target position: (5.55, 10.00, 3.00)
[Drone drone] Target position: (5.50, 10.00, 3.00)
[Drone drone] Target position: (5.45, 10.00, 3.00)
[Drone drone] Target position: (5.40, 10.00, 3.00)
[Drone drone] Target position: (5.35, 10.00, 3.00)
[Drone drone] Target position: (5.30, 10.00, 3.00)
[Drone drone] Target position: (5.25, 10.00, 3.00)
[Drone drone] Target position: (5.20, 10.00, 3.00)
[Drone drone] Target position: (5.15, 10.00, 3.00)
[Drone drone] Target position: (5.10, 10.00, 3.00)
[Drone drone] Target position: (5.05, 10.00, 3.00)
[Drone drone] Target position: (5.00, 10.00, 3.00)
[Drone drone] Target position: (4.95, 10.00, 3.00)
[Drone drone] Target position: (4.90, 10.00, 3.00)
[Drone drone] Target position: (4.85, 10.00, 3.00)
[Drone drone] Target position: (4.80, 10.00, 3.00)
[Drone drone] Target position: (4.75, 10.00, 3.00)
[Drone drone] Target position: (4.70, 10.00, 3.00)
[Drone drone] Target position: (4.65, 10.00, 3.00)
[Drone drone] Target position: (4.60, 10.00, 3.00)
[Drone drone] Target position: (4.55, 10.00, 3.00)
[Drone drone] Target position: (4.50, 10.00, 3.00)
[Drone drone] Target position: (4.45, 10.00, 3.00)
[Drone drone] Target position: (4.40, 10.00, 3.00)
[Drone drone] Target position: (4.35, 10.00, 3.00)
[Drone drone] Target position: (4.30, 10.00, 3.00)
[Drone drone] Target position: (4.25, 10.00, 3.00)
[Drone drone] Target position: (4.20, 10.00, 3.00)
[Drone drone] Target position: (4.15, 10.00, 3.00)
[Drone drone] Target position: (4.10, 10.00, 3.00)
[Drone drone] Target position: (4.05, 10.00, 3.00)
[Drone drone] Target position: (4.00, 10.00, 3.00)
[Drone drone] Target position: (3.95, 10.00, 3.00)
[Drone drone] Target position: (3.90, 10.00, 3.00)
[Drone drone] Target position: (3.85, 10.00, 3.00)
[Drone drone] Target position: (3.80, 10.00, 3.00)
[Drone drone] Target position: (3.75, 10.00, 3.00)
[Drone drone] Target position: (3.70, 10.00, 3.00)
[Drone drone] Target position: (3.65, 10.00, 3.00)
[Drone drone] Target position: (3.60, 10.00, 3.00)
[Drone drone] Target position: (3.55, 10.00, 3.00)
[Drone drone] Target position: (3.50, 10.00, 3.00)
[Drone drone] Target position: (3.45, 10.00, 3.00)
[Drone drone] Target position: (3.40, 10.00, 3.00)
[Drone drone] Target position: (3.35, 10.00, 3.00)
[Drone drone] Target position: (3.30, 10.00, 3.00)
[Drone drone] Target position: (3.25, 10.00, 3.00)
[Drone drone] Target position: (3.20, 10.00, 3.00)
[Drone drone] Target position: (3.15, 10.00, 3.00)
[Drone drone] Target position: (3.10, 10.00, 3.00)
[Drone drone] Target position: (3.05, 10.00, 3.00)
[Drone drone] Target position: (3.00, 10.00, 3.00)
[Drone drone] Target position: (2.95, 10.00, 3.00)
[Drone drone] Target position: (2.90, 10.00, 3.00)
[Drone drone] Target position: (2.85, 10.00, 3.00)
[Drone drone] Target position: (2.80, 10.00, 3.00)
[Drone drone] Target position: (2.75, 10.00, 3.00)
[Drone drone] Target position: (2.70, 10.00, 3.00)
[Drone drone] Target position: (2.65, 10.00, 3.00)
[Drone drone] Target position: (2.60, 10.00, 3.00)
[Drone drone] Target position: (2.55, 10.00, 3.00)
[Drone drone] Target position: (2.50, 10.00, 3.00)
[Drone drone] Target position: (2.45, 10.00, 3.00)
[Drone drone] Target position: (2.40, 10.00, 3.00)
[Drone drone] Target position: (2.35, 10.00, 3.00)
[Drone drone] Target position: (2.30, 10.00, 3.00)
[Drone drone] Target position: (2.25, 10.00, 3.00)
[Drone drone] Target position: (2.20, 10.00, 3.00)
[Drone drone] Target position: (2.15, 10.00, 3.00)
[Drone drone] Target position: (2.10, 10.00, 3.00)
[Drone drone] Target position: (2.05, 10.00, 3.00)
[Drone drone] Target position: (2.00, 10.00, 3.00)
[Drone drone] Target position: (1.95, 10.00, 3.00)
[Drone drone] Target position: (1.90, 10.00, 3.00)
[Drone drone] Target position: (1.85, 10.00, 3.00)
[Drone drone] Target position: (1.80, 10.00, 3.00)
[Drone drone] Target position: (1.75, 10.00, 3.00)
[Drone drone] Target position: (1.70, 10.00, 3.00)
[Drone drone] Target position: (1.65, 10.00, 3.00)
[Drone drone] Target position: (1.60, 10.00, 3.00)
[Drone drone] Target position: (1.55, 10.00, 3.00)
[Drone drone] Target position: (1.50, 10.00, 3.00)
[Drone drone] Target position: (1.45, 10.00, 3.00)
[Drone drone] Target position: (1.40, 10.00, 3.00)
[Drone drone] Target position: (1.35, 10.00, 3.00)
[Drone drone] Target position: (1.30, 10.00, 3.00)
[Drone drone] Target position: (1.25, 10.00, 3.00)
[Drone drone] Target position: (1.20, 10.00, 3.00)
[Drone drone] Target position: (1.15, 10.00, 3.00)
[Drone drone] Target position: (1.10, 10.00, 3.00)
[Drone drone] Target position: (1.05, 10.00, 3.00)
[Drone drone] Target position: (1.00, 10.00, 3.00)
[Drone drone] Target position: (0.95, 10.00, 3.00)
[Drone drone] Target position: (0.90, 10.00, 3.00)
[Drone drone] Target position: (0.85, 10.00, 3.00)
[Drone drone] Target position: (0.80, 10.00, 3.00)
[Drone drone] Target position: (0.75, 10.00, 3.00)
[Drone drone] Target position: (0.70, 10.00, 3.00)
[Drone drone] Target position: (0.65, 10.00, 3.00)
[Drone drone] Target position: (0.60, 10.00, 3.00)
[Drone drone] Target position: (0.55, 10.00, 3.00)
[Drone drone] Target position: (0.50, 10.00, 3.00)
[Drone drone] Target position: (0.45, 10.00, 3.00)
[Drone drone] Target position: (0.40, 10.00, 3.00)
[Drone drone] Target position: (0.35, 10.00, 3.00)
[Drone drone] Target position: (0.30, 10.00, 3.00)
[Drone drone] Target position: (0.25, 10.00, 3.00)
[Drone drone] Target position: (0.20, 10.00, 3.00)
[Drone drone] Target position: (0.15, 10.00, 3.00)
[Drone drone] Target position: (0.10, 10.00, 3.00)
[Drone drone] Target position: (0.05, 10.00, 3.00)
[Drone drone] Target position: (0.00, 10.00, 3.00)
[ROS2 SERVICE] /drone/land called
[Drone drone] Mode: POSITION → LANDING
[ROS2 SERVICE] /drone/land success: Mode set to LANDING
[Drone drone] Mode: LANDING → DISARMED
[Drone drone] Landed and disarmed
