================================================================================
SIMULATION LOG - 2025-11-17 11:56:49
Log file: /home/kishi/ResQoUnity/logs/simulation/drone_sim_20251117_115649.log
================================================================================

[INFO] Creating environment: Isaac-Velocity-Rough-Unitree-Go2-v0
[INFO] Robot: go2, Amount: 1, Terrain: flat
[INFO]: Base environment:
	Environment device    : cuda:0
	Physics step-size     : 0.005
	Rendering step-size   : 0.005
	Environment step-size : 0.02
	Physics GPU pipeline  : True
	Physics GPU simulation: True
[INFO]: Time taken for scene creation : 0.987253 seconds
[INFO]: Scene manager:  <class InteractiveScene>
	Number of environments: 1
	Environment spacing   : 2.5
	Source prim name      : /World/envs/env_0
	Global prim paths     : ['/World/ground']
	Replicate physics     : True
[INFO]: Starting the simulation. This may take a few seconds. Please wait...
[INFO]: Time taken for simulation start : 0.989326 seconds
[INFO] Command Manager:  <CommandManager> contains 1 active terms.
+------------------------------------------------+
|              Active Command Terms              |
+-------+---------------+------------------------+
| Index | Name          |          Type          |
+-------+---------------+------------------------+
|   0   | base_velocity | UniformVelocityCommand |
+-------+---------------+------------------------+

[INFO] Action Manager:  <ActionManager> contains 1 active terms.
+------------------------------------+
|  Active Action Terms (shape: 12)   |
+--------+-------------+-------------+
| Index  | Name        |   Dimension |
+--------+-------------+-------------+
|   0    | joint_pos   |          12 |
+--------+-------------+-------------+

Module omni.isaac.orbit.utils.warp.kernels load on device 'cuda:0' took 1.23 ms
[INFO] Observation Manager: <ObservationManager> contains 1 groups.
+----------------------------------------------------------+
| Active Observation Terms in Group: 'policy' (shape: (235,)) |
+-----------+--------------------------------+-------------+
|   Index   | Name                           |    Shape    |
+-----------+--------------------------------+-------------+
|     0     | base_lin_vel                   |     (3,)    |
|     1     | base_ang_vel                   |     (3,)    |
|     2     | projected_gravity              |     (3,)    |
|     3     | velocity_commands              |     (3,)    |
|     4     | joint_pos                      |    (12,)    |
|     5     | joint_vel                      |    (12,)    |
|     6     | actions                        |    (12,)    |
|     7     | height_scan                    |    (187,)   |
+-----------+--------------------------------+-------------+

[INFO] Event Manager:  <EventManager> contains 1 active terms.
+--------------------------------------+
| Active Event Terms in Mode: 'startup' |
+----------+---------------------------+
|  Index   | Name                      |
+----------+---------------------------+
|    0     | physics_material          |
+----------+---------------------------+

[INFO] Termination Manager:  <TerminationManager> contains 2 active terms.
+---------------------------------+
|     Active Termination Terms    |
+-------+--------------+----------+
| Index | Name         | Time Out |
+-------+--------------+----------+
|   0   | time_out     |   True   |
|   1   | base_contact |  False   |
+-------+--------------+----------+

[INFO] Reward Manager:  <RewardManager> contains 10 active terms.
+-----------------------------------------+
|           Active Reward Terms           |
+-------+----------------------+----------+
| Index | Name                 |   Weight |
+-------+----------------------+----------+
|   0   | track_lin_vel_xy_exp |      1.5 |
|   1   | track_ang_vel_z_exp  |     0.75 |
|   2   | lin_vel_z_l2         |     -2.0 |
|   3   | ang_vel_xy_l2        |    -0.05 |
|   4   | dof_torques_l2       |  -0.0002 |
|   5   | dof_acc_l2           | -2.5e-07 |
|   6   | action_rate_l2       |    -0.01 |
|   7   | feet_air_time        |     0.01 |
|   8   | flat_orientation_l2  |      0.0 |
|   9   | dof_pos_limits       |      0.0 |
+-------+----------------------+----------+

[INFO] Curriculum Manager:  <CurriculumManager> contains 0 active terms.
+----------------------+
| Active Curriculum Terms |
+-----------+----------+
|   Index   | Name     |
+-----------+----------+
+-----------+----------+

Creating window for environment.
[INFO]: Completed setting up the environment...
[INFO] Environment created successfully!
[INFO] Environment wrapped for RSL-RL
[INFO] Loading experiment from directory: /home/kishi/ResQoUnity/logs/rsl_rl/unitree_go2_rough
[INFO]: Loading model checkpoint from: /home/kishi/ResQoUnity/logs/rsl_rl/unitree_go2_rough/2024-04-06_02-37-07/model_7850.pt
--------------------------------------------------------------------------------
Resolved observation sets: 
	 policy :  ['policy']
	 critic :  ['policy']
--------------------------------------------------------------------------------
Actor MLP: MLP(
  (0): Linear(in_features=235, out_features=512, bias=True)
  (1): ELU(alpha=1.0)
  (2): Linear(in_features=512, out_features=256, bias=True)
  (3): ELU(alpha=1.0)
  (4): Linear(in_features=256, out_features=128, bias=True)
  (5): ELU(alpha=1.0)
  (6): Linear(in_features=128, out_features=12, bias=True)
)
Critic MLP: MLP(
  (0): Linear(in_features=235, out_features=512, bias=True)
  (1): ELU(alpha=1.0)
  (2): Linear(in_features=512, out_features=256, bias=True)
  (3): ELU(alpha=1.0)
  (4): Linear(in_features=256, out_features=128, bias=True)
  (5): ELU(alpha=1.0)
  (6): Linear(in_features=128, out_features=1, bias=True)
)
[INFO]: Checkpoint loaded successfully
[INFO] Resetting environment and getting initial observations...
[INFO] Environment reset complete, starting simulation loop...
[INFO] Spawning world-level drone alongside environment robots...
[INFO] Spawning drone at /World/envs/env_0/Drone (inside env for physics stepping)
[INFO] Drone USD loaded at /World/envs/env_0/Drone
[INFO] Drone spawned at position (0.0, 0.0, 2.5)
[INFO] ArticulationView will be initialized after first physics step
[Drone drone] Mode: DISARMED → IDLE

================================================================================
DRONE DEBUG LOGGER INITIALIZED FOR world_drone
================================================================================

[INFO] Drone controller initialized in ARMED mode (auto-armed)
[INFO] Mode set to IDLE - will switch to LOITER after spawn
[INFO] Debug logger enabled - verbose output active
[INFO] Drone bottom camera initialized
[INFO] Drone ROS2 publishers initialized on /drone namespace
[INFO] Adding /drone namespace ROS2 interface
[INFO] Drone topics created: cmd_vel, cmd_position, cmd_altitude
[INFO] Drone services created:
  - /drone/arm: True
  - /drone/takeoff: True
  - /drone/land: True
  - /drone/emergency_stop: True
[INFO] Drone control interface ready on /drone namespace
Error loading custom environment. You should download custom envs folder from: https://drive.google.com/drive/folders/1vVGuO1KIX1K6mD6mBHDZGm9nk2vaRyj3?usp=sharing
[INFO] Setting up viewport camera...
[INFO] Camera positioned to view robot
[INFO] Robot(s) should now be visible in the viewport!
[INFO] Use these controls to navigate:
  - Press 'F' to focus on robot
  - Mouse wheel: Zoom in/out
  - Middle mouse: Pan camera
  - Alt+Left mouse: Orbit view
  - WASD keys: Move robot (forward/back/left/right)
  - Q/E keys: Rotate left/right
[INFO] Initializing ArticulationView after physics step...
[INFO] Drone mass set to: 0.5 kg (Crazyflie scaled estimate)
[INFO] Using Hybrid Physics-Velocity Control (GPU PhysX compatible)
[INFO] Forces → Acceleration → Velocity integration (F=ma)
[INFO] LOITER target set to spawn position: (-0.00, -0.00, 2.50)
[SAFETY] World drone initialized:
  Current pos: (-0.000, -0.000, 2.498)
  Target pos:  (-0.000, -0.000, 2.498)
  Mode: IDLE, Armed: True
[INIT] Drone spawned at position: (-0.000, -0.000, 2.498)
[INIT] Initial velocity: (0.000, 0.000, -0.196)
[INIT] Initial mode: IDLE
[INIT] Ready for control


********************************************************************************
[ARM EVENT] Drone ARMED
********************************************************************************

[INFO] ArticulationView ready - found 1 drone(s)
[DEBUG] ArticulationView prim paths: ['/World/envs/env_0/Drone']
[DEBUG] Controller initialized at position: (-0.00, -0.00, 2.50)
[DEBUG] Drone has 4 DOFs: ['m1_joint', 'm2_joint', 'm3_joint', 'm4_joint']
[DEBUG] Prim at /World/envs/env_0/Drone exists: True
[DEBUG] Found root body (fallback) at: /World/envs/env_0/Drone/body
[DEBUG] Found articulation root at: /World/envs/env_0/Drone
[Drone drone] Mode: IDLE → LOITER
[INFO] World drone switched to LOITER at position (-0.00, -0.00, 2.50)
[VIEWPORT FIX] Setting drone position to (-0.000, -0.000, 2.498)
[DBG RENDER] Viewport sync triggered at pos (-0.000, -0.000, 2.498)

────────────────────────────────────────────────────────────────────────────────
[FRAME 2] Δt = 1.00s
────────────────────────────────────────────────────────────────────────────────
  State      : Armed=True, Mode=LOITER
  Position   : ( -0.000,  -0.000,   2.495)
  Velocity   : (  0.000,  -0.000,  -0.180)
  Target Pos : ( -0.000,  -0.000,   2.498)
  Error      : ( -0.000,   0.000,   0.002) = 0.002m
  PID Output : ( -0.000,   0.000,   0.004) m/s
  Applied Force: (  -0.00,    0.00,    6.29) N (|F|=6.29N)
  ✅ Gravity compensation active (Fz > 0)
  Actual Vel: (  0.000,  -0.000,   0.030) m/s
  ℹ️  Velocity differs from PID (hybrid physics integration active)
────────────────────────────────────────────────────────────────────────────────


────────────────────────────────────────────────────────────────────────────────
[FRAME 13] Δt = 1.00s
────────────────────────────────────────────────────────────────────────────────
  State      : Armed=True, Mode=LOITER
  Position   : ( -0.000,  -0.000,   2.483)
  Velocity   : (  0.000,   0.000,  -0.110)
  Target Pos : ( -0.000,  -0.000,   2.498)
  Error      : (  0.000,   0.000,   0.015) = 0.015m
  PID Output : (  0.000,   0.000,   0.030) m/s
  Applied Force: (  -0.00,   -0.00,    5.96) N (|F|=5.96N)
  ✅ Gravity compensation active (Fz > 0)
  Actual Vel: (  0.000,   0.000,   0.089) m/s
  ℹ️  Velocity differs from PID (hybrid physics integration active)
────────────────────────────────────────────────────────────────────────────────

[DBG RENDER] Viewport sync triggered at pos (-0.000, -0.000, 2.478)

────────────────────────────────────────────────────────────────────────────────
[FRAME 25] Δt = 1.00s
────────────────────────────────────────────────────────────────────────────────
  State      : Armed=True, Mode=LOITER
  Position   : ( -0.000,  -0.000,   2.477)
  Velocity   : (  0.000,  -0.000,  -0.091)
  Target Pos : ( -0.000,  -0.000,   2.498)
  Error      : (  0.000,   0.000,   0.021) = 0.021m
  PID Output : (  0.000,   0.000,   0.044) m/s
  Applied Force: (   0.00,    0.00,    5.92) N (|F|=5.92N)
  ✅ Gravity compensation active (Fz > 0)
  Actual Vel: (  0.000,  -0.000,   0.106) m/s
  ℹ️  Velocity differs from PID (hybrid physics integration active)
────────────────────────────────────────────────────────────────────────────────


────────────────────────────────────────────────────────────────────────────────
[FRAME 38] Δt = 1.00s
────────────────────────────────────────────────────────────────────────────────
  State      : Armed=True, Mode=LOITER
  Position   : ( -0.000,  -0.000,   2.474)
  Velocity   : (  0.000,   0.000,  -0.082)
  Target Pos : ( -0.000,  -0.000,   2.498)
  Error      : (  0.000,   0.000,   0.024) = 0.024m
  PID Output : (  0.000,   0.000,   0.051) m/s
  Applied Force: (  -0.00,   -0.00,    5.90) N (|F|=5.90N)
  ✅ Gravity compensation active (Fz > 0)
  Actual Vel: (  0.000,   0.000,   0.115) m/s
  ℹ️  Velocity differs from PID (hybrid physics integration active)
────────────────────────────────────────────────────────────────────────────────

[DBG RENDER] Viewport sync triggered at pos (-0.000, -0.000, 2.473)
[VIEWPORT FIX] Setting drone position to (-0.000, -0.000, 2.474)

────────────────────────────────────────────────────────────────────────────────
[FRAME 51] Δt = 1.00s
────────────────────────────────────────────────────────────────────────────────
  State      : Armed=True, Mode=LOITER
  Position   : ( -0.000,  -0.000,   2.472)
  Velocity   : (  0.000,  -0.000,  -0.076)
  Target Pos : ( -0.000,  -0.000,   2.498)
  Error      : (  0.000,   0.000,   0.025) = 0.025m
  PID Output : (  0.000,   0.000,   0.056) m/s
  Applied Force: (   0.00,    0.00,    5.89) N (|F|=5.89N)
  ✅ Gravity compensation active (Fz > 0)
  Actual Vel: (  0.000,  -0.000,   0.120) m/s
  ℹ️  Velocity differs from PID (hybrid physics integration active)
────────────────────────────────────────────────────────────────────────────────

[DBG CACHE] Frame 60: Updating cache with pos=(-0.000,-0.000,2.472)
[DBG ROS2] Publishing to /drone/odom: pos=(-0.000,-0.000,2.472)
[DBG RENDER] Viewport sync triggered at pos (-0.000, -0.000, 2.472)

────────────────────────────────────────────────────────────────────────────────
[FRAME 64] Δt = 1.00s
────────────────────────────────────────────────────────────────────────────────
  State      : Armed=True, Mode=LOITER
  Position   : ( -0.000,  -0.000,   2.472)
  Velocity   : (  0.000,   0.000,  -0.073)
  Target Pos : ( -0.000,  -0.000,   2.498)
  Error      : (  0.000,   0.000,   0.026) = 0.026m
  PID Output : (  0.000,   0.000,   0.058) m/s
  Applied Force: (  -0.00,   -0.00,    5.89) N (|F|=5.89N)
  ✅ Gravity compensation active (Fz > 0)
  Actual Vel: (  0.000,   0.000,   0.123) m/s
  ℹ️  Velocity differs from PID (hybrid physics integration active)
────────────────────────────────────────────────────────────────────────────────


────────────────────────────────────────────────────────────────────────────────
[FRAME 77] Δt = 1.00s
────────────────────────────────────────────────────────────────────────────────
  State      : Armed=True, Mode=LOITER
  Position   : ( -0.000,  -0.000,   2.472)
  Velocity   : (  0.000,   0.000,  -0.072)
  Target Pos : ( -0.000,  -0.000,   2.498)
  Error      : (  0.000,   0.000,   0.025) = 0.025m
  PID Output : (  0.000,   0.000,   0.059) m/s
  Applied Force: (  -0.00,   -0.00,    5.89) N (|F|=5.89N)
  ✅ Gravity compensation active (Fz > 0)
  Actual Vel: (  0.000,   0.000,   0.124) m/s
  ℹ️  Velocity differs from PID (hybrid physics integration active)
────────────────────────────────────────────────────────────────────────────────

[DBG RENDER] Viewport sync triggered at pos (-0.000, -0.000, 2.472)

────────────────────────────────────────────────────────────────────────────────
[FRAME 90] Δt = 1.00s
────────────────────────────────────────────────────────────────────────────────
  State      : Armed=True, Mode=LOITER
  Position   : ( -0.000,  -0.000,   2.473)
  Velocity   : (  0.000,  -0.000,  -0.071)
  Target Pos : ( -0.000,  -0.000,   2.498)
  Error      : (  0.000,   0.000,   0.025) = 0.025m
  PID Output : (  0.000,   0.000,   0.060) m/s
  Applied Force: (  -0.00,    0.00,    5.89) N (|F|=5.89N)
  ✅ Gravity compensation active (Fz > 0)
  Actual Vel: (  0.000,  -0.000,   0.125) m/s
  ℹ️  Velocity differs from PID (hybrid physics integration active)
────────────────────────────────────────────────────────────────────────────────

[VIEWPORT FIX] Setting drone position to (-0.000, -0.000, 2.476)
[DBG RENDER] Viewport sync triggered at pos (-0.000, -0.000, 2.473)

────────────────────────────────────────────────────────────────────────────────
[FRAME 102] Δt = 1.00s
────────────────────────────────────────────────────────────────────────────────
  State      : Armed=True, Mode=LOITER
  Position   : ( -0.000,  -0.000,   2.473)
  Velocity   : (  0.000,  -0.000,  -0.071)
  Target Pos : ( -0.000,  -0.000,   2.498)
  Error      : (  0.000,   0.000,   0.024) = 0.024m
  PID Output : (  0.000,   0.000,   0.060) m/s
  Applied Force: (   0.00,    0.00,    5.89) N (|F|=5.89N)
  ✅ Gravity compensation active (Fz > 0)
  Actual Vel: (  0.000,  -0.000,   0.125) m/s
  ℹ️  Velocity differs from PID (hybrid physics integration active)
────────────────────────────────────────────────────────────────────────────────


────────────────────────────────────────────────────────────────────────────────
[FRAME 115] Δt = 1.00s
────────────────────────────────────────────────────────────────────────────────
  State      : Armed=True, Mode=LOITER
  Position   : ( -0.000,  -0.000,   2.474)
  Velocity   : (  0.000,  -0.000,  -0.071)
  Target Pos : ( -0.000,  -0.000,   2.498)
  Error      : (  0.000,   0.000,   0.023) = 0.023m
  PID Output : (  0.000,   0.000,   0.060) m/s
  Applied Force: (   0.00,    0.00,    5.89) N (|F|=5.89N)
  ✅ Gravity compensation active (Fz > 0)
  Actual Vel: (  0.000,  -0.000,   0.126) m/s
  ℹ️  Velocity differs from PID (hybrid physics integration active)
────────────────────────────────────────────────────────────────────────────────

[DBG CACHE] Frame 120: Updating cache with pos=(-0.000,-0.000,2.475)
[DBG ROS2] Publishing to /drone/odom: pos=(-0.000,-0.000,2.475)
[DBG RENDER] Viewport sync triggered at pos (-0.000, -0.000, 2.475)

────────────────────────────────────────────────────────────────────────────────
[FRAME 127] Δt = 1.00s
────────────────────────────────────────────────────────────────────────────────
  State      : Armed=True, Mode=LOITER
  Position   : ( -0.000,  -0.000,   2.475)
  Velocity   : (  0.000,  -0.000,  -0.071)
  Target Pos : ( -0.000,  -0.000,   2.498)
  Error      : (  0.000,   0.000,   0.023) = 0.023m
  PID Output : (  0.000,   0.000,   0.060) m/s
  Applied Force: (   0.00,    0.00,    5.89) N (|F|=5.89N)
  ✅ Gravity compensation active (Fz > 0)
  Actual Vel: (  0.000,  -0.000,   0.126) m/s
  ℹ️  Velocity differs from PID (hybrid physics integration active)
────────────────────────────────────────────────────────────────────────────────


────────────────────────────────────────────────────────────────────────────────
[FRAME 140] Δt = 1.00s
────────────────────────────────────────────────────────────────────────────────
  State      : Armed=True, Mode=LOITER
  Position   : ( -0.000,  -0.000,   2.476)
  Velocity   : (  0.000,  -0.000,  -0.071)
  Target Pos : ( -0.000,  -0.000,   2.498)
  Error      : (  0.000,   0.000,   0.022) = 0.022m
  PID Output : (  0.000,   0.000,   0.060) m/s
  Applied Force: (  -0.00,    0.00,    5.89) N (|F|=5.89N)
  ✅ Gravity compensation active (Fz > 0)
  Actual Vel: (  0.000,  -0.000,   0.126) m/s
  ℹ️  Velocity differs from PID (hybrid physics integration active)
────────────────────────────────────────────────────────────────────────────────

[DBG RENDER] Viewport sync triggered at pos (-0.000, -0.000, 2.476)
[VIEWPORT FIX] Setting drone position to (-0.000, -0.000, 2.479)

────────────────────────────────────────────────────────────────────────────────
[FRAME 153] Δt = 1.00s
────────────────────────────────────────────────────────────────────────────────
  State      : Armed=True, Mode=LOITER
  Position   : ( -0.000,  -0.000,   2.477)
  Velocity   : (  0.000,   0.000,  -0.071)
  Target Pos : ( -0.000,  -0.000,   2.498)
  Error      : (  0.000,   0.000,   0.021) = 0.021m
  PID Output : (  0.000,   0.000,   0.060) m/s
  Applied Force: (  -0.00,   -0.00,    5.89) N (|F|=5.89N)
  ✅ Gravity compensation active (Fz > 0)
  Actual Vel: (  0.000,   0.000,   0.126) m/s
  ℹ️  Velocity differs from PID (hybrid physics integration active)
────────────────────────────────────────────────────────────────────────────────

[DBG RENDER] Viewport sync triggered at pos (-0.000, -0.000, 2.477)

────────────────────────────────────────────────────────────────────────────────
[FRAME 166] Δt = 1.00s
────────────────────────────────────────────────────────────────────────────────
  State      : Armed=True, Mode=LOITER
  Position   : ( -0.000,  -0.000,   2.477)
  Velocity   : (  0.000,   0.000,  -0.071)
  Target Pos : ( -0.000,  -0.000,   2.498)
  Error      : (  0.000,   0.000,   0.020) = 0.020m
  PID Output : (  0.000,   0.000,   0.060) m/s
  Applied Force: (  -0.00,   -0.00,    5.89) N (|F|=5.89N)
  ✅ Gravity compensation active (Fz > 0)
  Actual Vel: (  0.000,   0.000,   0.126) m/s
  ℹ️  Velocity differs from PID (hybrid physics integration active)
────────────────────────────────────────────────────────────────────────────────


────────────────────────────────────────────────────────────────────────────────
[FRAME 179] Δt = 1.00s
────────────────────────────────────────────────────────────────────────────────
  State      : Armed=True, Mode=LOITER
  Position   : ( -0.000,  -0.000,   2.478)
  Velocity   : (  0.000,  -0.000,  -0.071)
  Target Pos : ( -0.000,  -0.000,   2.498)
  Error      : (  0.000,   0.000,   0.019) = 0.019m
  PID Output : (  0.000,   0.000,   0.060) m/s
  Applied Force: (  -0.00,    0.00,    5.89) N (|F|=5.89N)
  ✅ Gravity compensation active (Fz > 0)
  Actual Vel: (  0.000,  -0.000,   0.125) m/s
  ℹ️  Velocity differs from PID (hybrid physics integration active)
────────────────────────────────────────────────────────────────────────────────

[DBG CACHE] Frame 180: Updating cache with pos=(-0.000,-0.000,2.478)
[DBG ROS2] Publishing to /drone/odom: pos=(-0.000,-0.000,2.478)
[DBG RENDER] Viewport sync triggered at pos (-0.000, -0.000, 2.478)

────────────────────────────────────────────────────────────────────────────────
[FRAME 191] Δt = 1.00s
────────────────────────────────────────────────────────────────────────────────
  State      : Armed=True, Mode=LOITER
  Position   : ( -0.000,  -0.000,   2.479)
  Velocity   : (  0.000,  -0.000,  -0.071)
  Target Pos : ( -0.000,  -0.000,   2.498)
  Error      : (  0.000,   0.000,   0.019) = 0.019m
  PID Output : (  0.000,   0.000,   0.060) m/s
  Applied Force: (  -0.00,    0.00,    5.89) N (|F|=5.89N)
  ✅ Gravity compensation active (Fz > 0)
  Actual Vel: (  0.000,  -0.000,   0.125) m/s
  ℹ️  Velocity differs from PID (hybrid physics integration active)
────────────────────────────────────────────────────────────────────────────────

[VIEWPORT FIX] Setting drone position to (-0.000, -0.000, 2.481)
[DBG RENDER] Viewport sync triggered at pos (-0.000, -0.000, 2.479)

────────────────────────────────────────────────────────────────────────────────
[FRAME 203] Δt = 1.00s
────────────────────────────────────────────────────────────────────────────────
  State      : Armed=True, Mode=LOITER
  Position   : ( -0.000,  -0.000,   2.479)
  Velocity   : (  0.000,  -0.000,  -0.071)
  Target Pos : ( -0.000,  -0.000,   2.498)
  Error      : (  0.000,   0.000,   0.018) = 0.018m
  PID Output : (  0.000,   0.000,   0.060) m/s
  Applied Force: (   0.00,    0.00,    5.89) N (|F|=5.89N)
  ✅ Gravity compensation active (Fz > 0)
  Actual Vel: (  0.000,  -0.000,   0.125) m/s
  ℹ️  Velocity differs from PID (hybrid physics integration active)
────────────────────────────────────────────────────────────────────────────────


────────────────────────────────────────────────────────────────────────────────
[FRAME 215] Δt = 1.00s
────────────────────────────────────────────────────────────────────────────────
  State      : Armed=True, Mode=LOITER
  Position   : ( -0.000,  -0.000,   2.480)
  Velocity   : (  0.000,  -0.000,  -0.071)
  Target Pos : ( -0.000,  -0.000,   2.498)
  Error      : (  0.000,   0.000,   0.018) = 0.018m
  PID Output : (  0.000,   0.000,   0.060) m/s
  Applied Force: (  -0.00,    0.00,    5.89) N (|F|=5.89N)
  ✅ Gravity compensation active (Fz > 0)
  Actual Vel: (  0.000,  -0.000,   0.125) m/s
  ℹ️  Velocity differs from PID (hybrid physics integration active)
────────────────────────────────────────────────────────────────────────────────

[DBG RENDER] Viewport sync triggered at pos (-0.000, -0.000, 2.480)

────────────────────────────────────────────────────────────────────────────────
[FRAME 228] Δt = 1.00s
────────────────────────────────────────────────────────────────────────────────
  State      : Armed=True, Mode=LOITER
  Position   : ( -0.000,  -0.000,   2.481)
  Velocity   : (  0.000,  -0.000,  -0.071)
  Target Pos : ( -0.000,  -0.000,   2.498)
  Error      : (  0.000,   0.000,   0.017) = 0.017m
  PID Output : (  0.000,   0.000,   0.060) m/s
  Applied Force: (   0.00,    0.00,    5.89) N (|F|=5.89N)
  ✅ Gravity compensation active (Fz > 0)
  Actual Vel: (  0.000,  -0.000,   0.125) m/s
  ℹ️  Velocity differs from PID (hybrid physics integration active)
────────────────────────────────────────────────────────────────────────────────


********************************************************************************
[ARM EVENT] Drone ARMED
********************************************************************************


────────────────────────────────────────────────────────────────────────────────
[FRAME 240] Δt = 1.00s
────────────────────────────────────────────────────────────────────────────────
  State      : Armed=True, Mode=LOITER
  Position   : ( -0.000,  -0.000,   2.481)
  Velocity   : (  0.000,  -0.000,  -0.071)
  Target Pos : ( -0.000,  -0.000,   2.498)
  Error      : (  0.000,   0.000,   0.016) = 0.016m
  PID Output : (  0.000,   0.000,   0.060) m/s
  Applied Force: (  -0.00,    0.00,    5.89) N (|F|=5.89N)
  ✅ Gravity compensation active (Fz > 0)
  Actual Vel: (  0.000,  -0.000,   0.125) m/s
  ℹ️  Velocity differs from PID (hybrid physics integration active)
────────────────────────────────────────────────────────────────────────────────

[DBG CACHE] Frame 240: Updating cache with pos=(-0.000,-0.000,2.481)
[DBG ROS2] Publishing to /drone/odom: pos=(-0.000,-0.000,2.481)
[DBG RENDER] Viewport sync triggered at pos (-0.000, -0.000, 2.481)
[VIEWPORT FIX] Setting drone position to (-0.000, -0.000, 2.484)

────────────────────────────────────────────────────────────────────────────────
[FRAME 252] Δt = 1.00s
────────────────────────────────────────────────────────────────────────────────
  State      : Armed=True, Mode=LOITER
  Position   : ( -0.000,  -0.000,   2.482)
  Velocity   : (  0.000,   0.000,  -0.071)
  Target Pos : ( -0.000,  -0.000,   2.498)
  Error      : (  0.000,   0.000,   0.016) = 0.016m
  PID Output : (  0.000,   0.000,   0.059) m/s
  Applied Force: (  -0.00,   -0.00,    5.89) N (|F|=5.89N)
  ✅ Gravity compensation active (Fz > 0)
  Actual Vel: (  0.000,   0.000,   0.125) m/s
  ℹ️  Velocity differs from PID (hybrid physics integration active)
────────────────────────────────────────────────────────────────────────────────

[Drone drone] Target position: (0.00, 0.00, 2.50)
[Drone drone] Mode: LOITER → POSITION
[DBG RENDER] Viewport sync triggered at pos (-0.000, -0.000, 2.480)

────────────────────────────────────────────────────────────────────────────────
[FRAME 264] Δt = 1.00s
────────────────────────────────────────────────────────────────────────────────
  State      : Armed=True, Mode=POSITION
  Position   : ( -0.000,  -0.000,   2.479)
  Velocity   : (  0.000,   0.000,  -0.090)
  Target Pos : (  0.000,   0.000,   2.500)
  Error      : (  0.000,   0.000,   0.021) = 0.021m
  PID Output : (  0.000,   0.000,   0.043) m/s
  Applied Force: (  -0.00,   -0.00,    5.90) N (|F|=5.90N)
  ✅ Gravity compensation active (Fz > 0)
  Actual Vel: (  0.000,   0.000,   0.107) m/s
  ℹ️  Velocity differs from PID (hybrid physics integration active)
────────────────────────────────────────────────────────────────────────────────


────────────────────────────────────────────────────────────────────────────────
[FRAME 276] Δt = 1.00s
────────────────────────────────────────────────────────────────────────────────
  State      : Armed=True, Mode=POSITION
  Position   : ( -0.000,  -0.000,   2.476)
  Velocity   : (  0.000,   0.000,  -0.083)
  Target Pos : (  0.000,   0.000,   2.500)
  Error      : (  0.000,   0.000,   0.024) = 0.024m
  PID Output : (  0.000,   0.000,   0.050) m/s
  Applied Force: (  -0.00,   -0.00,    5.90) N (|F|=5.90N)
  ✅ Gravity compensation active (Fz > 0)
  Actual Vel: (  0.000,   0.000,   0.114) m/s
  ℹ️  Velocity differs from PID (hybrid physics integration active)
────────────────────────────────────────────────────────────────────────────────

[DBG RENDER] Viewport sync triggered at pos (-0.000, -0.000, 2.475)

────────────────────────────────────────────────────────────────────────────────
[FRAME 289] Δt = 1.00s
────────────────────────────────────────────────────────────────────────────────
  State      : Armed=True, Mode=POSITION
  Position   : ( -0.000,  -0.000,   2.475)
  Velocity   : (  0.000,   0.000,  -0.077)
  Target Pos : (  0.000,   0.000,   2.500)
  Error      : (  0.000,   0.000,   0.025) = 0.025m
  PID Output : (  0.000,   0.000,   0.055) m/s
  Applied Force: (   0.00,   -0.00,    5.90) N (|F|=5.90N)
  ✅ Gravity compensation active (Fz > 0)
  Actual Vel: (  0.000,   0.000,   0.119) m/s
  ℹ️  Velocity differs from PID (hybrid physics integration active)
────────────────────────────────────────────────────────────────────────────────

[DBG CACHE] Frame 300: Updating cache with pos=(-0.000,-0.000,2.474)
[DBG ROS2] Publishing to /drone/odom: pos=(-0.000,-0.000,2.474)
[VIEWPORT FIX] Setting drone position to (-0.000, -0.000, 2.476)
[DBG RENDER] Viewport sync triggered at pos (-0.000, -0.000, 2.474)

────────────────────────────────────────────────────────────────────────────────
[FRAME 301] Δt = 1.00s
────────────────────────────────────────────────────────────────────────────────
  State      : Armed=True, Mode=POSITION
  Position   : ( -0.000,  -0.000,   2.474)
  Velocity   : (  0.000,   0.000,  -0.074)
  Target Pos : (  0.000,   0.000,   2.500)
  Error      : (  0.000,   0.000,   0.026) = 0.026m
  PID Output : (  0.000,   0.000,   0.057) m/s
  Applied Force: (   0.00,   -0.00,    5.89) N (|F|=5.89N)
  ✅ Gravity compensation active (Fz > 0)
  Actual Vel: (  0.000,   0.000,   0.122) m/s
  ℹ️  Velocity differs from PID (hybrid physics integration active)
────────────────────────────────────────────────────────────────────────────────


────────────────────────────────────────────────────────────────────────────────
[FRAME 313] Δt = 1.00s
────────────────────────────────────────────────────────────────────────────────
  State      : Armed=True, Mode=POSITION
  Position   : ( -0.000,  -0.000,   2.474)
  Velocity   : (  0.000,   0.000,  -0.072)
  Target Pos : (  0.000,   0.000,   2.500)
  Error      : (  0.000,   0.000,   0.026) = 0.026m
  PID Output : (  0.000,   0.000,   0.059) m/s
  Applied Force: (  -0.00,   -0.00,    5.89) N (|F|=5.89N)
  ✅ Gravity compensation active (Fz > 0)
  Actual Vel: (  0.000,   0.000,   0.124) m/s
  ℹ️  Velocity differs from PID (hybrid physics integration active)
────────────────────────────────────────────────────────────────────────────────

[DBG RENDER] Viewport sync triggered at pos (-0.000, -0.000, 2.475)

────────────────────────────────────────────────────────────────────────────────
[FRAME 326] Δt = 1.00s
────────────────────────────────────────────────────────────────────────────────
  State      : Armed=True, Mode=POSITION
  Position   : ( -0.000,  -0.000,   2.475)
  Velocity   : (  0.000,   0.000,  -0.071)
  Target Pos : (  0.000,   0.000,   2.500)
  Error      : (  0.000,   0.000,   0.025) = 0.025m
  PID Output : (  0.000,   0.000,   0.060) m/s
  Applied Force: (  -0.00,   -0.00,    5.89) N (|F|=5.89N)
  ✅ Gravity compensation active (Fz > 0)
  Actual Vel: (  0.000,   0.000,   0.125) m/s
  ℹ️  Velocity differs from PID (hybrid physics integration active)
────────────────────────────────────────────────────────────────────────────────


────────────────────────────────────────────────────────────────────────────────
[FRAME 339] Δt = 1.00s
────────────────────────────────────────────────────────────────────────────────
  State      : Armed=True, Mode=POSITION
  Position   : ( -0.000,   0.000,   2.476)
  Velocity   : (  0.000,   0.000,  -0.071)
  Target Pos : (  0.000,   0.000,   2.500)
  Error      : (  0.000,  -0.000,   0.024) = 0.024m
  PID Output : (  0.000,   0.000,   0.060) m/s
  Applied Force: (   0.00,   -0.00,    5.89) N (|F|=5.89N)
  ✅ Gravity compensation active (Fz > 0)
  Actual Vel: (  0.000,   0.000,   0.125) m/s
  ℹ️  Velocity differs from PID (hybrid physics integration active)
────────────────────────────────────────────────────────────────────────────────

[DBG RENDER] Viewport sync triggered at pos (-0.000, 0.000, 2.476)
[Drone drone] Target position: (5.00, 0.00, 2.50)
[VIEWPORT FIX] Setting drone position to (0.013, 0.000, 2.478)

────────────────────────────────────────────────────────────────────────────────
[FRAME 351] Δt = 1.00s
────────────────────────────────────────────────────────────────────────────────
  State      : Armed=True, Mode=POSITION
  Position   : (  0.005,   0.000,   2.476)
  Velocity   : (  0.250,   0.000,  -0.071)
  Target Pos : (  5.000,   0.000,   2.500)
  Error      : (  4.995,  -0.000,   0.024) = 4.995m
  PID Output : (  2.000,   0.000,   0.060) m/s
  Applied Force: (   7.50,   -0.00,    5.89) N (|F|=9.53N)
  ✅ Gravity compensation active (Fz > 0)
  Actual Vel: (  0.500,   0.000,   0.126) m/s
  ℹ️  Velocity differs from PID (hybrid physics integration active)
────────────────────────────────────────────────────────────────────────────────

[DBG CACHE] Frame 360: Updating cache with pos=(0.241,0.000,2.477)
[DBG ROS2] Publishing to /drone/odom: pos=(0.241,0.000,2.477)
[DBG RENDER] Viewport sync triggered at pos (0.278, 0.000, 2.477)

────────────────────────────────────────────────────────────────────────────────
[FRAME 363] Δt = 1.00s
────────────────────────────────────────────────────────────────────────────────
  State      : Armed=True, Mode=POSITION
  Position   : (  0.355,   0.000,   2.477)
  Velocity   : (  1.925,   0.000,  -0.070)
  Target Pos : (  5.000,   0.000,   2.500)
  Error      : (  4.645,  -0.000,   0.023) = 4.646m
  PID Output : (  2.000,   0.000,   0.060) m/s
  Applied Force: (   0.56,   -0.00,    5.89) N (|F|=5.91N)
  ✅ Gravity compensation active (Fz > 0)
  Actual Vel: (  1.944,   0.000,   0.126) m/s
  ℹ️  Velocity differs from PID (hybrid physics integration active)
────────────────────────────────────────────────────────────────────────────────


────────────────────────────────────────────────────────────────────────────────
[FRAME 376] Δt = 1.00s
────────────────────────────────────────────────────────────────────────────────
  State      : Armed=True, Mode=POSITION
  Position   : (  0.870,   0.000,   2.478)
  Velocity   : (  1.998,   0.000,  -0.070)
  Target Pos : (  5.000,   0.000,   2.500)
  Error      : (  4.130,  -0.000,   0.022) = 4.130m
  PID Output : (  2.000,   0.000,   0.060) m/s
  Applied Force: (   0.01,   -0.00,    5.89) N (|F|=5.89N)
  ✅ Gravity compensation active (Fz > 0)
  Actual Vel: (  1.999,   0.000,   0.126) m/s
  ℹ️  Velocity differs from PID (hybrid physics integration active)
────────────────────────────────────────────────────────────────────────────────

[DBG RENDER] Viewport sync triggered at pos (1.070, 0.000, 2.478)

────────────────────────────────────────────────────────────────────────────────
[FRAME 389] Δt = 1.00s
────────────────────────────────────────────────────────────────────────────────
  State      : Armed=True, Mode=POSITION
  Position   : (  1.390,   0.000,   2.479)
  Velocity   : (  2.000,   0.000,  -0.071)
  Target Pos : (  5.000,   0.000,   2.500)
  Error      : (  3.610,  -0.000,   0.021) = 3.610m
  PID Output : (  2.000,   0.000,   0.060) m/s
  Applied Force: (   0.00,   -0.00,    5.89) N (|F|=5.89N)
  ✅ Gravity compensation active (Fz > 0)
  Actual Vel: (  2.000,   0.000,   0.126) m/s
  ℹ️  Velocity differs from PID (hybrid physics integration active)
────────────────────────────────────────────────────────────────────────────────

[VIEWPORT FIX] Setting drone position to (1.903, 0.000, 2.481)
[DBG RENDER] Viewport sync triggered at pos (1.870, 0.000, 2.479)

────────────────────────────────────────────────────────────────────────────────
[FRAME 401] Δt = 1.00s
────────────────────────────────────────────────────────────────────────────────
  State      : Armed=True, Mode=POSITION
  Position   : (  1.870,   0.000,   2.479)
  Velocity   : (  2.000,   0.000,  -0.071)
  Target Pos : (  5.000,   0.000,   2.500)
  Error      : (  3.130,  -0.000,   0.021) = 3.130m
  PID Output : (  2.000,  -0.000,   0.060) m/s
  Applied Force: (   0.00,   -0.00,    5.89) N (|F|=5.89N)
  ✅ Gravity compensation active (Fz > 0)
  Actual Vel: (  2.000,   0.000,   0.126) m/s
  ℹ️  Velocity differs from PID (hybrid physics integration active)
────────────────────────────────────────────────────────────────────────────────


────────────────────────────────────────────────────────────────────────────────
[FRAME 414] Δt = 1.00s
────────────────────────────────────────────────────────────────────────────────
  State      : Armed=True, Mode=POSITION
  Position   : (  2.390,   0.000,   2.480)
  Velocity   : (  2.000,  -0.000,  -0.071)
  Target Pos : (  5.000,   0.000,   2.500)
  Error      : (  2.610,  -0.000,   0.020) = 2.610m
  PID Output : (  2.000,  -0.000,   0.060) m/s
  Applied Force: (   0.00,   -0.00,    5.89) N (|F|=5.89N)
  ✅ Gravity compensation active (Fz > 0)
  Actual Vel: (  2.000,  -0.000,   0.125) m/s
  ℹ️  Velocity differs from PID (hybrid physics integration active)
────────────────────────────────────────────────────────────────────────────────

[DBG CACHE] Frame 420: Updating cache with pos=(2.630,0.000,2.480)
[DBG ROS2] Publishing to /drone/odom: pos=(2.630,0.000,2.480)
[DBG RENDER] Viewport sync triggered at pos (2.670, 0.000, 2.480)

────────────────────────────────────────────────────────────────────────────────
[FRAME 426] Δt = 1.00s
────────────────────────────────────────────────────────────────────────────────
  State      : Armed=True, Mode=POSITION
  Position   : (  2.870,   0.000,   2.481)
  Velocity   : (  2.000,  -0.000,  -0.071)
  Target Pos : (  5.000,   0.000,   2.500)
  Error      : (  2.130,  -0.000,   0.019) = 2.130m
  PID Output : (  2.000,  -0.000,   0.060) m/s
  Applied Force: (   0.00,   -0.00,    5.89) N (|F|=5.89N)
  ✅ Gravity compensation active (Fz > 0)
  Actual Vel: (  2.000,  -0.000,   0.125) m/s
  ℹ️  Velocity differs from PID (hybrid physics integration active)
────────────────────────────────────────────────────────────────────────────────


────────────────────────────────────────────────────────────────────────────────
[FRAME 439] Δt = 1.00s
────────────────────────────────────────────────────────────────────────────────
  State      : Armed=True, Mode=POSITION
  Position   : (  3.390,   0.000,   2.481)
  Velocity   : (  2.000,  -0.000,  -0.071)
  Target Pos : (  5.000,   0.000,   2.500)
  Error      : (  1.610,  -0.000,   0.019) = 1.610m
  PID Output : (  2.000,  -0.000,   0.060) m/s
  Applied Force: (   0.00,   -0.00,    5.89) N (|F|=5.89N)
  ✅ Gravity compensation active (Fz > 0)
  Actual Vel: (  2.000,  -0.000,   0.125) m/s
  ℹ️  Velocity differs from PID (hybrid physics integration active)
────────────────────────────────────────────────────────────────────────────────

[DBG RENDER] Viewport sync triggered at pos (3.470, 0.000, 2.482)
[Drone drone] Target position: (5.00, 5.00, 2.50)
[VIEWPORT FIX] Setting drone position to (3.901, 0.071, 2.484)

────────────────────────────────────────────────────────────────────────────────
[FRAME 451] Δt = 1.00s
────────────────────────────────────────────────────────────────────────────────
  State      : Armed=True, Mode=POSITION
  Position   : (  3.869,   0.050,   2.482)
  Velocity   : (  1.967,   1.000,  -0.071)
  Target Pos : (  5.000,   5.000,   2.500)
  Error      : (  1.131,   4.950,   0.018) = 5.078m
  PID Output : (  1.857,   2.000,   0.060) m/s
  Applied Force: (  -0.83,    7.50,    5.89) N (|F|=9.57N)
  ✅ Gravity compensation active (Fz > 0)
  Actual Vel: (  1.940,   1.250,   0.125) m/s
  ℹ️  Velocity differs from PID (hybrid physics integration active)
────────────────────────────────────────────────────────────────────────────────

[DBG RENDER] Viewport sync triggered at pos (4.223, 0.393, 2.483)

────────────────────────────────────────────────────────────────────────────────
[FRAME 464] Δt = 1.00s
────────────────────────────────────────────────────────────────────────────────
  State      : Armed=True, Mode=POSITION
  Position   : (  4.314,   0.511,   2.483)
  Velocity   : (  1.474,   1.976,  -0.071)
  Target Pos : (  5.000,   5.000,   2.500)
  Error      : (  0.686,   4.489,   0.017) = 4.541m
  PID Output : (  1.323,   2.000,   0.060) m/s
  Applied Force: (  -1.13,    0.18,    5.89) N (|F|=6.00N)
  ✅ Gravity compensation active (Fz > 0)
  Actual Vel: (  1.436,   1.982,   0.125) m/s
  ℹ️  Velocity differs from PID (hybrid physics integration active)
────────────────────────────────────────────────────────────────────────────────


────────────────────────────────────────────────────────────────────────────────
[FRAME 476] Δt = 1.00s
────────────────────────────────────────────────────────────────────────────────
  State      : Armed=True, Mode=POSITION
  Position   : (  4.614,   0.990,   2.483)
  Velocity   : (  1.076,   1.999,  -0.071)
  Target Pos : (  5.000,   5.000,   2.500)
  Error      : (  0.386,   4.010,   0.017) = 4.029m
  PID Output : (  0.964,   2.000,   0.060) m/s
  Applied Force: (  -0.84,    0.01,    5.89) N (|F|=5.95N)
  ✅ Gravity compensation active (Fz > 0)
  Actual Vel: (  1.048,   1.999,   0.125) m/s
  ℹ️  Velocity differs from PID (hybrid physics integration active)
────────────────────────────────────────────────────────────────────────────────

[DBG CACHE] Frame 480: Updating cache with pos=(4.694,1.150,2.484)
[DBG ROS2] Publishing to /drone/odom: pos=(4.694,1.150,2.484)
[DBG RENDER] Viewport sync triggered at pos (4.713, 1.190, 2.484)

────────────────────────────────────────────────────────────────────────────────
[FRAME 488] Δt = 1.00s
────────────────────────────────────────────────────────────────────────────────
  State      : Armed=True, Mode=POSITION
  Position   : (  4.832,   1.470,   2.484)
  Velocity   : (  0.783,   2.000,  -0.071)
  Target Pos : (  5.000,   5.000,   2.500)
  Error      : (  0.168,   3.530,   0.016) = 3.534m
  PID Output : (  0.702,   2.000,   0.060) m/s
  Applied Force: (  -0.61,    0.00,    5.89) N (|F|=5.92N)
  ✅ Gravity compensation active (Fz > 0)
  Actual Vel: (  0.763,   2.000,   0.125) m/s
  ℹ️  Velocity differs from PID (hybrid physics integration active)
────────────────────────────────────────────────────────────────────────────────


────────────────────────────────────────────────────────────────────────────────
[FRAME 500] Δt = 1.00s
────────────────────────────────────────────────────────────────────────────────
  State      : Armed=True, Mode=POSITION
  Position   : (  4.991,   1.950,   2.484)
  Velocity   : (  0.570,   2.000,  -0.071)
  Target Pos : (  5.000,   5.000,   2.500)
  Error      : (  0.009,   3.050,   0.016) = 3.050m
  PID Output : (  0.511,   2.000,   0.059) m/s
  Applied Force: (  -0.45,    0.00,    5.89) N (|F|=5.90N)
  ✅ Gravity compensation active (Fz > 0)
  Actual Vel: (  0.555,   2.000,   0.125) m/s
  ℹ️  Velocity differs from PID (hybrid physics integration active)
────────────────────────────────────────────────────────────────────────────────

[VIEWPORT FIX] Setting drone position to (5.011, 2.023, 2.487)
[DBG RENDER] Viewport sync triggered at pos (5.002, 1.990, 2.484)

────────────────────────────────────────────────────────────────────────────────
[FRAME 513] Δt = 1.00s
────────────────────────────────────────────────────────────────────────────────
  State      : Armed=True, Mode=POSITION
  Position   : (  5.115,   2.470,   2.485)
  Velocity   : (  0.404,   2.000,  -0.071)
  Target Pos : (  5.000,   5.000,   2.500)
  Error      : ( -0.115,   2.530,   0.015) = 2.533m
  PID Output : (  0.361,   2.000,   0.059) m/s
  Applied Force: (  -0.32,    0.00,    5.89) N (|F|=5.89N)
  ✅ Gravity compensation active (Fz > 0)
  Actual Vel: (  0.393,   2.000,   0.125) m/s
  ℹ️  Velocity differs from PID (hybrid physics integration active)
────────────────────────────────────────────────────────────────────────────────

[DBG RENDER] Viewport sync triggered at pos (5.172, 2.790, 2.485)

────────────────────────────────────────────────────────────────────────────────
[FRAME 526] Δt = 1.00s
────────────────────────────────────────────────────────────────────────────────
  State      : Armed=True, Mode=POSITION
  Position   : (  5.202,   2.990,   2.486)
  Velocity   : (  0.283,   2.000,  -0.071)
  Target Pos : (  5.000,   5.000,   2.500)
  Error      : ( -0.202,   2.010,   0.014) = 2.020m
  PID Output : (  0.252,   2.000,   0.059) m/s
  Applied Force: (  -0.23,    0.00,    5.89) N (|F|=5.89N)
  ✅ Gravity compensation active (Fz > 0)
  Actual Vel: (  0.276,   2.000,   0.125) m/s
  ℹ️  Velocity differs from PID (hybrid physics integration active)
────────────────────────────────────────────────────────────────────────────────


────────────────────────────────────────────────────────────────────────────────
[FRAME 538] Δt = 1.00s
────────────────────────────────────────────────────────────────────────────────
  State      : Armed=True, Mode=POSITION
  Position   : (  5.259,   3.470,   2.486)
  Velocity   : (  0.202,   2.000,  -0.072)
  Target Pos : (  5.000,   5.000,   2.500)
  Error      : ( -0.259,   1.530,   0.014) = 1.552m
  PID Output : (  0.179,   2.000,   0.059) m/s
  Applied Force: (  -0.17,    0.00,    5.89) N (|F|=5.89N)
  ✅ Gravity compensation active (Fz > 0)
  Actual Vel: (  0.196,   2.000,   0.125) m/s
  ℹ️  Velocity differs from PID (hybrid physics integration active)
────────────────────────────────────────────────────────────────────────────────

[DBG CACHE] Frame 540: Updating cache with pos=(5.267,3.550,2.486)
[DBG ROS2] Publishing to /drone/odom: pos=(5.267,3.550,2.486)
[DBG RENDER] Viewport sync triggered at pos (5.270, 3.590, 2.486)
[Drone drone] Target position: (0.00, 5.00, 2.50)

────────────────────────────────────────────────────────────────────────────────
[FRAME 550] Δt = 1.00s
────────────────────────────────────────────────────────────────────────────────
  State      : Armed=True, Mode=POSITION
  Position   : (  5.164,   3.946,   2.487)
  Velocity   : ( -1.480,   1.907,  -0.072)
  Target Pos : (  0.000,   5.000,   2.500)
  Error      : ( -5.164,   1.054,   0.013) = 5.271m
  PID Output : ( -2.000,   1.765,   0.059) m/s
  Applied Force: (  -3.90,   -1.07,    5.89) N (|F|=7.14N)
  ✅ Gravity compensation active (Fz > 0)
  Actual Vel: ( -1.610,   1.872,   0.125) m/s
  ℹ️  Velocity differs from PID (hybrid physics integration active)
────────────────────────────────────────────────────────────────────────────────

[VIEWPORT FIX] Setting drone position to (5.104, 4.014, 2.489)
[DBG RENDER] Viewport sync triggered at pos (4.754, 4.314, 2.487)

────────────────────────────────────────────────────────────────────────────────
[FRAME 562] Δt = 1.00s
────────────────────────────────────────────────────────────────────────────────
  State      : Armed=True, Mode=POSITION
  Position   : (  4.714,   4.343,   2.487)
  Velocity   : ( -1.984,   1.436,  -0.072)
  Target Pos : (  0.000,   5.000,   2.500)
  Error      : ( -4.714,   0.657,   0.013) = 4.760m
  PID Output : ( -2.000,   1.289,   0.059) m/s
  Applied Force: (  -0.12,   -1.11,    5.89) N (|F|=5.99N)
  ✅ Gravity compensation active (Fz > 0)
  Actual Vel: ( -1.988,   1.399,   0.125) m/s
  ℹ️  Velocity differs from PID (hybrid physics integration active)
────────────────────────────────────────────────────────────────────────────────


────────────────────────────────────────────────────────────────────────────────
[FRAME 574] Δt = 1.00s
────────────────────────────────────────────────────────────────────────────────
  State      : Armed=True, Mode=POSITION
  Position   : (  4.235,   4.635,   2.487)
  Velocity   : ( -1.999,   1.048,  -0.072)
  Target Pos : (  0.000,   5.000,   2.500)
  Error      : ( -4.235,   0.365,   0.013) = 4.251m
  PID Output : ( -2.000,   0.938,   0.059) m/s
  Applied Force: (  -0.00,   -0.82,    5.89) N (|F|=5.94N)
  ✅ Gravity compensation active (Fz > 0)
  Actual Vel: ( -2.000,   1.020,   0.124) m/s
  ℹ️  Velocity differs from PID (hybrid physics integration active)
────────────────────────────────────────────────────────────────────────────────

[DBG RENDER] Viewport sync triggered at pos (3.955, 4.767, 2.488)

────────────────────────────────────────────────────────────────────────────────
[FRAME 586] Δt = 1.00s
────────────────────────────────────────────────────────────────────────────────
  State      : Armed=True, Mode=POSITION
  Position   : (  3.755,   4.847,   2.488)
  Velocity   : ( -2.000,   0.763,  -0.072)
  Target Pos : (  0.000,   5.000,   2.500)
  Error      : ( -3.755,   0.153,   0.012) = 3.758m
  PID Output : ( -2.000,   0.683,   0.059) m/s
  Applied Force: (  -0.00,   -0.60,    5.89) N (|F|=5.92N)
  ✅ Gravity compensation active (Fz > 0)
  Actual Vel: ( -2.000,   0.743,   0.124) m/s
  ℹ️  Velocity differs from PID (hybrid physics integration active)
────────────────────────────────────────────────────────────────────────────────


────────────────────────────────────────────────────────────────────────────────
[FRAME 598] Δt = 1.00s
────────────────────────────────────────────────────────────────────────────────
  State      : Armed=True, Mode=POSITION
  Position   : (  3.275,   5.002,   2.488)
  Velocity   : ( -2.000,   0.555,  -0.072)
  Target Pos : (  0.000,   5.000,   2.500)
  Error      : ( -3.275,  -0.002,   0.012) = 3.275m
  PID Output : ( -2.000,   0.497,   0.059) m/s
  Applied Force: (  -0.00,   -0.43,    5.89) N (|F|=5.90N)
  ✅ Gravity compensation active (Fz > 0)
  Actual Vel: ( -2.000,   0.541,   0.124) m/s
  ℹ️  Velocity differs from PID (hybrid physics integration active)
────────────────────────────────────────────────────────────────────────────────

[DBG CACHE] Frame 600: Updating cache with pos=(3.195,5.023,2.488)
[DBG ROS2] Publishing to /drone/odom: pos=(3.195,5.023,2.488)
[VIEWPORT FIX] Setting drone position to (3.122, 5.042, 2.490)
[DBG RENDER] Viewport sync triggered at pos (3.155, 5.034, 2.488)

────────────────────────────────────────────────────────────────────────────────
[FRAME 610] Δt = 1.00s
────────────────────────────────────────────────────────────────────────────────
  State      : Armed=True, Mode=POSITION
  Position   : (  2.795,   5.115,   2.489)
  Velocity   : ( -2.000,   0.404,  -0.072)
  Target Pos : (  0.000,   5.000,   2.500)
  Error      : ( -2.795,  -0.115,   0.011) = 2.798m
  PID Output : ( -2.000,   0.361,   0.059) m/s
  Applied Force: (  -0.00,   -0.32,    5.89) N (|F|=5.89N)
  ✅ Gravity compensation active (Fz > 0)
  Actual Vel: ( -2.000,   0.393,   0.124) m/s
  ℹ️  Velocity differs from PID (hybrid physics integration active)
────────────────────────────────────────────────────────────────────────────────

[INFO] Shutting down simulation...
[INFO] ROS2 shutdown complete
[INFO] Simulation shutdown complete
