================================================================================
SIMULATION LOG - 2025-11-17 11:41:55
Log file: /home/kishi/ResQoUnity/logs/simulation/drone_sim_20251117_114155.log
================================================================================

[INFO] Creating environment: Isaac-Velocity-Rough-Unitree-Go2-v0
[INFO] Robot: go2, Amount: 1, Terrain: flat
[INFO]: Base environment:
	Environment device    : cuda:0
	Physics step-size     : 0.005
	Rendering step-size   : 0.005
	Environment step-size : 0.02
	Physics GPU pipeline  : True
	Physics GPU simulation: True
[INFO]: Time taken for scene creation : 1.120850 seconds
[INFO]: Scene manager:  <class InteractiveScene>
	Number of environments: 1
	Environment spacing   : 2.5
	Source prim name      : /World/envs/env_0
	Global prim paths     : ['/World/ground']
	Replicate physics     : True
[INFO]: Starting the simulation. This may take a few seconds. Please wait...
[INFO]: Time taken for simulation start : 1.043164 seconds
[INFO] Command Manager:  <CommandManager> contains 1 active terms.
+------------------------------------------------+
|              Active Command Terms              |
+-------+---------------+------------------------+
| Index | Name          |          Type          |
+-------+---------------+------------------------+
|   0   | base_velocity | UniformVelocityCommand |
+-------+---------------+------------------------+

[INFO] Action Manager:  <ActionManager> contains 1 active terms.
+------------------------------------+
|  Active Action Terms (shape: 12)   |
+--------+-------------+-------------+
| Index  | Name        |   Dimension |
+--------+-------------+-------------+
|   0    | joint_pos   |          12 |
+--------+-------------+-------------+

Module omni.isaac.orbit.utils.warp.kernels load on device 'cuda:0' took 1.26 ms
[INFO] Observation Manager: <ObservationManager> contains 1 groups.
+----------------------------------------------------------+
| Active Observation Terms in Group: 'policy' (shape: (235,)) |
+-----------+--------------------------------+-------------+
|   Index   | Name                           |    Shape    |
+-----------+--------------------------------+-------------+
|     0     | base_lin_vel                   |     (3,)    |
|     1     | base_ang_vel                   |     (3,)    |
|     2     | projected_gravity              |     (3,)    |
|     3     | velocity_commands              |     (3,)    |
|     4     | joint_pos                      |    (12,)    |
|     5     | joint_vel                      |    (12,)    |
|     6     | actions                        |    (12,)    |
|     7     | height_scan                    |    (187,)   |
+-----------+--------------------------------+-------------+

[INFO] Event Manager:  <EventManager> contains 1 active terms.
+--------------------------------------+
| Active Event Terms in Mode: 'startup' |
+----------+---------------------------+
|  Index   | Name                      |
+----------+---------------------------+
|    0     | physics_material          |
+----------+---------------------------+

[INFO] Termination Manager:  <TerminationManager> contains 2 active terms.
+---------------------------------+
|     Active Termination Terms    |
+-------+--------------+----------+
| Index | Name         | Time Out |
+-------+--------------+----------+
|   0   | time_out     |   True   |
|   1   | base_contact |  False   |
+-------+--------------+----------+

[INFO] Reward Manager:  <RewardManager> contains 10 active terms.
+-----------------------------------------+
|           Active Reward Terms           |
+-------+----------------------+----------+
| Index | Name                 |   Weight |
+-------+----------------------+----------+
|   0   | track_lin_vel_xy_exp |      1.5 |
|   1   | track_ang_vel_z_exp  |     0.75 |
|   2   | lin_vel_z_l2         |     -2.0 |
|   3   | ang_vel_xy_l2        |    -0.05 |
|   4   | dof_torques_l2       |  -0.0002 |
|   5   | dof_acc_l2           | -2.5e-07 |
|   6   | action_rate_l2       |    -0.01 |
|   7   | feet_air_time        |     0.01 |
|   8   | flat_orientation_l2  |      0.0 |
|   9   | dof_pos_limits       |      0.0 |
+-------+----------------------+----------+

[INFO] Curriculum Manager:  <CurriculumManager> contains 0 active terms.
+----------------------+
| Active Curriculum Terms |
+-----------+----------+
|   Index   | Name     |
+-----------+----------+
+-----------+----------+

Creating window for environment.
[INFO]: Completed setting up the environment...
[INFO] Environment created successfully!
[INFO] Environment wrapped for RSL-RL
[INFO] Loading experiment from directory: /home/kishi/ResQoUnity/logs/rsl_rl/unitree_go2_rough
[INFO]: Loading model checkpoint from: /home/kishi/ResQoUnity/logs/rsl_rl/unitree_go2_rough/2024-04-06_02-37-07/model_7850.pt
--------------------------------------------------------------------------------
Resolved observation sets: 
	 policy :  ['policy']
	 critic :  ['policy']
--------------------------------------------------------------------------------
Actor MLP: MLP(
  (0): Linear(in_features=235, out_features=512, bias=True)
  (1): ELU(alpha=1.0)
  (2): Linear(in_features=512, out_features=256, bias=True)
  (3): ELU(alpha=1.0)
  (4): Linear(in_features=256, out_features=128, bias=True)
  (5): ELU(alpha=1.0)
  (6): Linear(in_features=128, out_features=12, bias=True)
)
Critic MLP: MLP(
  (0): Linear(in_features=235, out_features=512, bias=True)
  (1): ELU(alpha=1.0)
  (2): Linear(in_features=512, out_features=256, bias=True)
  (3): ELU(alpha=1.0)
  (4): Linear(in_features=256, out_features=128, bias=True)
  (5): ELU(alpha=1.0)
  (6): Linear(in_features=128, out_features=1, bias=True)
)
[INFO]: Checkpoint loaded successfully
[INFO] Resetting environment and getting initial observations...
[INFO] Environment reset complete, starting simulation loop...
[INFO] Spawning world-level drone alongside environment robots...
[INFO] Spawning drone at /World/envs/env_0/Drone (inside env for physics stepping)
[INFO] Drone USD loaded at /World/envs/env_0/Drone
[INFO] Drone spawned at position (0.0, 0.0, 2.5)
[INFO] ArticulationView will be initialized after first physics step
[Drone drone] Mode: DISARMED → IDLE

================================================================================
DRONE DEBUG LOGGER INITIALIZED FOR world_drone
================================================================================

[INFO] Drone controller initialized in ARMED mode (auto-armed)
[INFO] Mode set to IDLE - will switch to LOITER after spawn
[INFO] Debug logger enabled - verbose output active
[INFO] Drone bottom camera initialized
[INFO] Drone ROS2 publishers initialized on /drone namespace
[INFO] Adding /drone namespace ROS2 interface
[INFO] Drone topics created: cmd_vel, cmd_position, cmd_altitude
[INFO] Drone services created:
  - /drone/arm: True
  - /drone/takeoff: True
  - /drone/land: True
  - /drone/emergency_stop: True
[INFO] Drone control interface ready on /drone namespace
Error loading custom environment. You should download custom envs folder from: https://drive.google.com/drive/folders/1vVGuO1KIX1K6mD6mBHDZGm9nk2vaRyj3?usp=sharing
[INFO] Setting up viewport camera...
[INFO] Camera positioned to view robot
[INFO] Robot(s) should now be visible in the viewport!
[INFO] Use these controls to navigate:
  - Press 'F' to focus on robot
  - Mouse wheel: Zoom in/out
  - Middle mouse: Pan camera
  - Alt+Left mouse: Orbit view
  - WASD keys: Move robot (forward/back/left/right)
  - Q/E keys: Rotate left/right
[INFO] Initializing ArticulationView after physics step...
[INFO] Drone mass set to: 0.5 kg (Crazyflie scaled estimate)
[INFO] Using Hybrid Physics-Velocity Control (GPU PhysX compatible)
[INFO] Forces → Acceleration → Velocity integration (F=ma)
[INFO] LOITER target set to spawn position: (-0.00, -0.00, 2.50)
[SAFETY] World drone initialized:
  Current pos: (-0.000, -0.000, 2.498)
  Target pos:  (-0.000, -0.000, 2.498)
  Mode: IDLE, Armed: True
[INIT] Drone spawned at position: (-0.000, -0.000, 2.498)
[INIT] Initial velocity: (0.000, 0.000, -0.196)
[INIT] Initial mode: IDLE
[INIT] Ready for control


********************************************************************************
[ARM EVENT] Drone ARMED
********************************************************************************

[INFO] ArticulationView ready - found 1 drone(s)
[DEBUG] ArticulationView prim paths: ['/World/envs/env_0/Drone']
[DEBUG] Controller initialized at position: (-0.00, -0.00, 2.50)
[DEBUG] Drone has 4 DOFs: ['m1_joint', 'm2_joint', 'm3_joint', 'm4_joint']
[DEBUG] Prim at /World/envs/env_0/Drone exists: True
[DEBUG] Found root body (fallback) at: /World/envs/env_0/Drone/body
[DEBUG] Found articulation root at: /World/envs/env_0/Drone
[Drone drone] Mode: IDLE → LOITER
[INFO] World drone switched to LOITER at position (-0.00, -0.00, 2.50)

────────────────────────────────────────────────────────────────────────────────
[FRAME 4] Δt = 1.00s
────────────────────────────────────────────────────────────────────────────────
  State      : Armed=True, Mode=LOITER
  Position   : ( -0.000,  -0.000,   2.492)
  Velocity   : (  0.000,  -0.000,  -0.156)
  Target Pos : ( -0.000,  -0.000,   2.498)
  Error      : ( -0.000,   0.000,   0.006) = 0.006m
  PID Output : ( -0.000,   0.000,   0.011) m/s
  Applied Force: (  -0.00,    0.00,    6.16) N (|F|=6.16N)
  ✅ Gravity compensation active (Fz > 0)
  Actual Vel: (  0.000,  -0.000,   0.050) m/s
  ℹ️  Velocity differs from PID (hybrid physics integration active)
────────────────────────────────────────────────────────────────────────────────


────────────────────────────────────────────────────────────────────────────────
[FRAME 20] Δt = 1.00s
────────────────────────────────────────────────────────────────────────────────
  State      : Armed=True, Mode=LOITER
  Position   : ( -0.000,  -0.000,   2.479)
  Velocity   : (  0.000,  -0.000,  -0.097)
  Target Pos : ( -0.000,  -0.000,   2.498)
  Error      : (  0.000,   0.000,   0.019) = 0.019m
  PID Output : (  0.000,   0.000,   0.039) m/s
  Applied Force: (   0.00,    0.00,    5.93) N (|F|=5.93N)
  ✅ Gravity compensation active (Fz > 0)
  Actual Vel: (  0.000,  -0.000,   0.100) m/s
  ℹ️  Velocity differs from PID (hybrid physics integration active)
────────────────────────────────────────────────────────────────────────────────


────────────────────────────────────────────────────────────────────────────────
[FRAME 38] Δt = 1.00s
────────────────────────────────────────────────────────────────────────────────
  State      : Armed=True, Mode=LOITER
  Position   : ( -0.000,  -0.000,   2.474)
  Velocity   : (  0.000,   0.000,  -0.082)
  Target Pos : ( -0.000,  -0.000,   2.498)
  Error      : (  0.000,   0.000,   0.024) = 0.024m
  PID Output : (  0.000,   0.000,   0.051) m/s
  Applied Force: (  -0.00,   -0.00,    5.90) N (|F|=5.90N)
  ✅ Gravity compensation active (Fz > 0)
  Actual Vel: (  0.000,   0.000,   0.115) m/s
  ℹ️  Velocity differs from PID (hybrid physics integration active)
────────────────────────────────────────────────────────────────────────────────


────────────────────────────────────────────────────────────────────────────────
[FRAME 56] Δt = 1.00s
────────────────────────────────────────────────────────────────────────────────
  State      : Armed=True, Mode=LOITER
  Position   : ( -0.000,  -0.000,   2.472)
  Velocity   : (  0.000,   0.000,  -0.075)
  Target Pos : ( -0.000,  -0.000,   2.498)
  Error      : (  0.000,   0.000,   0.025) = 0.025m
  PID Output : (  0.000,   0.000,   0.057) m/s
  Applied Force: (  -0.00,   -0.00,    5.89) N (|F|=5.89N)
  ✅ Gravity compensation active (Fz > 0)
  Actual Vel: (  0.000,   0.000,   0.121) m/s
  ℹ️  Velocity differs from PID (hybrid physics integration active)
────────────────────────────────────────────────────────────────────────────────

[DBG CACHE] Frame 60: Updating cache with pos=(-0.000,-0.000,2.472)
[DBG ROS2] Publishing to /drone/odom: pos=(-0.000,-0.000,2.472)

────────────────────────────────────────────────────────────────────────────────
[FRAME 74] Δt = 1.00s
────────────────────────────────────────────────────────────────────────────────
  State      : Armed=True, Mode=LOITER
  Position   : ( -0.000,  -0.000,   2.472)
  Velocity   : (  0.000,   0.000,  -0.072)
  Target Pos : ( -0.000,  -0.000,   2.498)
  Error      : (  0.000,   0.000,   0.025) = 0.025m
  PID Output : (  0.000,   0.000,   0.059) m/s
  Applied Force: (   0.00,   -0.00,    5.89) N (|F|=5.89N)
  ✅ Gravity compensation active (Fz > 0)
  Actual Vel: (  0.000,   0.000,   0.124) m/s
  ℹ️  Velocity differs from PID (hybrid physics integration active)
────────────────────────────────────────────────────────────────────────────────


────────────────────────────────────────────────────────────────────────────────
[FRAME 92] Δt = 1.00s
────────────────────────────────────────────────────────────────────────────────
  State      : Armed=True, Mode=LOITER
  Position   : ( -0.000,  -0.000,   2.473)
  Velocity   : (  0.000,  -0.000,  -0.071)
  Target Pos : ( -0.000,  -0.000,   2.498)
  Error      : (  0.000,   0.000,   0.025) = 0.025m
  PID Output : (  0.000,   0.000,   0.060) m/s
  Applied Force: (  -0.00,    0.00,    5.89) N (|F|=5.89N)
  ✅ Gravity compensation active (Fz > 0)
  Actual Vel: (  0.000,  -0.000,   0.125) m/s
  ℹ️  Velocity differs from PID (hybrid physics integration active)
────────────────────────────────────────────────────────────────────────────────


────────────────────────────────────────────────────────────────────────────────
[FRAME 111] Δt = 1.00s
────────────────────────────────────────────────────────────────────────────────
  State      : Armed=True, Mode=LOITER
  Position   : ( -0.000,  -0.000,   2.474)
  Velocity   : (  0.000,  -0.000,  -0.071)
  Target Pos : ( -0.000,  -0.000,   2.498)
  Error      : (  0.000,   0.000,   0.024) = 0.024m
  PID Output : (  0.000,   0.000,   0.060) m/s
  Applied Force: (   0.00,    0.00,    5.89) N (|F|=5.89N)
  ✅ Gravity compensation active (Fz > 0)
  Actual Vel: (  0.000,  -0.000,   0.126) m/s
  ℹ️  Velocity differs from PID (hybrid physics integration active)
────────────────────────────────────────────────────────────────────────────────

[DBG CACHE] Frame 120: Updating cache with pos=(-0.000,-0.000,2.475)
[DBG ROS2] Publishing to /drone/odom: pos=(-0.000,-0.000,2.475)

────────────────────────────────────────────────────────────────────────────────
[FRAME 130] Δt = 1.00s
────────────────────────────────────────────────────────────────────────────────
  State      : Armed=True, Mode=LOITER
  Position   : ( -0.000,  -0.000,   2.475)
  Velocity   : (  0.000,  -0.000,  -0.071)
  Target Pos : ( -0.000,  -0.000,   2.498)
  Error      : (  0.000,   0.000,   0.022) = 0.022m
  PID Output : (  0.000,   0.000,   0.060) m/s
  Applied Force: (   0.00,    0.00,    5.89) N (|F|=5.89N)
  ✅ Gravity compensation active (Fz > 0)
  Actual Vel: (  0.000,  -0.000,   0.126) m/s
  ℹ️  Velocity differs from PID (hybrid physics integration active)
────────────────────────────────────────────────────────────────────────────────


────────────────────────────────────────────────────────────────────────────────
[FRAME 148] Δt = 1.00s
────────────────────────────────────────────────────────────────────────────────
  State      : Armed=True, Mode=LOITER
  Position   : ( -0.000,  -0.000,   2.476)
  Velocity   : (  0.000,  -0.000,  -0.071)
  Target Pos : ( -0.000,  -0.000,   2.498)
  Error      : (  0.000,   0.000,   0.021) = 0.021m
  PID Output : (  0.000,   0.000,   0.060) m/s
  Applied Force: (  -0.00,    0.00,    5.89) N (|F|=5.89N)
  ✅ Gravity compensation active (Fz > 0)
  Actual Vel: (  0.000,  -0.000,   0.126) m/s
  ℹ️  Velocity differs from PID (hybrid physics integration active)
────────────────────────────────────────────────────────────────────────────────


────────────────────────────────────────────────────────────────────────────────
[FRAME 167] Δt = 1.00s
────────────────────────────────────────────────────────────────────────────────
  State      : Armed=True, Mode=LOITER
  Position   : ( -0.000,  -0.000,   2.477)
  Velocity   : (  0.000,   0.000,  -0.071)
  Target Pos : ( -0.000,  -0.000,   2.498)
  Error      : (  0.000,   0.000,   0.020) = 0.020m
  PID Output : (  0.000,   0.000,   0.060) m/s
  Applied Force: (  -0.00,   -0.00,    5.89) N (|F|=5.89N)
  ✅ Gravity compensation active (Fz > 0)
  Actual Vel: (  0.000,   0.000,   0.126) m/s
  ℹ️  Velocity differs from PID (hybrid physics integration active)
────────────────────────────────────────────────────────────────────────────────

[DBG CACHE] Frame 180: Updating cache with pos=(-0.000,-0.000,2.478)
[DBG ROS2] Publishing to /drone/odom: pos=(-0.000,-0.000,2.478)

────────────────────────────────────────────────────────────────────────────────
[FRAME 186] Δt = 1.00s
────────────────────────────────────────────────────────────────────────────────
  State      : Armed=True, Mode=LOITER
  Position   : ( -0.000,  -0.000,   2.478)
  Velocity   : (  0.000,  -0.000,  -0.071)
  Target Pos : ( -0.000,  -0.000,   2.498)
  Error      : (  0.000,   0.000,   0.019) = 0.019m
  PID Output : (  0.000,   0.000,   0.060) m/s
  Applied Force: (  -0.00,    0.00,    5.89) N (|F|=5.89N)
  ✅ Gravity compensation active (Fz > 0)
  Actual Vel: (  0.000,  -0.000,   0.125) m/s
  ℹ️  Velocity differs from PID (hybrid physics integration active)
────────────────────────────────────────────────────────────────────────────────


────────────────────────────────────────────────────────────────────────────────
[FRAME 205] Δt = 1.00s
────────────────────────────────────────────────────────────────────────────────
  State      : Armed=True, Mode=LOITER
  Position   : ( -0.000,  -0.000,   2.479)
  Velocity   : (  0.000,   0.000,  -0.071)
  Target Pos : ( -0.000,  -0.000,   2.498)
  Error      : (  0.000,   0.000,   0.018) = 0.018m
  PID Output : (  0.000,   0.000,   0.060) m/s
  Applied Force: (   0.00,   -0.00,    5.89) N (|F|=5.89N)
  ✅ Gravity compensation active (Fz > 0)
  Actual Vel: (  0.000,   0.000,   0.125) m/s
  ℹ️  Velocity differs from PID (hybrid physics integration active)
────────────────────────────────────────────────────────────────────────────────


────────────────────────────────────────────────────────────────────────────────
[FRAME 223] Δt = 1.00s
────────────────────────────────────────────────────────────────────────────────
  State      : Armed=True, Mode=LOITER
  Position   : ( -0.000,  -0.000,   2.480)
  Velocity   : (  0.000,  -0.000,  -0.071)
  Target Pos : ( -0.000,  -0.000,   2.498)
  Error      : (  0.000,   0.000,   0.017) = 0.017m
  PID Output : (  0.000,   0.000,   0.060) m/s
  Applied Force: (   0.00,    0.00,    5.89) N (|F|=5.89N)
  ✅ Gravity compensation active (Fz > 0)
  Actual Vel: (  0.000,  -0.000,   0.125) m/s
  ℹ️  Velocity differs from PID (hybrid physics integration active)
────────────────────────────────────────────────────────────────────────────────

[DBG CACHE] Frame 240: Updating cache with pos=(-0.000,-0.000,2.481)
[DBG ROS2] Publishing to /drone/odom: pos=(-0.000,-0.000,2.481)

────────────────────────────────────────────────────────────────────────────────
[FRAME 242] Δt = 1.00s
────────────────────────────────────────────────────────────────────────────────
  State      : Armed=True, Mode=LOITER
  Position   : ( -0.000,  -0.000,   2.481)
  Velocity   : (  0.000,  -0.000,  -0.071)
  Target Pos : ( -0.000,  -0.000,   2.498)
  Error      : (  0.000,   0.000,   0.016) = 0.016m
  PID Output : (  0.000,   0.000,   0.060) m/s
  Applied Force: (  -0.00,    0.00,    5.89) N (|F|=5.89N)
  ✅ Gravity compensation active (Fz > 0)
  Actual Vel: (  0.000,  -0.000,   0.125) m/s
  ℹ️  Velocity differs from PID (hybrid physics integration active)
────────────────────────────────────────────────────────────────────────────────


────────────────────────────────────────────────────────────────────────────────
[FRAME 260] Δt = 1.00s
────────────────────────────────────────────────────────────────────────────────
  State      : Armed=True, Mode=LOITER
  Position   : ( -0.000,  -0.000,   2.482)
  Velocity   : (  0.000,   0.000,  -0.071)
  Target Pos : ( -0.000,  -0.000,   2.498)
  Error      : (  0.000,   0.000,   0.015) = 0.015m
  PID Output : (  0.000,   0.000,   0.059) m/s
  Applied Force: (  -0.00,   -0.00,    5.89) N (|F|=5.89N)
  ✅ Gravity compensation active (Fz > 0)
  Actual Vel: (  0.000,   0.000,   0.125) m/s
  ℹ️  Velocity differs from PID (hybrid physics integration active)
────────────────────────────────────────────────────────────────────────────────


********************************************************************************
[ARM EVENT] Drone ARMED
********************************************************************************


────────────────────────────────────────────────────────────────────────────────
[FRAME 278] Δt = 1.00s
────────────────────────────────────────────────────────────────────────────────
  State      : Armed=True, Mode=LOITER
  Position   : ( -0.000,  -0.000,   2.483)
  Velocity   : (  0.000,  -0.000,  -0.071)
  Target Pos : ( -0.000,  -0.000,   2.498)
  Error      : (  0.000,   0.000,   0.015) = 0.015m
  PID Output : (  0.000,   0.000,   0.059) m/s
  Applied Force: (  -0.00,    0.00,    5.89) N (|F|=5.89N)
  ✅ Gravity compensation active (Fz > 0)
  Actual Vel: (  0.000,  -0.000,   0.125) m/s
  ℹ️  Velocity differs from PID (hybrid physics integration active)
────────────────────────────────────────────────────────────────────────────────


────────────────────────────────────────────────────────────────────────────────
[FRAME 297] Δt = 1.00s
────────────────────────────────────────────────────────────────────────────────
  State      : Armed=True, Mode=LOITER
  Position   : ( -0.000,  -0.000,   2.484)
  Velocity   : (  0.000,  -0.000,  -0.072)
  Target Pos : ( -0.000,  -0.000,   2.498)
  Error      : (  0.000,   0.000,   0.014) = 0.014m
  PID Output : (  0.000,   0.000,   0.059) m/s
  Applied Force: (  -0.00,    0.00,    5.89) N (|F|=5.89N)
  ✅ Gravity compensation active (Fz > 0)
  Actual Vel: (  0.000,  -0.000,   0.125) m/s
  ℹ️  Velocity differs from PID (hybrid physics integration active)
────────────────────────────────────────────────────────────────────────────────

[DBG CACHE] Frame 300: Updating cache with pos=(-0.000,-0.000,2.484)
[DBG ROS2] Publishing to /drone/odom: pos=(-0.000,-0.000,2.484)

────────────────────────────────────────────────────────────────────────────────
[FRAME 315] Δt = 1.00s
────────────────────────────────────────────────────────────────────────────────
  State      : Armed=True, Mode=LOITER
  Position   : ( -0.000,  -0.000,   2.484)
  Velocity   : (  0.000,  -0.000,  -0.072)
  Target Pos : ( -0.000,  -0.000,   2.498)
  Error      : (  0.000,   0.000,   0.013) = 0.013m
  PID Output : (  0.000,   0.000,   0.059) m/s
  Applied Force: (  -0.00,    0.00,    5.89) N (|F|=5.89N)
  ✅ Gravity compensation active (Fz > 0)
  Actual Vel: (  0.000,  -0.000,   0.125) m/s
  ℹ️  Velocity differs from PID (hybrid physics integration active)
────────────────────────────────────────────────────────────────────────────────


────────────────────────────────────────────────────────────────────────────────
[FRAME 334] Δt = 1.00s
────────────────────────────────────────────────────────────────────────────────
  State      : Armed=True, Mode=LOITER
  Position   : ( -0.000,  -0.000,   2.485)
  Velocity   : (  0.000,  -0.000,  -0.072)
  Target Pos : ( -0.000,  -0.000,   2.498)
  Error      : (  0.000,   0.000,   0.012) = 0.012m
  PID Output : (  0.000,   0.000,   0.059) m/s
  Applied Force: (   0.00,    0.00,    5.89) N (|F|=5.89N)
  ✅ Gravity compensation active (Fz > 0)
  Actual Vel: (  0.000,  -0.000,   0.124) m/s
  ℹ️  Velocity differs from PID (hybrid physics integration active)
────────────────────────────────────────────────────────────────────────────────


────────────────────────────────────────────────────────────────────────────────
[FRAME 352] Δt = 1.00s
────────────────────────────────────────────────────────────────────────────────
  State      : Armed=True, Mode=LOITER
  Position   : ( -0.000,  -0.000,   2.486)
  Velocity   : (  0.000,  -0.000,  -0.072)
  Target Pos : ( -0.000,  -0.000,   2.498)
  Error      : (  0.000,   0.000,   0.012) = 0.012m
  PID Output : (  0.000,   0.000,   0.059) m/s
  Applied Force: (   0.00,    0.00,    5.89) N (|F|=5.89N)
  ✅ Gravity compensation active (Fz > 0)
  Actual Vel: (  0.000,  -0.000,   0.124) m/s
  ℹ️  Velocity differs from PID (hybrid physics integration active)
────────────────────────────────────────────────────────────────────────────────

[DBG CACHE] Frame 360: Updating cache with pos=(-0.000,-0.000,2.486)
[DBG ROS2] Publishing to /drone/odom: pos=(-0.000,-0.000,2.486)

────────────────────────────────────────────────────────────────────────────────
[FRAME 371] Δt = 1.00s
────────────────────────────────────────────────────────────────────────────────
  State      : Armed=True, Mode=LOITER
  Position   : ( -0.000,  -0.000,   2.486)
  Velocity   : (  0.000,  -0.000,  -0.072)
  Target Pos : ( -0.000,  -0.000,   2.498)
  Error      : (  0.000,   0.000,   0.011) = 0.011m
  PID Output : (  0.000,   0.000,   0.059) m/s
  Applied Force: (  -0.00,    0.00,    5.89) N (|F|=5.89N)
  ✅ Gravity compensation active (Fz > 0)
  Actual Vel: (  0.000,  -0.000,   0.124) m/s
  ℹ️  Velocity differs from PID (hybrid physics integration active)
────────────────────────────────────────────────────────────────────────────────


────────────────────────────────────────────────────────────────────────────────
[FRAME 389] Δt = 1.00s
────────────────────────────────────────────────────────────────────────────────
  State      : Armed=True, Mode=LOITER
  Position   : ( -0.000,  -0.000,   2.487)
  Velocity   : (  0.000,  -0.000,  -0.072)
  Target Pos : ( -0.000,  -0.000,   2.498)
  Error      : (  0.000,   0.000,   0.011) = 0.011m
  PID Output : (  0.000,   0.000,   0.059) m/s
  Applied Force: (   0.00,    0.00,    5.89) N (|F|=5.89N)
  ✅ Gravity compensation active (Fz > 0)
  Actual Vel: (  0.000,  -0.000,   0.124) m/s
  ℹ️  Velocity differs from PID (hybrid physics integration active)
────────────────────────────────────────────────────────────────────────────────


────────────────────────────────────────────────────────────────────────────────
[FRAME 408] Δt = 1.00s
────────────────────────────────────────────────────────────────────────────────
  State      : Armed=True, Mode=LOITER
  Position   : ( -0.000,  -0.000,   2.488)
  Velocity   : (  0.000,   0.000,  -0.072)
  Target Pos : ( -0.000,  -0.000,   2.498)
  Error      : (  0.000,   0.000,   0.010) = 0.010m
  PID Output : (  0.000,   0.000,   0.059) m/s
  Applied Force: (  -0.00,   -0.00,    5.89) N (|F|=5.89N)
  ✅ Gravity compensation active (Fz > 0)
  Actual Vel: (  0.000,   0.000,   0.124) m/s
  ℹ️  Velocity differs from PID (hybrid physics integration active)
────────────────────────────────────────────────────────────────────────────────

[ROS2 SERVICE] /drone/land called
[Drone drone] Mode: LOITER → LANDING
[ROS2 SERVICE] /drone/land success: Mode set to LANDING
[DBG CACHE] Frame 420: Updating cache with pos=(-0.000,-0.000,2.483)
[DBG ROS2] Publishing to /drone/odom: pos=(-0.000,-0.000,2.483)

────────────────────────────────────────────────────────────────────────────────
[FRAME 426] Δt = 1.00s
────────────────────────────────────────────────────────────────────────────────
  State      : Armed=True, Mode=LANDING
  Position   : ( -0.000,  -0.000,   2.450)
  Velocity   : (  0.000,   0.000,  -0.395)
  Target Pos : ( -0.000,  -0.000,   2.498)
  Error      : (  0.000,   0.000,   0.048) = 0.048m
  PID Output : (  0.000,   0.000,  -0.300) m/s
  Applied Force: (  -0.00,   -0.00,    5.62) N (|F|=5.62N)
  Actual Vel: (  0.000,   0.000,  -0.208) m/s
  ℹ️  Velocity differs from PID (hybrid physics integration active)
────────────────────────────────────────────────────────────────────────────────


────────────────────────────────────────────────────────────────────────────────
[FRAME 444] Δt = 1.00s
────────────────────────────────────────────────────────────────────────────────
  State      : Armed=True, Mode=LANDING
  Position   : ( -0.000,  -0.000,   2.324)
  Velocity   : (  0.000,   0.000,  -0.431)
  Target Pos : ( -0.000,  -0.000,   2.498)
  Error      : (  0.000,   0.000,   0.174) = 0.174m
  PID Output : (  0.000,   0.000,  -0.300) m/s
  Applied Force: (  -0.00,   -0.00,    5.88) N (|F|=5.88N)
  Actual Vel: (  0.000,   0.000,  -0.234) m/s
  ℹ️  Velocity differs from PID (hybrid physics integration active)
────────────────────────────────────────────────────────────────────────────────


────────────────────────────────────────────────────────────────────────────────
[FRAME 462] Δt = 1.00s
────────────────────────────────────────────────────────────────────────────────
  State      : Armed=True, Mode=LANDING
  Position   : ( -0.000,  -0.000,   2.195)
  Velocity   : (  0.000,   0.000,  -0.431)
  Target Pos : ( -0.000,  -0.000,   2.498)
  Error      : (  0.000,   0.000,   0.303) = 0.303m
  PID Output : (  0.000,   0.000,  -0.300) m/s
  Applied Force: (  -0.00,   -0.00,    5.89) N (|F|=5.89N)
  Actual Vel: (  0.000,   0.000,  -0.235) m/s
  ℹ️  Velocity differs from PID (hybrid physics integration active)
────────────────────────────────────────────────────────────────────────────────

[DBG CACHE] Frame 480: Updating cache with pos=(-0.000,-0.000,2.066)
[DBG ROS2] Publishing to /drone/odom: pos=(-0.000,-0.000,2.066)

────────────────────────────────────────────────────────────────────────────────
[FRAME 481] Δt = 1.00s
────────────────────────────────────────────────────────────────────────────────
  State      : Armed=True, Mode=LANDING
  Position   : ( -0.000,  -0.000,   2.059)
  Velocity   : (  0.000,   0.000,  -0.431)
  Target Pos : ( -0.000,  -0.000,   2.498)
  Error      : (  0.000,   0.000,   0.438) = 0.438m
  PID Output : (  0.000,   0.000,  -0.300) m/s
  Applied Force: (  -0.00,   -0.00,    5.89) N (|F|=5.89N)
  Actual Vel: (  0.000,   0.000,  -0.235) m/s
  ℹ️  Velocity differs from PID (hybrid physics integration active)
────────────────────────────────────────────────────────────────────────────────


────────────────────────────────────────────────────────────────────────────────
[FRAME 500] Δt = 1.00s
────────────────────────────────────────────────────────────────────────────────
  State      : Armed=True, Mode=LANDING
  Position   : ( -0.000,  -0.000,   1.923)
  Velocity   : (  0.000,  -0.000,  -0.431)
  Target Pos : ( -0.000,  -0.000,   2.498)
  Error      : (  0.000,   0.000,   0.574) = 0.574m
  PID Output : (  0.000,   0.000,  -0.300) m/s
  Applied Force: (  -0.00,    0.00,    5.89) N (|F|=5.89N)
  Actual Vel: (  0.000,  -0.000,  -0.235) m/s
  ℹ️  Velocity differs from PID (hybrid physics integration active)
────────────────────────────────────────────────────────────────────────────────


────────────────────────────────────────────────────────────────────────────────
[FRAME 519] Δt = 1.00s
────────────────────────────────────────────────────────────────────────────────
  State      : Armed=True, Mode=LANDING
  Position   : ( -0.000,  -0.000,   1.788)
  Velocity   : (  0.000,   0.000,  -0.431)
  Target Pos : ( -0.000,  -0.000,   2.498)
  Error      : (  0.000,   0.000,   0.710) = 0.710m
  PID Output : (  0.000,   0.000,  -0.300) m/s
  Applied Force: (  -0.00,   -0.00,    5.89) N (|F|=5.89N)
  Actual Vel: (  0.000,   0.000,  -0.235) m/s
  ℹ️  Velocity differs from PID (hybrid physics integration active)
────────────────────────────────────────────────────────────────────────────────


────────────────────────────────────────────────────────────────────────────────
[FRAME 538] Δt = 1.00s
────────────────────────────────────────────────────────────────────────────────
  State      : Armed=True, Mode=LANDING
  Position   : ( -0.000,  -0.000,   1.652)
  Velocity   : ( -0.000,   0.000,  -0.431)
  Target Pos : ( -0.000,  -0.000,   2.498)
  Error      : (  0.000,   0.000,   0.846) = 0.846m
  PID Output : (  0.000,   0.000,  -0.300) m/s
  Applied Force: (   0.00,   -0.00,    5.89) N (|F|=5.89N)
  Actual Vel: ( -0.000,   0.000,  -0.235) m/s
  ℹ️  Velocity differs from PID (hybrid physics integration active)
────────────────────────────────────────────────────────────────────────────────

[DBG CACHE] Frame 540: Updating cache with pos=(-0.000,-0.000,1.638)
[DBG ROS2] Publishing to /drone/odom: pos=(-0.000,-0.000,1.638)

────────────────────────────────────────────────────────────────────────────────
[FRAME 556] Δt = 1.00s
────────────────────────────────────────────────────────────────────────────────
  State      : Armed=True, Mode=LANDING
  Position   : ( -0.000,  -0.000,   1.523)
  Velocity   : (  0.000,  -0.000,  -0.431)
  Target Pos : ( -0.000,  -0.000,   2.498)
  Error      : (  0.000,   0.000,   0.974) = 0.974m
  PID Output : (  0.000,   0.000,  -0.300) m/s
  Applied Force: (  -0.00,    0.00,    5.89) N (|F|=5.89N)
  Actual Vel: (  0.000,  -0.000,  -0.235) m/s
  ℹ️  Velocity differs from PID (hybrid physics integration active)
────────────────────────────────────────────────────────────────────────────────


────────────────────────────────────────────────────────────────────────────────
[FRAME 574] Δt = 1.00s
────────────────────────────────────────────────────────────────────────────────
  State      : Armed=True, Mode=LANDING
  Position   : ( -0.000,  -0.000,   1.395)
  Velocity   : (  0.000,   0.000,  -0.431)
  Target Pos : ( -0.000,  -0.000,   2.498)
  Error      : (  0.000,   0.000,   1.103) = 1.103m
  PID Output : (  0.000,   0.000,  -0.300) m/s
  Applied Force: (  -0.00,   -0.00,    5.89) N (|F|=5.89N)
  Actual Vel: (  0.000,   0.000,  -0.235) m/s
  ℹ️  Velocity differs from PID (hybrid physics integration active)
────────────────────────────────────────────────────────────────────────────────


────────────────────────────────────────────────────────────────────────────────
[FRAME 592] Δt = 1.00s
────────────────────────────────────────────────────────────────────────────────
  State      : Armed=True, Mode=LANDING
  Position   : ( -0.000,  -0.000,   1.266)
  Velocity   : (  0.000,   0.000,  -0.431)
  Target Pos : ( -0.000,  -0.000,   2.498)
  Error      : (  0.000,   0.000,   1.231) = 1.231m
  PID Output : (  0.000,   0.000,  -0.300) m/s
  Applied Force: (  -0.00,   -0.00,    5.89) N (|F|=5.89N)
  Actual Vel: (  0.000,   0.000,  -0.235) m/s
  ℹ️  Velocity differs from PID (hybrid physics integration active)
────────────────────────────────────────────────────────────────────────────────

[DBG CACHE] Frame 600: Updating cache with pos=(-0.000,-0.000,1.209)
[DBG ROS2] Publishing to /drone/odom: pos=(-0.000,-0.000,1.209)

────────────────────────────────────────────────────────────────────────────────
[FRAME 610] Δt = 1.00s
────────────────────────────────────────────────────────────────────────────────
  State      : Armed=True, Mode=LANDING
  Position   : ( -0.000,  -0.000,   1.138)
  Velocity   : (  0.000,  -0.000,  -0.431)
  Target Pos : ( -0.000,  -0.000,   2.498)
  Error      : (  0.000,   0.000,   1.360) = 1.360m
  PID Output : (  0.000,   0.000,  -0.300) m/s
  Applied Force: (  -0.00,    0.00,    5.89) N (|F|=5.89N)
  Actual Vel: (  0.000,  -0.000,  -0.235) m/s
  ℹ️  Velocity differs from PID (hybrid physics integration active)
────────────────────────────────────────────────────────────────────────────────


────────────────────────────────────────────────────────────────────────────────
[FRAME 628] Δt = 1.00s
────────────────────────────────────────────────────────────────────────────────
  State      : Armed=True, Mode=LANDING
  Position   : ( -0.000,  -0.000,   1.009)
  Velocity   : ( -0.000,  -0.000,  -0.431)
  Target Pos : ( -0.000,  -0.000,   2.498)
  Error      : (  0.000,   0.000,   1.489) = 1.489m
  PID Output : (  0.000,   0.000,  -0.300) m/s
  Applied Force: (   0.00,    0.00,    5.89) N (|F|=5.89N)
  Actual Vel: ( -0.000,  -0.000,  -0.235) m/s
  ℹ️  Velocity differs from PID (hybrid physics integration active)
────────────────────────────────────────────────────────────────────────────────


────────────────────────────────────────────────────────────────────────────────
[FRAME 646] Δt = 1.00s
────────────────────────────────────────────────────────────────────────────────
  State      : Armed=True, Mode=LANDING
  Position   : ( -0.000,  -0.000,   0.880)
  Velocity   : (  0.000,   0.000,  -0.431)
  Target Pos : ( -0.000,  -0.000,   2.498)
  Error      : (  0.000,   0.000,   1.617) = 1.617m
  PID Output : (  0.000,   0.000,  -0.300) m/s
  Applied Force: (  -0.00,   -0.00,    5.89) N (|F|=5.89N)
  Actual Vel: (  0.000,   0.000,  -0.235) m/s
  ℹ️  Velocity differs from PID (hybrid physics integration active)
────────────────────────────────────────────────────────────────────────────────

[DBG CACHE] Frame 660: Updating cache with pos=(-0.000,-0.000,0.780)
[DBG ROS2] Publishing to /drone/odom: pos=(-0.000,-0.000,0.780)

────────────────────────────────────────────────────────────────────────────────
[FRAME 664] Δt = 1.00s
────────────────────────────────────────────────────────────────────────────────
  State      : Armed=True, Mode=LANDING
  Position   : ( -0.000,  -0.000,   0.752)
  Velocity   : (  0.000,   0.000,  -0.431)
  Target Pos : ( -0.000,  -0.000,   2.498)
  Error      : (  0.000,   0.000,   1.746) = 1.746m
  PID Output : (  0.000,   0.000,  -0.300) m/s
  Applied Force: (  -0.00,   -0.00,    5.89) N (|F|=5.89N)
  Actual Vel: (  0.000,   0.000,  -0.235) m/s
  ℹ️  Velocity differs from PID (hybrid physics integration active)
────────────────────────────────────────────────────────────────────────────────


────────────────────────────────────────────────────────────────────────────────
[FRAME 682] Δt = 1.00s
────────────────────────────────────────────────────────────────────────────────
  State      : Armed=True, Mode=LANDING
  Position   : ( -0.000,  -0.000,   0.623)
  Velocity   : (  0.000,   0.000,  -0.431)
  Target Pos : ( -0.000,  -0.000,   2.498)
  Error      : (  0.000,   0.000,   1.874) = 1.874m
  PID Output : (  0.000,   0.000,  -0.300) m/s
  Applied Force: (  -0.00,   -0.00,    5.89) N (|F|=5.89N)
  Actual Vel: (  0.000,   0.000,  -0.235) m/s
  ℹ️  Velocity differs from PID (hybrid physics integration active)
────────────────────────────────────────────────────────────────────────────────


────────────────────────────────────────────────────────────────────────────────
[FRAME 700] Δt = 1.00s
────────────────────────────────────────────────────────────────────────────────
  State      : Armed=True, Mode=LANDING
  Position   : ( -0.002,   0.011,   0.553)
  Velocity   : (  0.010,  -0.029,  -0.012)
  Target Pos : ( -0.000,  -0.000,   2.498)
  Error      : (  0.002,  -0.011,   1.945) = 1.945m
  PID Output : (  0.000,   0.000,  -0.300) m/s
  Applied Force: (  -0.07,    0.22,    2.74) N (|F|=2.75N)
  Actual Vel: (  0.007,  -0.022,   0.080) m/s
  ℹ️  Velocity differs from PID (hybrid physics integration active)
────────────────────────────────────────────────────────────────────────────────


────────────────────────────────────────────────────────────────────────────────
[FRAME 717] Δt = 1.00s
────────────────────────────────────────────────────────────────────────────────
  State      : Armed=True, Mode=LANDING
  Position   : ( -0.002,   0.006,   0.550)
  Velocity   : ( -0.004,   0.004,   0.001)
  Target Pos : ( -0.000,  -0.000,   2.498)
  Error      : (  0.002,  -0.006,   1.947) = 1.947m
  PID Output : (  0.000,   0.000,  -0.300) m/s
  Applied Force: (   0.03,   -0.03,    2.65) N (|F|=2.65N)
  Actual Vel: ( -0.003,   0.003,   0.089) m/s
  ℹ️  Velocity differs from PID (hybrid physics integration active)
  ⚠️  WARNING: Drone is STUCK (not moving toward target)
────────────────────────────────────────────────────────────────────────────────

[DBG CACHE] Frame 720: Updating cache with pos=(-0.002,0.006,0.550)
[DBG ROS2] Publishing to /drone/odom: pos=(-0.002,0.006,0.550)

────────────────────────────────────────────────────────────────────────────────
[FRAME 735] Δt = 1.00s
────────────────────────────────────────────────────────────────────────────────
  State      : Armed=True, Mode=LANDING
  Position   : ( -0.004,   0.006,   0.551)
  Velocity   : (  0.008,  -0.000,  -0.004)
  Target Pos : ( -0.000,  -0.000,   2.498)
  Error      : (  0.004,  -0.006,   1.947) = 1.947m
  PID Output : (  0.000,   0.000,  -0.300) m/s
  Applied Force: (  -0.06,    0.00,    2.69) N (|F|=2.69N)
  Actual Vel: (  0.006,  -0.000,   0.085) m/s
  ℹ️  Velocity differs from PID (hybrid physics integration active)
  ⚠️  WARNING: Drone is STUCK (not moving toward target)
────────────────────────────────────────────────────────────────────────────────


────────────────────────────────────────────────────────────────────────────────
[FRAME 752] Δt = 1.00s
────────────────────────────────────────────────────────────────────────────────
  State      : Armed=True, Mode=LANDING
  Position   : ( -0.001,   0.006,   0.550)
  Velocity   : (  0.018,   0.005,  -0.002)
  Target Pos : ( -0.000,  -0.000,   2.498)
  Error      : (  0.001,  -0.006,   1.947) = 1.947m
  PID Output : (  0.000,   0.000,  -0.300) m/s
  Applied Force: (  -0.14,   -0.04,    2.67) N (|F|=2.67N)
  Actual Vel: (  0.014,   0.004,   0.087) m/s
  ℹ️  Velocity differs from PID (hybrid physics integration active)
────────────────────────────────────────────────────────────────────────────────


────────────────────────────────────────────────────────────────────────────────
[FRAME 769] Δt = 1.00s
────────────────────────────────────────────────────────────────────────────────
  State      : Armed=True, Mode=LANDING
  Position   : (  0.000,   0.006,   0.550)
  Velocity   : (  0.004,  -0.001,  -0.000)
  Target Pos : ( -0.000,  -0.000,   2.498)
  Error      : ( -0.000,  -0.006,   1.948) = 1.948m
  PID Output : (  0.000,   0.000,  -0.300) m/s
  Applied Force: (  -0.03,    0.00,    2.66) N (|F|=2.66N)
  Actual Vel: (  0.003,  -0.000,   0.088) m/s
  ℹ️  Velocity differs from PID (hybrid physics integration active)
  ⚠️  WARNING: Drone is STUCK (not moving toward target)
────────────────────────────────────────────────────────────────────────────────

[DBG CACHE] Frame 780: Updating cache with pos=(0.001,0.006,0.550)
[DBG ROS2] Publishing to /drone/odom: pos=(0.001,0.006,0.550)

────────────────────────────────────────────────────────────────────────────────
[FRAME 786] Δt = 1.00s
────────────────────────────────────────────────────────────────────────────────
  State      : Armed=True, Mode=LANDING
  Position   : (  0.001,   0.007,   0.550)
  Velocity   : ( -0.017,   0.004,   0.002)
  Target Pos : ( -0.000,  -0.000,   2.498)
  Error      : ( -0.001,  -0.007,   1.948) = 1.948m
  PID Output : (  0.000,   0.000,  -0.300) m/s
  Applied Force: (   0.13,   -0.03,    2.64) N (|F|=2.64N)
  Actual Vel: ( -0.013,   0.003,   0.090) m/s
  ℹ️  Velocity differs from PID (hybrid physics integration active)
────────────────────────────────────────────────────────────────────────────────


────────────────────────────────────────────────────────────────────────────────
[FRAME 803] Δt = 1.00s
────────────────────────────────────────────────────────────────────────────────
  State      : Armed=True, Mode=LANDING
  Position   : ( -0.001,   0.008,   0.550)
  Velocity   : (  0.017,   0.002,  -0.002)
  Target Pos : ( -0.000,  -0.000,   2.498)
  Error      : (  0.001,  -0.008,   1.947) = 1.947m
  PID Output : (  0.000,   0.000,  -0.300) m/s
  Applied Force: (  -0.13,   -0.02,    2.67) N (|F|=2.67N)
  Actual Vel: (  0.013,   0.002,   0.087) m/s
  ℹ️  Velocity differs from PID (hybrid physics integration active)
────────────────────────────────────────────────────────────────────────────────


────────────────────────────────────────────────────────────────────────────────
[FRAME 820] Δt = 1.00s
────────────────────────────────────────────────────────────────────────────────
  State      : Armed=True, Mode=LANDING
  Position   : ( -0.000,   0.007,   0.550)
  Velocity   : (  0.015,   0.000,  -0.001)
  Target Pos : ( -0.000,  -0.000,   2.498)
  Error      : (  0.000,  -0.007,   1.947) = 1.947m
  PID Output : (  0.000,   0.000,  -0.300) m/s
  Applied Force: (  -0.11,   -0.00,    2.67) N (|F|=2.67N)
  Actual Vel: (  0.011,   0.000,   0.087) m/s
  ℹ️  Velocity differs from PID (hybrid physics integration active)
────────────────────────────────────────────────────────────────────────────────


────────────────────────────────────────────────────────────────────────────────
[FRAME 837] Δt = 1.00s
────────────────────────────────────────────────────────────────────────────────
  State      : Armed=True, Mode=LANDING
  Position   : (  0.001,   0.007,   0.550)
  Velocity   : ( -0.000,   0.011,   0.000)
  Target Pos : ( -0.000,  -0.000,   2.498)
  Error      : ( -0.001,  -0.007,   1.948) = 1.948m
  PID Output : (  0.000,   0.000,  -0.300) m/s
  Applied Force: (   0.00,   -0.08,    2.65) N (|F|=2.66N)
  Actual Vel: ( -0.000,   0.008,   0.089) m/s
  ℹ️  Velocity differs from PID (hybrid physics integration active)
────────────────────────────────────────────────────────────────────────────────

[DBG CACHE] Frame 840: Updating cache with pos=(0.001,0.007,0.550)
[DBG ROS2] Publishing to /drone/odom: pos=(0.001,0.007,0.550)

────────────────────────────────────────────────────────────────────────────────
[FRAME 854] Δt = 1.00s
────────────────────────────────────────────────────────────────────────────────
  State      : Armed=True, Mode=LANDING
  Position   : ( -0.001,   0.009,   0.550)
  Velocity   : ( -0.020,   0.003,   0.002)
  Target Pos : ( -0.000,  -0.000,   2.498)
  Error      : (  0.001,  -0.009,   1.947) = 1.947m
  PID Output : (  0.000,   0.000,  -0.300) m/s
  Applied Force: (   0.15,   -0.02,    2.64) N (|F|=2.64N)
  Actual Vel: ( -0.015,   0.002,   0.090) m/s
  ℹ️  Velocity differs from PID (hybrid physics integration active)
────────────────────────────────────────────────────────────────────────────────


────────────────────────────────────────────────────────────────────────────────
[FRAME 871] Δt = 1.00s
────────────────────────────────────────────────────────────────────────────────
  State      : Armed=True, Mode=LANDING
  Position   : ( -0.002,   0.008,   0.550)
  Velocity   : (  0.013,   0.006,  -0.001)
  Target Pos : ( -0.000,  -0.000,   2.498)
  Error      : (  0.002,  -0.008,   1.947) = 1.947m
  PID Output : (  0.000,   0.000,  -0.300) m/s
  Applied Force: (  -0.10,   -0.04,    2.66) N (|F|=2.67N)
  Actual Vel: (  0.010,   0.004,   0.088) m/s
  ℹ️  Velocity differs from PID (hybrid physics integration active)
────────────────────────────────────────────────────────────────────────────────


────────────────────────────────────────────────────────────────────────────────
[FRAME 889] Δt = 1.00s
────────────────────────────────────────────────────────────────────────────────
  State      : Armed=True, Mode=LANDING
  Position   : (  0.002,   0.009,   0.550)
  Velocity   : (  0.016,   0.001,  -0.001)
  Target Pos : ( -0.000,  -0.000,   2.498)
  Error      : ( -0.002,  -0.009,   1.948) = 1.948m
  PID Output : (  0.000,   0.000,  -0.300) m/s
  Applied Force: (  -0.12,   -0.00,    2.67) N (|F|=2.67N)
  Actual Vel: (  0.012,   0.000,   0.087) m/s
  ℹ️  Velocity differs from PID (hybrid physics integration active)
────────────────────────────────────────────────────────────────────────────────

[DBG CACHE] Frame 900: Updating cache with pos=(0.002,0.009,0.550)
[DBG ROS2] Publishing to /drone/odom: pos=(0.002,0.009,0.550)

────────────────────────────────────────────────────────────────────────────────
[FRAME 906] Δt = 1.00s
────────────────────────────────────────────────────────────────────────────────
  State      : Armed=True, Mode=LANDING
  Position   : (  0.002,   0.009,   0.550)
  Velocity   : (  0.009,  -0.004,  -0.001)
  Target Pos : ( -0.000,  -0.000,   2.498)
  Error      : ( -0.002,  -0.009,   1.948) = 1.948m
  PID Output : (  0.000,   0.000,  -0.300) m/s
  Applied Force: (  -0.07,    0.03,    2.66) N (|F|=2.66N)
  Actual Vel: (  0.007,  -0.003,   0.088) m/s
  ℹ️  Velocity differs from PID (hybrid physics integration active)
────────────────────────────────────────────────────────────────────────────────


────────────────────────────────────────────────────────────────────────────────
[FRAME 923] Δt = 1.00s
────────────────────────────────────────────────────────────────────────────────
  State      : Armed=True, Mode=LANDING
  Position   : (  0.003,   0.008,   0.550)
  Velocity   : (  0.013,   0.005,  -0.001)
  Target Pos : ( -0.000,  -0.000,   2.498)
  Error      : ( -0.003,  -0.008,   1.948) = 1.948m
  PID Output : (  0.000,   0.000,  -0.300) m/s
  Applied Force: (  -0.10,   -0.04,    2.66) N (|F|=2.67N)
  Actual Vel: (  0.010,   0.004,   0.088) m/s
  ℹ️  Velocity differs from PID (hybrid physics integration active)
────────────────────────────────────────────────────────────────────────────────


────────────────────────────────────────────────────────────────────────────────
[FRAME 940] Δt = 1.00s
────────────────────────────────────────────────────────────────────────────────
  State      : Armed=True, Mode=LANDING
  Position   : (  0.004,   0.008,   0.549)
  Velocity   : ( -0.011,   0.000,   0.002)
  Target Pos : ( -0.000,  -0.000,   2.498)
  Error      : ( -0.004,  -0.008,   1.948) = 1.948m
  PID Output : (  0.000,   0.000,  -0.300) m/s
  Applied Force: (   0.08,   -0.00,    2.64) N (|F|=2.64N)
  Actual Vel: ( -0.008,   0.000,   0.090) m/s
  ℹ️  Velocity differs from PID (hybrid physics integration active)
────────────────────────────────────────────────────────────────────────────────


────────────────────────────────────────────────────────────────────────────────
[FRAME 957] Δt = 1.00s
────────────────────────────────────────────────────────────────────────────────
  State      : Armed=True, Mode=LANDING
  Position   : (  0.002,   0.007,   0.550)
  Velocity   : ( -0.005,   0.007,  -0.000)
  Target Pos : ( -0.000,  -0.000,   2.498)
  Error      : ( -0.002,  -0.007,   1.948) = 1.948m
  PID Output : (  0.000,   0.000,  -0.300) m/s
  Applied Force: (   0.04,   -0.05,    2.66) N (|F|=2.66N)
  Actual Vel: ( -0.004,   0.005,   0.088) m/s
  ℹ️  Velocity differs from PID (hybrid physics integration active)
  ⚠️  WARNING: Drone is STUCK (not moving toward target)
────────────────────────────────────────────────────────────────────────────────

[DBG CACHE] Frame 960: Updating cache with pos=(0.002,0.008,0.550)
[DBG ROS2] Publishing to /drone/odom: pos=(0.002,0.008,0.550)

────────────────────────────────────────────────────────────────────────────────
[FRAME 975] Δt = 1.00s
────────────────────────────────────────────────────────────────────────────────
  State      : Armed=True, Mode=LANDING
  Position   : (  0.005,   0.009,   0.549)
  Velocity   : ( -0.003,   0.000,  -0.000)
  Target Pos : ( -0.000,  -0.000,   2.498)
  Error      : ( -0.005,  -0.009,   1.948) = 1.948m
  PID Output : (  0.000,   0.000,  -0.300) m/s
  Applied Force: (   0.02,   -0.00,    2.66) N (|F|=2.66N)
  Actual Vel: ( -0.002,   0.000,   0.088) m/s
  ℹ️  Velocity differs from PID (hybrid physics integration active)
  ⚠️  WARNING: Drone is STUCK (not moving toward target)
────────────────────────────────────────────────────────────────────────────────


────────────────────────────────────────────────────────────────────────────────
[FRAME 992] Δt = 1.00s
────────────────────────────────────────────────────────────────────────────────
  State      : Armed=True, Mode=LANDING
  Position   : (  0.004,   0.009,   0.549)
  Velocity   : ( -0.001,   0.004,  -0.001)
  Target Pos : ( -0.000,  -0.000,   2.498)
  Error      : ( -0.004,  -0.009,   1.948) = 1.948m
  PID Output : (  0.000,   0.000,  -0.300) m/s
  Applied Force: (   0.01,   -0.03,    2.67) N (|F|=2.67N)
  Actual Vel: ( -0.001,   0.003,   0.087) m/s
  ℹ️  Velocity differs from PID (hybrid physics integration active)
  ⚠️  WARNING: Drone is STUCK (not moving toward target)
────────────────────────────────────────────────────────────────────────────────


────────────────────────────────────────────────────────────────────────────────
[FRAME 1010] Δt = 1.00s
────────────────────────────────────────────────────────────────────────────────
  State      : Armed=True, Mode=LANDING
  Position   : (  0.001,   0.010,   0.551)
  Velocity   : (  0.003,   0.022,  -0.004)
  Target Pos : ( -0.000,  -0.000,   2.498)
  Error      : ( -0.001,  -0.010,   1.947) = 1.947m
  PID Output : (  0.000,   0.000,  -0.300) m/s
  Applied Force: (  -0.02,   -0.16,    2.69) N (|F|=2.69N)
  Actual Vel: (  0.002,   0.016,   0.085) m/s
  ℹ️  Velocity differs from PID (hybrid physics integration active)
────────────────────────────────────────────────────────────────────────────────

[DBG CACHE] Frame 1020: Updating cache with pos=(0.002,0.010,0.550)
[DBG ROS2] Publishing to /drone/odom: pos=(0.002,0.010,0.550)

────────────────────────────────────────────────────────────────────────────────
[FRAME 1028] Δt = 1.00s
────────────────────────────────────────────────────────────────────────────────
  State      : Armed=True, Mode=LANDING
  Position   : (  0.002,   0.010,   0.550)
  Velocity   : (  0.001,  -0.004,   0.000)
  Target Pos : ( -0.000,  -0.000,   2.498)
  Error      : ( -0.002,  -0.010,   1.947) = 1.947m
  PID Output : (  0.000,   0.000,  -0.300) m/s
  Applied Force: (  -0.01,    0.03,    2.65) N (|F|=2.65N)
  Actual Vel: (  0.001,  -0.003,   0.089) m/s
  ℹ️  Velocity differs from PID (hybrid physics integration active)
  ⚠️  WARNING: Drone is STUCK (not moving toward target)
────────────────────────────────────────────────────────────────────────────────


────────────────────────────────────────────────────────────────────────────────
[FRAME 1045] Δt = 1.00s
────────────────────────────────────────────────────────────────────────────────
  State      : Armed=True, Mode=LANDING
  Position   : (  0.003,   0.009,   0.550)
  Velocity   : (  0.008,   0.001,  -0.002)
  Target Pos : ( -0.000,  -0.000,   2.498)
  Error      : ( -0.003,  -0.009,   1.947) = 1.947m
  PID Output : (  0.000,   0.000,  -0.300) m/s
  Applied Force: (  -0.06,   -0.01,    2.67) N (|F|=2.67N)
  Actual Vel: (  0.006,   0.001,   0.087) m/s
  ℹ️  Velocity differs from PID (hybrid physics integration active)
  ⚠️  WARNING: Drone is STUCK (not moving toward target)
────────────────────────────────────────────────────────────────────────────────


────────────────────────────────────────────────────────────────────────────────
[FRAME 1062] Δt = 1.00s
────────────────────────────────────────────────────────────────────────────────
  State      : Armed=True, Mode=LANDING
  Position   : (  0.003,   0.007,   0.550)
  Velocity   : ( -0.003,  -0.002,   0.000)
  Target Pos : ( -0.000,  -0.000,   2.498)
  Error      : ( -0.003,  -0.007,   1.947) = 1.947m
  PID Output : (  0.000,   0.000,  -0.300) m/s
  Applied Force: (   0.02,    0.01,    2.65) N (|F|=2.65N)
  Actual Vel: ( -0.002,  -0.001,   0.089) m/s
  ℹ️  Velocity differs from PID (hybrid physics integration active)
  ⚠️  WARNING: Drone is STUCK (not moving toward target)
────────────────────────────────────────────────────────────────────────────────


────────────────────────────────────────────────────────────────────────────────
[FRAME 1079] Δt = 1.00s
────────────────────────────────────────────────────────────────────────────────
  State      : Armed=True, Mode=LANDING
  Position   : (  0.003,   0.007,   0.550)
  Velocity   : (  0.009,   0.003,  -0.001)
  Target Pos : ( -0.000,  -0.000,   2.498)
  Error      : ( -0.003,  -0.007,   1.947) = 1.947m
  PID Output : (  0.000,   0.000,  -0.300) m/s
  Applied Force: (  -0.07,   -0.02,    2.66) N (|F|=2.66N)
  Actual Vel: (  0.007,   0.002,   0.088) m/s
  ℹ️  Velocity differs from PID (hybrid physics integration active)
  ⚠️  WARNING: Drone is STUCK (not moving toward target)
────────────────────────────────────────────────────────────────────────────────

[DBG CACHE] Frame 1080: Updating cache with pos=(0.004,0.007,0.550)
[DBG ROS2] Publishing to /drone/odom: pos=(0.004,0.007,0.550)

────────────────────────────────────────────────────────────────────────────────
[FRAME 1097] Δt = 1.00s
────────────────────────────────────────────────────────────────────────────────
  State      : Armed=True, Mode=LANDING
  Position   : (  0.002,   0.006,   0.550)
  Velocity   : ( -0.008,   0.011,   0.001)
  Target Pos : ( -0.000,  -0.000,   2.498)
  Error      : ( -0.002,  -0.006,   1.947) = 1.947m
  PID Output : (  0.000,   0.000,  -0.300) m/s
  Applied Force: (   0.06,   -0.08,    2.65) N (|F|=2.65N)
  Actual Vel: ( -0.006,   0.008,   0.089) m/s
  ℹ️  Velocity differs from PID (hybrid physics integration active)
────────────────────────────────────────────────────────────────────────────────


────────────────────────────────────────────────────────────────────────────────
[FRAME 1114] Δt = 1.00s
────────────────────────────────────────────────────────────────────────────────
  State      : Armed=True, Mode=LANDING
  Position   : (  0.000,   0.006,   0.551)
  Velocity   : ( -0.013,   0.002,   0.002)
  Target Pos : ( -0.000,  -0.000,   2.498)
  Error      : ( -0.000,  -0.006,   1.947) = 1.947m
  PID Output : (  0.000,   0.000,  -0.300) m/s
  Applied Force: (   0.10,   -0.02,    2.64) N (|F|=2.64N)
  Actual Vel: ( -0.010,   0.002,   0.090) m/s
  ℹ️  Velocity differs from PID (hybrid physics integration active)
────────────────────────────────────────────────────────────────────────────────


────────────────────────────────────────────────────────────────────────────────
[FRAME 1131] Δt = 1.00s
────────────────────────────────────────────────────────────────────────────────
  State      : Armed=True, Mode=LANDING
  Position   : ( -0.002,   0.006,   0.551)
  Velocity   : ( -0.002,   0.004,   0.001)
  Target Pos : ( -0.000,  -0.000,   2.498)
  Error      : (  0.002,  -0.006,   1.947) = 1.947m
  PID Output : (  0.000,   0.000,  -0.300) m/s
  Applied Force: (   0.01,   -0.03,    2.65) N (|F|=2.65N)
  Actual Vel: ( -0.001,   0.003,   0.089) m/s
  ℹ️  Velocity differs from PID (hybrid physics integration active)
  ⚠️  WARNING: Drone is STUCK (not moving toward target)
────────────────────────────────────────────────────────────────────────────────

[DBG CACHE] Frame 1140: Updating cache with pos=(-0.002,0.006,0.551)
[DBG ROS2] Publishing to /drone/odom: pos=(-0.002,0.006,0.551)

────────────────────────────────────────────────────────────────────────────────
[FRAME 1148] Δt = 1.00s
────────────────────────────────────────────────────────────────────────────────
  State      : Armed=True, Mode=LANDING
  Position   : ( -0.001,   0.006,   0.551)
  Velocity   : (  0.003,  -0.002,  -0.000)
  Target Pos : ( -0.000,  -0.000,   2.498)
  Error      : (  0.001,  -0.006,   1.947) = 1.947m
  PID Output : (  0.000,   0.000,  -0.300) m/s
  Applied Force: (  -0.02,    0.01,    2.66) N (|F|=2.66N)
  Actual Vel: (  0.002,  -0.001,   0.088) m/s
  ℹ️  Velocity differs from PID (hybrid physics integration active)
  ⚠️  WARNING: Drone is STUCK (not moving toward target)
────────────────────────────────────────────────────────────────────────────────


────────────────────────────────────────────────────────────────────────────────
[FRAME 1165] Δt = 1.00s
────────────────────────────────────────────────────────────────────────────────
  State      : Armed=True, Mode=LANDING
  Position   : ( -0.000,   0.007,   0.551)
  Velocity   : ( -0.005,   0.001,   0.001)
  Target Pos : ( -0.000,  -0.000,   2.498)
  Error      : (  0.000,  -0.007,   1.947) = 1.947m
  PID Output : (  0.000,   0.000,  -0.300) m/s
  Applied Force: (   0.04,   -0.01,    2.65) N (|F|=2.65N)
  Actual Vel: ( -0.004,   0.001,   0.089) m/s
  ℹ️  Velocity differs from PID (hybrid physics integration active)
  ⚠️  WARNING: Drone is STUCK (not moving toward target)
────────────────────────────────────────────────────────────────────────────────


────────────────────────────────────────────────────────────────────────────────
[FRAME 1182] Δt = 1.00s
────────────────────────────────────────────────────────────────────────────────
  State      : Armed=True, Mode=LANDING
  Position   : (  0.000,   0.006,   0.550)
  Velocity   : ( -0.002,  -0.002,   0.001)
  Target Pos : ( -0.000,  -0.000,   2.498)
  Error      : ( -0.000,  -0.006,   1.947) = 1.947m
  PID Output : (  0.000,   0.000,  -0.300) m/s
  Applied Force: (   0.02,    0.02,    2.65) N (|F|=2.65N)
  Actual Vel: ( -0.002,  -0.002,   0.089) m/s
  ℹ️  Velocity differs from PID (hybrid physics integration active)
  ⚠️  WARNING: Drone is STUCK (not moving toward target)
────────────────────────────────────────────────────────────────────────────────


────────────────────────────────────────────────────────────────────────────────
[FRAME 1199] Δt = 1.00s
────────────────────────────────────────────────────────────────────────────────
  State      : Armed=True, Mode=LANDING
  Position   : (  0.001,   0.006,   0.550)
  Velocity   : ( -0.009,   0.002,   0.001)
  Target Pos : ( -0.000,  -0.000,   2.498)
  Error      : ( -0.001,  -0.006,   1.947) = 1.947m
  PID Output : (  0.000,   0.000,  -0.300) m/s
  Applied Force: (   0.07,   -0.01,    2.65) N (|F|=2.65N)
  Actual Vel: ( -0.007,   0.001,   0.089) m/s
  ℹ️  Velocity differs from PID (hybrid physics integration active)
  ⚠️  WARNING: Drone is STUCK (not moving toward target)
────────────────────────────────────────────────────────────────────────────────

[DBG CACHE] Frame 1200: Updating cache with pos=(0.000,0.006,0.550)
[DBG ROS2] Publishing to /drone/odom: pos=(0.000,0.006,0.550)

────────────────────────────────────────────────────────────────────────────────
[FRAME 1216] Δt = 1.00s
────────────────────────────────────────────────────────────────────────────────
  State      : Armed=True, Mode=LANDING
  Position   : ( -0.003,   0.005,   0.551)
  Velocity   : ( -0.003,   0.004,   0.001)
  Target Pos : ( -0.000,  -0.000,   2.498)
  Error      : (  0.003,  -0.005,   1.947) = 1.947m
  PID Output : (  0.000,   0.000,  -0.300) m/s
  Applied Force: (   0.02,   -0.03,    2.65) N (|F|=2.65N)
  Actual Vel: ( -0.002,   0.003,   0.089) m/s
  ℹ️  Velocity differs from PID (hybrid physics integration active)
  ⚠️  WARNING: Drone is STUCK (not moving toward target)
────────────────────────────────────────────────────────────────────────────────


────────────────────────────────────────────────────────────────────────────────
[FRAME 1233] Δt = 1.00s
────────────────────────────────────────────────────────────────────────────────
  State      : Armed=True, Mode=LANDING
  Position   : ( -0.003,   0.005,   0.551)
  Velocity   : (  0.013,   0.002,  -0.001)
  Target Pos : ( -0.000,  -0.000,   2.498)
  Error      : (  0.003,  -0.005,   1.947) = 1.947m
  PID Output : (  0.000,   0.000,  -0.300) m/s
  Applied Force: (  -0.09,   -0.01,    2.67) N (|F|=2.67N)
  Actual Vel: (  0.009,   0.001,   0.087) m/s
  ℹ️  Velocity differs from PID (hybrid physics integration active)
────────────────────────────────────────────────────────────────────────────────


────────────────────────────────────────────────────────────────────────────────
[FRAME 1250] Δt = 1.00s
────────────────────────────────────────────────────────────────────────────────
  State      : Armed=True, Mode=LANDING
  Position   : ( -0.001,   0.005,   0.551)
  Velocity   : (  0.005,  -0.001,  -0.000)
  Target Pos : ( -0.000,  -0.000,   2.498)
  Error      : (  0.001,  -0.005,   1.947) = 1.947m
  PID Output : (  0.000,   0.000,  -0.300) m/s
  Applied Force: (  -0.03,    0.00,    2.66) N (|F|=2.66N)
  Actual Vel: (  0.003,  -0.000,   0.088) m/s
  ℹ️  Velocity differs from PID (hybrid physics integration active)
  ⚠️  WARNING: Drone is STUCK (not moving toward target)
────────────────────────────────────────────────────────────────────────────────

[DBG CACHE] Frame 1260: Updating cache with pos=(-0.002,0.006,0.551)
[DBG ROS2] Publishing to /drone/odom: pos=(-0.002,0.006,0.551)

────────────────────────────────────────────────────────────────────────────────
[FRAME 1267] Δt = 1.00s
────────────────────────────────────────────────────────────────────────────────
  State      : Armed=True, Mode=LANDING
  Position   : ( -0.002,   0.006,   0.551)
  Velocity   : ( -0.006,   0.001,   0.001)
  Target Pos : ( -0.000,  -0.000,   2.498)
  Error      : (  0.002,  -0.006,   1.947) = 1.947m
  PID Output : (  0.000,   0.000,  -0.300) m/s
  Applied Force: (   0.04,   -0.01,    2.65) N (|F|=2.65N)
  Actual Vel: ( -0.004,   0.001,   0.089) m/s
  ℹ️  Velocity differs from PID (hybrid physics integration active)
  ⚠️  WARNING: Drone is STUCK (not moving toward target)
────────────────────────────────────────────────────────────────────────────────


────────────────────────────────────────────────────────────────────────────────
[FRAME 1284] Δt = 1.00s
────────────────────────────────────────────────────────────────────────────────
  State      : Armed=True, Mode=LANDING
  Position   : ( -0.005,   0.006,   0.551)
  Velocity   : ( -0.004,  -0.000,   0.001)
  Target Pos : ( -0.000,  -0.000,   2.498)
  Error      : (  0.005,  -0.006,   1.946) = 1.947m
  PID Output : (  0.000,   0.000,  -0.300) m/s
  Applied Force: (   0.03,    0.00,    2.65) N (|F|=2.65N)
  Actual Vel: ( -0.003,  -0.000,   0.089) m/s
  ℹ️  Velocity differs from PID (hybrid physics integration active)
  ⚠️  WARNING: Drone is STUCK (not moving toward target)
────────────────────────────────────────────────────────────────────────────────


────────────────────────────────────────────────────────────────────────────────
[FRAME 1301] Δt = 1.00s
────────────────────────────────────────────────────────────────────────────────
  State      : Armed=True, Mode=LANDING
  Position   : ( -0.007,   0.004,   0.551)
  Velocity   : ( -0.009,   0.004,   0.001)
  Target Pos : ( -0.000,  -0.000,   2.498)
  Error      : (  0.007,  -0.004,   1.946) = 1.946m
  PID Output : (  0.000,   0.000,  -0.300) m/s
  Applied Force: (   0.06,   -0.03,    2.65) N (|F|=2.65N)
  Actual Vel: ( -0.006,   0.003,   0.089) m/s
  ℹ️  Velocity differs from PID (hybrid physics integration active)
  ⚠️  WARNING: Drone is STUCK (not moving toward target)
────────────────────────────────────────────────────────────────────────────────


────────────────────────────────────────────────────────────────────────────────
[FRAME 1318] Δt = 1.00s
────────────────────────────────────────────────────────────────────────────────
  State      : Armed=True, Mode=LANDING
  Position   : ( -0.004,   0.004,   0.551)
  Velocity   : (  0.018,   0.002,  -0.001)
  Target Pos : ( -0.000,  -0.000,   2.498)
  Error      : (  0.004,  -0.004,   1.947) = 1.947m
  PID Output : (  0.000,   0.000,  -0.300) m/s
  Applied Force: (  -0.13,   -0.01,    2.66) N (|F|=2.67N)
  Actual Vel: (  0.013,   0.001,   0.088) m/s
  ℹ️  Velocity differs from PID (hybrid physics integration active)
────────────────────────────────────────────────────────────────────────────────

[DBG CACHE] Frame 1320: Updating cache with pos=(-0.004,0.004,0.551)
[DBG ROS2] Publishing to /drone/odom: pos=(-0.004,0.004,0.551)

────────────────────────────────────────────────────────────────────────────────
[FRAME 1335] Δt = 1.00s
────────────────────────────────────────────────────────────────────────────────
  State      : Armed=True, Mode=LANDING
  Position   : (  0.000,   0.005,   0.550)
  Velocity   : (  0.022,   0.003,  -0.002)
  Target Pos : ( -0.000,  -0.000,   2.498)
  Error      : ( -0.000,  -0.005,   1.947) = 1.947m
  PID Output : (  0.000,   0.000,  -0.300) m/s
  Applied Force: (  -0.17,   -0.02,    2.67) N (|F|=2.68N)
  Actual Vel: (  0.017,   0.002,   0.087) m/s
  ℹ️  Velocity differs from PID (hybrid physics integration active)
────────────────────────────────────────────────────────────────────────────────


────────────────────────────────────────────────────────────────────────────────
[FRAME 1352] Δt = 1.00s
────────────────────────────────────────────────────────────────────────────────
  State      : Armed=True, Mode=LANDING
  Position   : (  0.002,   0.006,   0.550)
  Velocity   : (  0.011,   0.001,  -0.001)
  Target Pos : ( -0.000,  -0.000,   2.498)
  Error      : ( -0.002,  -0.006,   1.947) = 1.947m
  PID Output : (  0.000,   0.000,  -0.300) m/s
  Applied Force: (  -0.08,   -0.01,    2.66) N (|F|=2.66N)
  Actual Vel: (  0.008,   0.001,   0.088) m/s
  ℹ️  Velocity differs from PID (hybrid physics integration active)
────────────────────────────────────────────────────────────────────────────────


────────────────────────────────────────────────────────────────────────────────
[FRAME 1369] Δt = 1.00s
────────────────────────────────────────────────────────────────────────────────
  State      : Armed=True, Mode=LANDING
  Position   : (  0.003,   0.006,   0.550)
  Velocity   : (  0.004,   0.001,   0.000)
  Target Pos : ( -0.000,  -0.000,   2.498)
  Error      : ( -0.003,  -0.006,   1.948) = 1.948m
  PID Output : (  0.000,   0.000,  -0.300) m/s
  Applied Force: (  -0.03,   -0.01,    2.65) N (|F|=2.65N)
  Actual Vel: (  0.003,   0.001,   0.089) m/s
  ℹ️  Velocity differs from PID (hybrid physics integration active)
  ⚠️  WARNING: Drone is STUCK (not moving toward target)
────────────────────────────────────────────────────────────────────────────────

[DBG CACHE] Frame 1380: Updating cache with pos=(0.004,0.006,0.550)
[DBG ROS2] Publishing to /drone/odom: pos=(0.004,0.006,0.550)

────────────────────────────────────────────────────────────────────────────────
[FRAME 1386] Δt = 1.00s
────────────────────────────────────────────────────────────────────────────────
  State      : Armed=True, Mode=LANDING
  Position   : (  0.004,   0.006,   0.550)
  Velocity   : (  0.016,  -0.006,  -0.002)
  Target Pos : ( -0.000,  -0.000,   2.498)
  Error      : ( -0.004,  -0.006,   1.948) = 1.948m
  PID Output : (  0.000,   0.000,  -0.300) m/s
  Applied Force: (  -0.12,    0.04,    2.67) N (|F|=2.68N)
  Actual Vel: (  0.012,  -0.004,   0.087) m/s
  ℹ️  Velocity differs from PID (hybrid physics integration active)
────────────────────────────────────────────────────────────────────────────────


────────────────────────────────────────────────────────────────────────────────
[FRAME 1403] Δt = 1.00s
────────────────────────────────────────────────────────────────────────────────
  State      : Armed=True, Mode=LANDING
  Position   : (  0.005,   0.007,   0.550)
  Velocity   : (  0.005,   0.006,  -0.000)
  Target Pos : ( -0.000,  -0.000,   2.498)
  Error      : ( -0.005,  -0.007,   1.948) = 1.948m
  PID Output : (  0.000,   0.000,  -0.300) m/s
  Applied Force: (  -0.03,   -0.05,    2.66) N (|F|=2.66N)
  Actual Vel: (  0.003,   0.005,   0.088) m/s
  ℹ️  Velocity differs from PID (hybrid physics integration active)
  ⚠️  WARNING: Drone is STUCK (not moving toward target)
────────────────────────────────────────────────────────────────────────────────


────────────────────────────────────────────────────────────────────────────────
[FRAME 1420] Δt = 1.00s
────────────────────────────────────────────────────────────────────────────────
  State      : Armed=True, Mode=LANDING
  Position   : (  0.007,   0.007,   0.550)
  Velocity   : (  0.004,   0.007,  -0.000)
  Target Pos : ( -0.000,  -0.000,   2.498)
  Error      : ( -0.007,  -0.007,   1.948) = 1.948m
  PID Output : (  0.000,   0.000,  -0.300) m/s
  Applied Force: (  -0.03,   -0.05,    2.66) N (|F|=2.66N)
  Actual Vel: (  0.003,   0.005,   0.088) m/s
  ℹ️  Velocity differs from PID (hybrid physics integration active)
  ⚠️  WARNING: Drone is STUCK (not moving toward target)
────────────────────────────────────────────────────────────────────────────────


────────────────────────────────────────────────────────────────────────────────
[FRAME 1437] Δt = 1.00s
────────────────────────────────────────────────────────────────────────────────
  State      : Armed=True, Mode=LANDING
  Position   : (  0.005,   0.008,   0.550)
  Velocity   : ( -0.010,   0.001,   0.001)
  Target Pos : ( -0.000,  -0.000,   2.498)
  Error      : ( -0.005,  -0.008,   1.948) = 1.948m
  PID Output : (  0.000,   0.000,  -0.300) m/s
  Applied Force: (   0.08,   -0.01,    2.64) N (|F|=2.65N)
  Actual Vel: ( -0.008,   0.001,   0.090) m/s
  ℹ️  Velocity differs from PID (hybrid physics integration active)
────────────────────────────────────────────────────────────────────────────────

[DBG CACHE] Frame 1440: Updating cache with pos=(0.004,0.008,0.550)
[DBG ROS2] Publishing to /drone/odom: pos=(0.004,0.008,0.550)

────────────────────────────────────────────────────────────────────────────────
[FRAME 1454] Δt = 1.00s
────────────────────────────────────────────────────────────────────────────────
  State      : Armed=True, Mode=LANDING
  Position   : (  0.005,   0.008,   0.550)
  Velocity   : (  0.014,   0.003,  -0.002)
  Target Pos : ( -0.000,  -0.000,   2.498)
  Error      : ( -0.005,  -0.008,   1.948) = 1.948m
  PID Output : (  0.000,   0.000,  -0.300) m/s
  Applied Force: (  -0.11,   -0.02,    2.67) N (|F|=2.67N)
  Actual Vel: (  0.011,   0.002,   0.087) m/s
  ℹ️  Velocity differs from PID (hybrid physics integration active)
────────────────────────────────────────────────────────────────────────────────


────────────────────────────────────────────────────────────────────────────────
[FRAME 1471] Δt = 1.00s
────────────────────────────────────────────────────────────────────────────────
  State      : Armed=True, Mode=LANDING
  Position   : (  0.008,   0.008,   0.549)
  Velocity   : (  0.006,   0.008,  -0.000)
  Target Pos : ( -0.000,  -0.000,   2.498)
  Error      : ( -0.008,  -0.008,   1.948) = 1.948m
  PID Output : (  0.000,   0.000,  -0.300) m/s
  Applied Force: (  -0.04,   -0.06,    2.66) N (|F|=2.66N)
  Actual Vel: (  0.004,   0.006,   0.088) m/s
  ℹ️  Velocity differs from PID (hybrid physics integration active)
  ⚠️  WARNING: Drone is STUCK (not moving toward target)
────────────────────────────────────────────────────────────────────────────────


────────────────────────────────────────────────────────────────────────────────
[FRAME 1488] Δt = 1.00s
────────────────────────────────────────────────────────────────────────────────
  State      : Armed=True, Mode=LANDING
  Position   : (  0.007,   0.008,   0.549)
  Velocity   : (  0.006,  -0.001,  -0.001)
  Target Pos : ( -0.000,  -0.000,   2.498)
  Error      : ( -0.007,  -0.008,   1.948) = 1.948m
  PID Output : (  0.000,   0.000,  -0.300) m/s
  Applied Force: (  -0.05,    0.01,    2.66) N (|F|=2.66N)
  Actual Vel: (  0.005,  -0.001,   0.088) m/s
  ℹ️  Velocity differs from PID (hybrid physics integration active)
  ⚠️  WARNING: Drone is STUCK (not moving toward target)
────────────────────────────────────────────────────────────────────────────────

[DBG CACHE] Frame 1500: Updating cache with pos=(0.009,0.008,0.549)
[DBG ROS2] Publishing to /drone/odom: pos=(0.009,0.008,0.549)

────────────────────────────────────────────────────────────────────────────────
[FRAME 1505] Δt = 1.00s
────────────────────────────────────────────────────────────────────────────────
  State      : Armed=True, Mode=LANDING
  Position   : (  0.009,   0.009,   0.549)
  Velocity   : ( -0.009,   0.007,   0.001)
  Target Pos : ( -0.000,  -0.000,   2.498)
  Error      : ( -0.009,  -0.009,   1.948) = 1.948m
  PID Output : (  0.000,   0.000,  -0.300) m/s
  Applied Force: (   0.07,   -0.05,    2.65) N (|F|=2.65N)
  Actual Vel: ( -0.007,   0.005,   0.089) m/s
  ℹ️  Velocity differs from PID (hybrid physics integration active)
────────────────────────────────────────────────────────────────────────────────


────────────────────────────────────────────────────────────────────────────────
[FRAME 1522] Δt = 1.00s
────────────────────────────────────────────────────────────────────────────────
  State      : Armed=True, Mode=LANDING
  Position   : (  0.006,   0.009,   0.550)
  Velocity   : ( -0.011,  -0.004,   0.001)
  Target Pos : ( -0.000,  -0.000,   2.498)
  Error      : ( -0.006,  -0.009,   1.948) = 1.948m
  PID Output : (  0.000,   0.000,  -0.300) m/s
  Applied Force: (   0.08,    0.03,    2.64) N (|F|=2.65N)
  Actual Vel: ( -0.008,  -0.003,   0.090) m/s
  ℹ️  Velocity differs from PID (hybrid physics integration active)
────────────────────────────────────────────────────────────────────────────────


────────────────────────────────────────────────────────────────────────────────
[FRAME 1539] Δt = 1.00s
────────────────────────────────────────────────────────────────────────────────
  State      : Armed=True, Mode=LANDING
  Position   : (  0.006,   0.007,   0.550)
  Velocity   : ( -0.011,  -0.000,   0.001)
  Target Pos : ( -0.000,  -0.000,   2.498)
  Error      : ( -0.006,  -0.007,   1.948) = 1.948m
  PID Output : (  0.000,   0.000,  -0.300) m/s
  Applied Force: (   0.09,    0.00,    2.65) N (|F|=2.65N)
  Actual Vel: ( -0.009,  -0.000,   0.089) m/s
  ℹ️  Velocity differs from PID (hybrid physics integration active)
────────────────────────────────────────────────────────────────────────────────


────────────────────────────────────────────────────────────────────────────────
[FRAME 1556] Δt = 1.00s
────────────────────────────────────────────────────────────────────────────────
  State      : Armed=True, Mode=LANDING
  Position   : (  0.006,   0.007,   0.550)
  Velocity   : (  0.000,  -0.002,   0.000)
  Target Pos : ( -0.000,  -0.000,   2.498)
  Error      : ( -0.006,  -0.007,   1.948) = 1.948m
  PID Output : (  0.000,   0.000,  -0.300) m/s
  Applied Force: (  -0.00,    0.01,    2.65) N (|F|=2.65N)
  Actual Vel: (  0.000,  -0.001,   0.089) m/s
  ℹ️  Velocity differs from PID (hybrid physics integration active)
  ⚠️  WARNING: Drone is STUCK (not moving toward target)
────────────────────────────────────────────────────────────────────────────────

[DBG CACHE] Frame 1560: Updating cache with pos=(0.006,0.007,0.550)
[DBG ROS2] Publishing to /drone/odom: pos=(0.006,0.007,0.550)

────────────────────────────────────────────────────────────────────────────────
[FRAME 1573] Δt = 1.00s
────────────────────────────────────────────────────────────────────────────────
  State      : Armed=True, Mode=LANDING
  Position   : (  0.006,   0.007,   0.550)
  Velocity   : ( -0.002,   0.000,   0.001)
  Target Pos : ( -0.000,  -0.000,   2.498)
  Error      : ( -0.006,  -0.007,   1.948) = 1.948m
  PID Output : (  0.000,   0.000,  -0.300) m/s
  Applied Force: (   0.02,   -0.00,    2.65) N (|F|=2.65N)
  Actual Vel: ( -0.002,   0.000,   0.089) m/s
  ℹ️  Velocity differs from PID (hybrid physics integration active)
  ⚠️  WARNING: Drone is STUCK (not moving toward target)
────────────────────────────────────────────────────────────────────────────────


────────────────────────────────────────────────────────────────────────────────
[FRAME 1590] Δt = 1.00s
────────────────────────────────────────────────────────────────────────────────
  State      : Armed=True, Mode=LANDING
  Position   : (  0.004,   0.007,   0.550)
  Velocity   : ( -0.013,  -0.006,   0.001)
  Target Pos : ( -0.000,  -0.000,   2.498)
  Error      : ( -0.004,  -0.007,   1.948) = 1.948m
  PID Output : (  0.000,   0.000,  -0.300) m/s
  Applied Force: (   0.10,    0.05,    2.65) N (|F|=2.65N)
  Actual Vel: ( -0.010,  -0.005,   0.089) m/s
  ℹ️  Velocity differs from PID (hybrid physics integration active)
────────────────────────────────────────────────────────────────────────────────


────────────────────────────────────────────────────────────────────────────────
[FRAME 1607] Δt = 1.00s
────────────────────────────────────────────────────────────────────────────────
  State      : Armed=True, Mode=LANDING
  Position   : (  0.002,   0.006,   0.550)
  Velocity   : ( -0.022,   0.004,   0.003)
  Target Pos : ( -0.000,  -0.000,   2.498)
  Error      : ( -0.002,  -0.006,   1.947) = 1.947m
  PID Output : (  0.000,   0.000,  -0.300) m/s
  Applied Force: (   0.16,   -0.03,    2.64) N (|F|=2.64N)
  Actual Vel: ( -0.016,   0.003,   0.090) m/s
  ℹ️  Velocity differs from PID (hybrid physics integration active)
────────────────────────────────────────────────────────────────────────────────

[DBG CACHE] Frame 1620: Updating cache with pos=(-0.000,0.007,0.550)
[DBG ROS2] Publishing to /drone/odom: pos=(-0.000,0.007,0.550)

────────────────────────────────────────────────────────────────────────────────
[FRAME 1624] Δt = 1.00s
────────────────────────────────────────────────────────────────────────────────
  State      : Armed=True, Mode=LANDING
  Position   : ( -0.001,   0.007,   0.550)
  Velocity   : (  0.008,   0.003,  -0.001)
  Target Pos : ( -0.000,  -0.000,   2.498)
  Error      : (  0.001,  -0.007,   1.947) = 1.947m
  PID Output : (  0.000,   0.000,  -0.300) m/s
  Applied Force: (  -0.06,   -0.02,    2.66) N (|F|=2.66N)
  Actual Vel: (  0.006,   0.002,   0.088) m/s
  ℹ️  Velocity differs from PID (hybrid physics integration active)
  ⚠️  WARNING: Drone is STUCK (not moving toward target)
────────────────────────────────────────────────────────────────────────────────


────────────────────────────────────────────────────────────────────────────────
[FRAME 1641] Δt = 1.00s
────────────────────────────────────────────────────────────────────────────────
  State      : Armed=True, Mode=LANDING
  Position   : (  0.001,   0.007,   0.550)
  Velocity   : ( -0.000,  -0.001,   0.000)
  Target Pos : ( -0.000,  -0.000,   2.498)
  Error      : ( -0.001,  -0.007,   1.947) = 1.947m
  PID Output : (  0.000,   0.000,  -0.300) m/s
  Applied Force: (   0.00,    0.01,    2.65) N (|F|=2.65N)
  Actual Vel: ( -0.000,  -0.001,   0.089) m/s
  ℹ️  Velocity differs from PID (hybrid physics integration active)
  ⚠️  WARNING: Drone is STUCK (not moving toward target)
────────────────────────────────────────────────────────────────────────────────


────────────────────────────────────────────────────────────────────────────────
[FRAME 1658] Δt = 1.00s
────────────────────────────────────────────────────────────────────────────────
  State      : Armed=True, Mode=LANDING
  Position   : ( -0.002,   0.006,   0.551)
  Velocity   : ( -0.005,  -0.004,   0.001)
  Target Pos : ( -0.000,  -0.000,   2.498)
  Error      : (  0.002,  -0.006,   1.947) = 1.947m
  PID Output : (  0.000,   0.000,  -0.300) m/s
  Applied Force: (   0.03,    0.03,    2.65) N (|F|=2.65N)
  Actual Vel: ( -0.003,  -0.003,   0.089) m/s
  ℹ️  Velocity differs from PID (hybrid physics integration active)
  ⚠️  WARNING: Drone is STUCK (not moving toward target)
────────────────────────────────────────────────────────────────────────────────


────────────────────────────────────────────────────────────────────────────────
[FRAME 1676] Δt = 1.00s
────────────────────────────────────────────────────────────────────────────────
  State      : Armed=True, Mode=LANDING
  Position   : ( -0.004,   0.005,   0.551)
  Velocity   : (  0.000,   0.005,   0.001)
  Target Pos : ( -0.000,  -0.000,   2.498)
  Error      : (  0.004,  -0.005,   1.947) = 1.947m
  PID Output : (  0.000,   0.000,  -0.300) m/s
  Applied Force: (  -0.00,   -0.04,    2.65) N (|F|=2.65N)
  Actual Vel: (  0.000,   0.004,   0.089) m/s
  ℹ️  Velocity differs from PID (hybrid physics integration active)
  ⚠️  WARNING: Drone is STUCK (not moving toward target)
────────────────────────────────────────────────────────────────────────────────

[DBG CACHE] Frame 1680: Updating cache with pos=(-0.004,0.005,0.551)
[DBG ROS2] Publishing to /drone/odom: pos=(-0.004,0.005,0.551)

────────────────────────────────────────────────────────────────────────────────
[FRAME 1693] Δt = 1.00s
────────────────────────────────────────────────────────────────────────────────
  State      : Armed=True, Mode=LANDING
  Position   : ( -0.003,   0.005,   0.551)
  Velocity   : ( -0.020,   0.007,   0.003)
  Target Pos : ( -0.000,  -0.000,   2.498)
  Error      : (  0.003,  -0.005,   1.947) = 1.947m
  PID Output : (  0.000,   0.000,  -0.300) m/s
  Applied Force: (   0.15,   -0.05,    2.63) N (|F|=2.64N)
  Actual Vel: ( -0.015,   0.005,   0.091) m/s
  ℹ️  Velocity differs from PID (hybrid physics integration active)
────────────────────────────────────────────────────────────────────────────────


────────────────────────────────────────────────────────────────────────────────
[FRAME 1710] Δt = 1.00s
────────────────────────────────────────────────────────────────────────────────
  State      : Armed=True, Mode=LANDING
  Position   : ( -0.002,   0.006,   0.551)
  Velocity   : (  0.007,   0.010,  -0.002)
  Target Pos : ( -0.000,  -0.000,   2.498)
  Error      : (  0.002,  -0.006,   1.947) = 1.947m
  PID Output : (  0.000,   0.000,  -0.300) m/s
  Applied Force: (  -0.06,   -0.08,    2.67) N (|F|=2.67N)
  Actual Vel: (  0.006,   0.008,   0.087) m/s
  ℹ️  Velocity differs from PID (hybrid physics integration active)
────────────────────────────────────────────────────────────────────────────────


────────────────────────────────────────────────────────────────────────────────
[FRAME 1727] Δt = 1.00s
────────────────────────────────────────────────────────────────────────────────
  State      : Armed=True, Mode=LANDING
  Position   : ( -0.001,   0.007,   0.550)
  Velocity   : ( -0.015,   0.008,   0.001)
  Target Pos : ( -0.000,  -0.000,   2.498)
  Error      : (  0.001,  -0.007,   1.947) = 1.947m
  PID Output : (  0.000,   0.000,  -0.300) m/s
  Applied Force: (   0.11,   -0.06,    2.65) N (|F|=2.65N)
  Actual Vel: ( -0.011,   0.006,   0.089) m/s
  ℹ️  Velocity differs from PID (hybrid physics integration active)
────────────────────────────────────────────────────────────────────────────────

[DBG CACHE] Frame 1740: Updating cache with pos=(-0.002,0.007,0.551)
[DBG ROS2] Publishing to /drone/odom: pos=(-0.002,0.007,0.551)

────────────────────────────────────────────────────────────────────────────────
[FRAME 1744] Δt = 1.00s
────────────────────────────────────────────────────────────────────────────────
  State      : Armed=True, Mode=LANDING
  Position   : ( -0.001,   0.008,   0.550)
  Velocity   : (  0.008,   0.002,  -0.001)
  Target Pos : ( -0.000,  -0.000,   2.498)
  Error      : (  0.001,  -0.008,   1.947) = 1.947m
  PID Output : (  0.000,   0.000,  -0.300) m/s
  Applied Force: (  -0.06,   -0.01,    2.66) N (|F|=2.66N)
  Actual Vel: (  0.006,   0.001,   0.088) m/s
  ℹ️  Velocity differs from PID (hybrid physics integration active)
  ⚠️  WARNING: Drone is STUCK (not moving toward target)
────────────────────────────────────────────────────────────────────────────────


────────────────────────────────────────────────────────────────────────────────
[FRAME 1761] Δt = 1.00s
────────────────────────────────────────────────────────────────────────────────
  State      : Armed=True, Mode=LANDING
  Position   : ( -0.003,   0.007,   0.551)
  Velocity   : (  0.004,  -0.004,  -0.001)
  Target Pos : ( -0.000,  -0.000,   2.498)
  Error      : (  0.003,  -0.007,   1.947) = 1.947m
  PID Output : (  0.000,   0.000,  -0.300) m/s
  Applied Force: (  -0.03,    0.03,    2.66) N (|F|=2.66N)
  Actual Vel: (  0.003,  -0.003,   0.088) m/s
  ℹ️  Velocity differs from PID (hybrid physics integration active)
  ⚠️  WARNING: Drone is STUCK (not moving toward target)
────────────────────────────────────────────────────────────────────────────────


────────────────────────────────────────────────────────────────────────────────
[FRAME 1779] Δt = 1.00s
────────────────────────────────────────────────────────────────────────────────
  State      : Armed=True, Mode=LANDING
  Position   : ( -0.003,   0.007,   0.551)
  Velocity   : ( -0.014,  -0.004,   0.002)
  Target Pos : ( -0.000,  -0.000,   2.498)
  Error      : (  0.003,  -0.007,   1.947) = 1.947m
  PID Output : (  0.000,   0.000,  -0.300) m/s
  Applied Force: (   0.10,    0.03,    2.64) N (|F|=2.65N)
  Actual Vel: ( -0.010,  -0.003,   0.090) m/s
  ℹ️  Velocity differs from PID (hybrid physics integration active)
────────────────────────────────────────────────────────────────────────────────


────────────────────────────────────────────────────────────────────────────────
[FRAME 1797] Δt = 1.00s
────────────────────────────────────────────────────────────────────────────────
  State      : Armed=True, Mode=LANDING
  Position   : ( -0.002,   0.008,   0.551)
  Velocity   : (  0.015,   0.003,  -0.002)
  Target Pos : ( -0.000,  -0.000,   2.498)
  Error      : (  0.002,  -0.008,   1.947) = 1.947m
  PID Output : (  0.000,   0.000,  -0.300) m/s
  Applied Force: (  -0.11,   -0.02,    2.67) N (|F|=2.67N)
  Actual Vel: (  0.011,   0.002,   0.087) m/s
  ℹ️  Velocity differs from PID (hybrid physics integration active)
────────────────────────────────────────────────────────────────────────────────

[DBG CACHE] Frame 1800: Updating cache with pos=(-0.001,0.008,0.550)
[DBG ROS2] Publishing to /drone/odom: pos=(-0.001,0.008,0.550)

────────────────────────────────────────────────────────────────────────────────
[FRAME 1814] Δt = 1.00s
────────────────────────────────────────────────────────────────────────────────
  State      : Armed=True, Mode=LANDING
  Position   : (  0.001,   0.008,   0.550)
  Velocity   : (  0.009,  -0.005,  -0.001)
  Target Pos : ( -0.000,  -0.000,   2.498)
  Error      : ( -0.001,  -0.008,   1.947) = 1.947m
  PID Output : (  0.000,   0.000,  -0.300) m/s
  Applied Force: (  -0.07,    0.04,    2.66) N (|F|=2.66N)
  Actual Vel: (  0.007,  -0.004,   0.088) m/s
  ℹ️  Velocity differs from PID (hybrid physics integration active)
────────────────────────────────────────────────────────────────────────────────


────────────────────────────────────────────────────────────────────────────────
[FRAME 1831] Δt = 1.00s
────────────────────────────────────────────────────────────────────────────────
  State      : Armed=True, Mode=LANDING
  Position   : (  0.000,   0.007,   0.550)
  Velocity   : ( -0.003,   0.001,   0.001)
  Target Pos : ( -0.000,  -0.000,   2.498)
  Error      : ( -0.000,  -0.007,   1.947) = 1.947m
  PID Output : (  0.000,   0.000,  -0.300) m/s
  Applied Force: (   0.02,   -0.01,    2.65) N (|F|=2.65N)
  Actual Vel: ( -0.002,   0.001,   0.089) m/s
  ℹ️  Velocity differs from PID (hybrid physics integration active)
  ⚠️  WARNING: Drone is STUCK (not moving toward target)
────────────────────────────────────────────────────────────────────────────────

[INFO] Shutting down simulation...
[INFO] ROS2 shutdown complete
[INFO] Simulation shutdown complete
