================================================================================
SIMULATION LOG - 2025-11-17 11:53:22
Log file: /home/kishi/ResQoUnity/logs/simulation/drone_sim_20251117_115322.log
================================================================================

[INFO] Creating environment: Isaac-Velocity-Rough-Unitree-Go2-v0
[INFO] Robot: go2, Amount: 1, Terrain: flat
[INFO]: Base environment:
	Environment device    : cuda:0
	Physics step-size     : 0.005
	Rendering step-size   : 0.005
	Environment step-size : 0.02
	Physics GPU pipeline  : True
	Physics GPU simulation: True
[INFO]: Time taken for scene creation : 1.609123 seconds
[INFO]: Scene manager:  <class InteractiveScene>
	Number of environments: 1
	Environment spacing   : 2.5
	Source prim name      : /World/envs/env_0
	Global prim paths     : ['/World/ground']
	Replicate physics     : True
[INFO]: Starting the simulation. This may take a few seconds. Please wait...
[INFO]: Time taken for simulation start : 1.055421 seconds
[INFO] Command Manager:  <CommandManager> contains 1 active terms.
+------------------------------------------------+
|              Active Command Terms              |
+-------+---------------+------------------------+
| Index | Name          |          Type          |
+-------+---------------+------------------------+
|   0   | base_velocity | UniformVelocityCommand |
+-------+---------------+------------------------+

[INFO] Action Manager:  <ActionManager> contains 1 active terms.
+------------------------------------+
|  Active Action Terms (shape: 12)   |
+--------+-------------+-------------+
| Index  | Name        |   Dimension |
+--------+-------------+-------------+
|   0    | joint_pos   |          12 |
+--------+-------------+-------------+

Module omni.isaac.orbit.utils.warp.kernels load on device 'cuda:0' took 1.24 ms
[INFO] Observation Manager: <ObservationManager> contains 1 groups.
+----------------------------------------------------------+
| Active Observation Terms in Group: 'policy' (shape: (235,)) |
+-----------+--------------------------------+-------------+
|   Index   | Name                           |    Shape    |
+-----------+--------------------------------+-------------+
|     0     | base_lin_vel                   |     (3,)    |
|     1     | base_ang_vel                   |     (3,)    |
|     2     | projected_gravity              |     (3,)    |
|     3     | velocity_commands              |     (3,)    |
|     4     | joint_pos                      |    (12,)    |
|     5     | joint_vel                      |    (12,)    |
|     6     | actions                        |    (12,)    |
|     7     | height_scan                    |    (187,)   |
+-----------+--------------------------------+-------------+

[INFO] Event Manager:  <EventManager> contains 1 active terms.
+--------------------------------------+
| Active Event Terms in Mode: 'startup' |
+----------+---------------------------+
|  Index   | Name                      |
+----------+---------------------------+
|    0     | physics_material          |
+----------+---------------------------+

[INFO] Termination Manager:  <TerminationManager> contains 2 active terms.
+---------------------------------+
|     Active Termination Terms    |
+-------+--------------+----------+
| Index | Name         | Time Out |
+-------+--------------+----------+
|   0   | time_out     |   True   |
|   1   | base_contact |  False   |
+-------+--------------+----------+

[INFO] Reward Manager:  <RewardManager> contains 10 active terms.
+-----------------------------------------+
|           Active Reward Terms           |
+-------+----------------------+----------+
| Index | Name                 |   Weight |
+-------+----------------------+----------+
|   0   | track_lin_vel_xy_exp |      1.5 |
|   1   | track_ang_vel_z_exp  |     0.75 |
|   2   | lin_vel_z_l2         |     -2.0 |
|   3   | ang_vel_xy_l2        |    -0.05 |
|   4   | dof_torques_l2       |  -0.0002 |
|   5   | dof_acc_l2           | -2.5e-07 |
|   6   | action_rate_l2       |    -0.01 |
|   7   | feet_air_time        |     0.01 |
|   8   | flat_orientation_l2  |      0.0 |
|   9   | dof_pos_limits       |      0.0 |
+-------+----------------------+----------+

[INFO] Curriculum Manager:  <CurriculumManager> contains 0 active terms.
+----------------------+
| Active Curriculum Terms |
+-----------+----------+
|   Index   | Name     |
+-----------+----------+
+-----------+----------+

Creating window for environment.
[INFO]: Completed setting up the environment...
[INFO] Environment created successfully!
[INFO] Environment wrapped for RSL-RL
[INFO] Loading experiment from directory: /home/kishi/ResQoUnity/logs/rsl_rl/unitree_go2_rough
[INFO]: Loading model checkpoint from: /home/kishi/ResQoUnity/logs/rsl_rl/unitree_go2_rough/2024-04-06_02-37-07/model_7850.pt
--------------------------------------------------------------------------------
Resolved observation sets: 
	 policy :  ['policy']
	 critic :  ['policy']
--------------------------------------------------------------------------------
Actor MLP: MLP(
  (0): Linear(in_features=235, out_features=512, bias=True)
  (1): ELU(alpha=1.0)
  (2): Linear(in_features=512, out_features=256, bias=True)
  (3): ELU(alpha=1.0)
  (4): Linear(in_features=256, out_features=128, bias=True)
  (5): ELU(alpha=1.0)
  (6): Linear(in_features=128, out_features=12, bias=True)
)
Critic MLP: MLP(
  (0): Linear(in_features=235, out_features=512, bias=True)
  (1): ELU(alpha=1.0)
  (2): Linear(in_features=512, out_features=256, bias=True)
  (3): ELU(alpha=1.0)
  (4): Linear(in_features=256, out_features=128, bias=True)
  (5): ELU(alpha=1.0)
  (6): Linear(in_features=128, out_features=1, bias=True)
)
[INFO]: Checkpoint loaded successfully
[INFO] Resetting environment and getting initial observations...
[INFO] Environment reset complete, starting simulation loop...
[INFO] Spawning world-level drone alongside environment robots...
[INFO] Spawning drone at /World/envs/env_0/Drone (inside env for physics stepping)
[INFO] Drone USD loaded at /World/envs/env_0/Drone
[INFO] Drone spawned at position (0.0, 0.0, 2.5)
[INFO] ArticulationView will be initialized after first physics step
[Drone drone] Mode: DISARMED → IDLE

================================================================================
DRONE DEBUG LOGGER INITIALIZED FOR world_drone
================================================================================

[INFO] Drone controller initialized in ARMED mode (auto-armed)
[INFO] Mode set to IDLE - will switch to LOITER after spawn
[INFO] Debug logger enabled - verbose output active
[INFO] Drone bottom camera initialized
[INFO] Drone ROS2 publishers initialized on /drone namespace
[INFO] Adding /drone namespace ROS2 interface
[INFO] Drone topics created: cmd_vel, cmd_position, cmd_altitude
[INFO] Drone services created:
  - /drone/arm: True
  - /drone/takeoff: True
  - /drone/land: True
  - /drone/emergency_stop: True
[INFO] Drone control interface ready on /drone namespace
Error loading custom environment. You should download custom envs folder from: https://drive.google.com/drive/folders/1vVGuO1KIX1K6mD6mBHDZGm9nk2vaRyj3?usp=sharing
[INFO] Setting up viewport camera...
[INFO] Camera positioned to view robot
[INFO] Robot(s) should now be visible in the viewport!
[INFO] Use these controls to navigate:
  - Press 'F' to focus on robot
  - Mouse wheel: Zoom in/out
  - Middle mouse: Pan camera
  - Alt+Left mouse: Orbit view
  - WASD keys: Move robot (forward/back/left/right)
  - Q/E keys: Rotate left/right
[INFO] Initializing ArticulationView after physics step...
[INFO] Drone mass set to: 0.5 kg (Crazyflie scaled estimate)
[INFO] Using Hybrid Physics-Velocity Control (GPU PhysX compatible)
[INFO] Forces → Acceleration → Velocity integration (F=ma)
[INFO] LOITER target set to spawn position: (-0.00, -0.00, 2.50)
[SAFETY] World drone initialized:
  Current pos: (-0.000, -0.000, 2.498)
  Target pos:  (-0.000, -0.000, 2.498)
  Mode: IDLE, Armed: True
[INIT] Drone spawned at position: (-0.000, -0.000, 2.498)
[INIT] Initial velocity: (0.000, 0.000, -0.196)
[INIT] Initial mode: IDLE
[INIT] Ready for control


********************************************************************************
[ARM EVENT] Drone ARMED
********************************************************************************

[INFO] ArticulationView ready - found 1 drone(s)
[DEBUG] ArticulationView prim paths: ['/World/envs/env_0/Drone']
[DEBUG] Controller initialized at position: (-0.00, -0.00, 2.50)
[DEBUG] Drone has 4 DOFs: ['m1_joint', 'm2_joint', 'm3_joint', 'm4_joint']
[DEBUG] Prim at /World/envs/env_0/Drone exists: True
[DEBUG] Found root body (fallback) at: /World/envs/env_0/Drone/body
[DEBUG] Found articulation root at: /World/envs/env_0/Drone
[Drone drone] Mode: IDLE → LOITER
[INFO] World drone switched to LOITER at position (-0.00, -0.00, 2.50)
[VIEWPORT FIX] Setting drone position to (-0.000, -0.000, 2.498)
[DBG RENDER] Viewport sync triggered at pos (-0.000, -0.000, 2.498)

────────────────────────────────────────────────────────────────────────────────
[FRAME 2] Δt = 1.00s
────────────────────────────────────────────────────────────────────────────────
  State      : Armed=True, Mode=LOITER
  Position   : ( -0.000,  -0.000,   2.495)
  Velocity   : (  0.000,  -0.000,  -0.180)
  Target Pos : ( -0.000,  -0.000,   2.498)
  Error      : ( -0.000,   0.000,   0.002) = 0.002m
  PID Output : ( -0.000,   0.000,   0.004) m/s
  Applied Force: (  -0.00,    0.00,    6.29) N (|F|=6.29N)
  ✅ Gravity compensation active (Fz > 0)
  Actual Vel: (  0.000,  -0.000,   0.030) m/s
  ℹ️  Velocity differs from PID (hybrid physics integration active)
────────────────────────────────────────────────────────────────────────────────


────────────────────────────────────────────────────────────────────────────────
[FRAME 13] Δt = 1.00s
────────────────────────────────────────────────────────────────────────────────
  State      : Armed=True, Mode=LOITER
  Position   : ( -0.000,  -0.000,   2.483)
  Velocity   : (  0.000,   0.000,  -0.110)
  Target Pos : ( -0.000,  -0.000,   2.498)
  Error      : (  0.000,   0.000,   0.015) = 0.015m
  PID Output : (  0.000,   0.000,   0.030) m/s
  Applied Force: (  -0.00,   -0.00,    5.96) N (|F|=5.96N)
  ✅ Gravity compensation active (Fz > 0)
  Actual Vel: (  0.000,   0.000,   0.089) m/s
  ℹ️  Velocity differs from PID (hybrid physics integration active)
────────────────────────────────────────────────────────────────────────────────

[DBG RENDER] Viewport sync triggered at pos (-0.000, -0.000, 2.478)

────────────────────────────────────────────────────────────────────────────────
[FRAME 26] Δt = 1.00s
────────────────────────────────────────────────────────────────────────────────
  State      : Armed=True, Mode=LOITER
  Position   : ( -0.000,  -0.000,   2.476)
  Velocity   : (  0.000,  -0.000,  -0.090)
  Target Pos : ( -0.000,  -0.000,   2.498)
  Error      : (  0.000,   0.000,   0.021) = 0.021m
  PID Output : (  0.000,   0.000,   0.044) m/s
  Applied Force: (   0.00,    0.00,    5.91) N (|F|=5.91N)
  ✅ Gravity compensation active (Fz > 0)
  Actual Vel: (  0.000,  -0.000,   0.107) m/s
  ℹ️  Velocity differs from PID (hybrid physics integration active)
────────────────────────────────────────────────────────────────────────────────


────────────────────────────────────────────────────────────────────────────────
[FRAME 38] Δt = 1.00s
────────────────────────────────────────────────────────────────────────────────
  State      : Armed=True, Mode=LOITER
  Position   : ( -0.000,  -0.000,   2.474)
  Velocity   : (  0.000,   0.000,  -0.082)
  Target Pos : ( -0.000,  -0.000,   2.498)
  Error      : (  0.000,   0.000,   0.024) = 0.024m
  PID Output : (  0.000,   0.000,   0.051) m/s
  Applied Force: (  -0.00,   -0.00,    5.90) N (|F|=5.90N)
  ✅ Gravity compensation active (Fz > 0)
  Actual Vel: (  0.000,   0.000,   0.115) m/s
  ℹ️  Velocity differs from PID (hybrid physics integration active)
────────────────────────────────────────────────────────────────────────────────

[DBG RENDER] Viewport sync triggered at pos (-0.000, -0.000, 2.473)
[VIEWPORT FIX] Setting drone position to (-0.000, -0.000, 2.474)

────────────────────────────────────────────────────────────────────────────────
[FRAME 51] Δt = 1.00s
────────────────────────────────────────────────────────────────────────────────
  State      : Armed=True, Mode=LOITER
  Position   : ( -0.000,  -0.000,   2.472)
  Velocity   : (  0.000,  -0.000,  -0.076)
  Target Pos : ( -0.000,  -0.000,   2.498)
  Error      : (  0.000,   0.000,   0.025) = 0.025m
  PID Output : (  0.000,   0.000,   0.056) m/s
  Applied Force: (   0.00,    0.00,    5.89) N (|F|=5.89N)
  ✅ Gravity compensation active (Fz > 0)
  Actual Vel: (  0.000,  -0.000,   0.120) m/s
  ℹ️  Velocity differs from PID (hybrid physics integration active)
────────────────────────────────────────────────────────────────────────────────

[DBG CACHE] Frame 60: Updating cache with pos=(-0.000,-0.000,2.472)
[DBG ROS2] Publishing to /drone/odom: pos=(-0.000,-0.000,2.472)
[DBG RENDER] Viewport sync triggered at pos (-0.000, -0.000, 2.472)

────────────────────────────────────────────────────────────────────────────────
[FRAME 64] Δt = 1.00s
────────────────────────────────────────────────────────────────────────────────
  State      : Armed=True, Mode=LOITER
  Position   : ( -0.000,  -0.000,   2.472)
  Velocity   : (  0.000,   0.000,  -0.073)
  Target Pos : ( -0.000,  -0.000,   2.498)
  Error      : (  0.000,   0.000,   0.026) = 0.026m
  PID Output : (  0.000,   0.000,   0.058) m/s
  Applied Force: (  -0.00,   -0.00,    5.89) N (|F|=5.89N)
  ✅ Gravity compensation active (Fz > 0)
  Actual Vel: (  0.000,   0.000,   0.123) m/s
  ℹ️  Velocity differs from PID (hybrid physics integration active)
────────────────────────────────────────────────────────────────────────────────


────────────────────────────────────────────────────────────────────────────────
[FRAME 77] Δt = 1.00s
────────────────────────────────────────────────────────────────────────────────
  State      : Armed=True, Mode=LOITER
  Position   : ( -0.000,  -0.000,   2.472)
  Velocity   : (  0.000,   0.000,  -0.072)
  Target Pos : ( -0.000,  -0.000,   2.498)
  Error      : (  0.000,   0.000,   0.025) = 0.025m
  PID Output : (  0.000,   0.000,   0.059) m/s
  Applied Force: (  -0.00,   -0.00,    5.89) N (|F|=5.89N)
  ✅ Gravity compensation active (Fz > 0)
  Actual Vel: (  0.000,   0.000,   0.124) m/s
  ℹ️  Velocity differs from PID (hybrid physics integration active)
────────────────────────────────────────────────────────────────────────────────

[DBG RENDER] Viewport sync triggered at pos (-0.000, -0.000, 2.472)

********************************************************************************
[ARM EVENT] Drone ARMED
********************************************************************************


────────────────────────────────────────────────────────────────────────────────
[FRAME 90] Δt = 1.00s
────────────────────────────────────────────────────────────────────────────────
  State      : Armed=True, Mode=LOITER
  Position   : ( -0.000,  -0.000,   2.473)
  Velocity   : (  0.000,  -0.000,  -0.071)
  Target Pos : ( -0.000,  -0.000,   2.498)
  Error      : (  0.000,   0.000,   0.025) = 0.025m
  PID Output : (  0.000,   0.000,   0.060) m/s
  Applied Force: (  -0.00,    0.00,    5.89) N (|F|=5.89N)
  ✅ Gravity compensation active (Fz > 0)
  Actual Vel: (  0.000,  -0.000,   0.125) m/s
  ℹ️  Velocity differs from PID (hybrid physics integration active)
────────────────────────────────────────────────────────────────────────────────

[VIEWPORT FIX] Setting drone position to (-0.000, -0.000, 2.476)
[DBG RENDER] Viewport sync triggered at pos (-0.000, -0.000, 2.473)

────────────────────────────────────────────────────────────────────────────────
[FRAME 102] Δt = 1.00s
────────────────────────────────────────────────────────────────────────────────
  State      : Armed=True, Mode=LOITER
  Position   : ( -0.000,  -0.000,   2.473)
  Velocity   : (  0.000,  -0.000,  -0.071)
  Target Pos : ( -0.000,  -0.000,   2.498)
  Error      : (  0.000,   0.000,   0.024) = 0.024m
  PID Output : (  0.000,   0.000,   0.060) m/s
  Applied Force: (   0.00,    0.00,    5.89) N (|F|=5.89N)
  ✅ Gravity compensation active (Fz > 0)
  Actual Vel: (  0.000,  -0.000,   0.125) m/s
  ℹ️  Velocity differs from PID (hybrid physics integration active)
────────────────────────────────────────────────────────────────────────────────

[Drone drone] Target position: (0.00, 0.00, 2.50)
[Drone drone] Mode: LOITER → POSITION

────────────────────────────────────────────────────────────────────────────────
[FRAME 114] Δt = 1.00s
────────────────────────────────────────────────────────────────────────────────
  State      : Armed=True, Mode=POSITION
  Position   : ( -0.000,  -0.000,   2.473)
  Velocity   : (  0.000,   0.000,  -0.077)
  Target Pos : (  0.000,   0.000,   2.500)
  Error      : (  0.000,   0.000,   0.027) = 0.027m
  PID Output : (  0.000,   0.000,   0.054) m/s
  Applied Force: (   0.00,   -0.00,    5.89) N (|F|=5.89N)
  ✅ Gravity compensation active (Fz > 0)
  Actual Vel: (  0.000,   0.000,   0.120) m/s
  ℹ️  Velocity differs from PID (hybrid physics integration active)
────────────────────────────────────────────────────────────────────────────────

[DBG CACHE] Frame 120: Updating cache with pos=(-0.000,-0.000,2.473)
[DBG ROS2] Publishing to /drone/odom: pos=(-0.000,-0.000,2.473)
[DBG RENDER] Viewport sync triggered at pos (-0.000, -0.000, 2.473)

────────────────────────────────────────────────────────────────────────────────
[FRAME 127] Δt = 1.00s
────────────────────────────────────────────────────────────────────────────────
  State      : Armed=True, Mode=POSITION
  Position   : ( -0.000,  -0.000,   2.473)
  Velocity   : (  0.000,   0.000,  -0.074)
  Target Pos : (  0.000,   0.000,   2.500)
  Error      : (  0.000,   0.000,   0.027) = 0.027m
  PID Output : (  0.000,   0.000,   0.057) m/s
  Applied Force: (   0.00,   -0.00,    5.89) N (|F|=5.89N)
  ✅ Gravity compensation active (Fz > 0)
  Actual Vel: (  0.000,   0.000,   0.122) m/s
  ℹ️  Velocity differs from PID (hybrid physics integration active)
────────────────────────────────────────────────────────────────────────────────


────────────────────────────────────────────────────────────────────────────────
[FRAME 140] Δt = 1.00s
────────────────────────────────────────────────────────────────────────────────
  State      : Armed=True, Mode=POSITION
  Position   : ( -0.000,  -0.000,   2.473)
  Velocity   : (  0.000,   0.000,  -0.072)
  Target Pos : (  0.000,   0.000,   2.500)
  Error      : (  0.000,   0.000,   0.027) = 0.027m
  PID Output : (  0.000,   0.000,   0.059) m/s
  Applied Force: (  -0.00,   -0.00,    5.89) N (|F|=5.89N)
  ✅ Gravity compensation active (Fz > 0)
  Actual Vel: (  0.000,   0.000,   0.124) m/s
  ℹ️  Velocity differs from PID (hybrid physics integration active)
────────────────────────────────────────────────────────────────────────────────

[DBG RENDER] Viewport sync triggered at pos (-0.000, -0.000, 2.473)
[VIEWPORT FIX] Setting drone position to (-0.000, -0.000, 2.476)

────────────────────────────────────────────────────────────────────────────────
[FRAME 153] Δt = 1.00s
────────────────────────────────────────────────────────────────────────────────
  State      : Armed=True, Mode=POSITION
  Position   : ( -0.000,  -0.000,   2.474)
  Velocity   : (  0.000,   0.000,  -0.071)
  Target Pos : (  0.000,   0.000,   2.500)
  Error      : (  0.000,   0.000,   0.026) = 0.026m
  PID Output : (  0.000,   0.000,   0.060) m/s
  Applied Force: (  -0.00,   -0.00,    5.89) N (|F|=5.89N)
  ✅ Gravity compensation active (Fz > 0)
  Actual Vel: (  0.000,   0.000,   0.125) m/s
  ℹ️  Velocity differs from PID (hybrid physics integration active)
────────────────────────────────────────────────────────────────────────────────

[DBG RENDER] Viewport sync triggered at pos (-0.000, -0.000, 2.474)

────────────────────────────────────────────────────────────────────────────────
[FRAME 165] Δt = 1.00s
────────────────────────────────────────────────────────────────────────────────
  State      : Armed=True, Mode=POSITION
  Position   : ( -0.000,  -0.000,   2.474)
  Velocity   : (  0.000,   0.000,  -0.071)
  Target Pos : (  0.000,   0.000,   2.500)
  Error      : (  0.000,   0.000,   0.026) = 0.026m
  PID Output : (  0.000,   0.000,   0.060) m/s
  Applied Force: (  -0.00,   -0.00,    5.89) N (|F|=5.89N)
  ✅ Gravity compensation active (Fz > 0)
  Actual Vel: (  0.000,   0.000,   0.126) m/s
  ℹ️  Velocity differs from PID (hybrid physics integration active)
────────────────────────────────────────────────────────────────────────────────


────────────────────────────────────────────────────────────────────────────────
[FRAME 178] Δt = 1.00s
────────────────────────────────────────────────────────────────────────────────
  State      : Armed=True, Mode=POSITION
  Position   : ( -0.000,  -0.000,   2.475)
  Velocity   : (  0.000,   0.000,  -0.070)
  Target Pos : (  0.000,   0.000,   2.500)
  Error      : (  0.000,   0.000,   0.025) = 0.025m
  PID Output : (  0.000,   0.000,   0.060) m/s
  Applied Force: (   0.00,   -0.00,    5.89) N (|F|=5.89N)
  ✅ Gravity compensation active (Fz > 0)
  Actual Vel: (  0.000,   0.000,   0.126) m/s
  ℹ️  Velocity differs from PID (hybrid physics integration active)
────────────────────────────────────────────────────────────────────────────────

[DBG CACHE] Frame 180: Updating cache with pos=(-0.000,-0.000,2.475)
[DBG ROS2] Publishing to /drone/odom: pos=(-0.000,-0.000,2.475)
[DBG RENDER] Viewport sync triggered at pos (-0.000, -0.000, 2.475)

────────────────────────────────────────────────────────────────────────────────
[FRAME 191] Δt = 1.00s
────────────────────────────────────────────────────────────────────────────────
  State      : Armed=True, Mode=POSITION
  Position   : ( -0.000,   0.000,   2.476)
  Velocity   : (  0.000,   0.000,  -0.070)
  Target Pos : (  0.000,   0.000,   2.500)
  Error      : (  0.000,  -0.000,   0.024) = 0.024m
  PID Output : (  0.000,   0.000,   0.060) m/s
  Applied Force: (   0.00,   -0.00,    5.89) N (|F|=5.89N)
  ✅ Gravity compensation active (Fz > 0)
  Actual Vel: (  0.000,   0.000,   0.126) m/s
  ℹ️  Velocity differs from PID (hybrid physics integration active)
────────────────────────────────────────────────────────────────────────────────

[VIEWPORT FIX] Setting drone position to (-0.000, 0.000, 2.479)
[DBG RENDER] Viewport sync triggered at pos (-0.000, 0.000, 2.476)
[Drone drone] Target position: (5.00, 0.00, 2.50)

────────────────────────────────────────────────────────────────────────────────
[FRAME 204] Δt = 1.00s
────────────────────────────────────────────────────────────────────────────────
  State      : Armed=True, Mode=POSITION
  Position   : (  0.005,   0.000,   2.477)
  Velocity   : (  0.250,   0.000,  -0.070)
  Target Pos : (  5.000,   0.000,   2.500)
  Error      : (  4.995,  -0.000,   0.023) = 4.995m
  PID Output : (  2.000,   0.000,   0.060) m/s
  Applied Force: (   7.50,   -0.00,    5.89) N (|F|=9.53N)
  ✅ Gravity compensation active (Fz > 0)
  Actual Vel: (  0.500,   0.000,   0.126) m/s
  ℹ️  Velocity differs from PID (hybrid physics integration active)
────────────────────────────────────────────────────────────────────────────────


────────────────────────────────────────────────────────────────────────────────
[FRAME 217] Δt = 1.00s
────────────────────────────────────────────────────────────────────────────────
  State      : Armed=True, Mode=POSITION
  Position   : (  0.393,   0.000,   2.478)
  Velocity   : (  1.944,   0.000,  -0.070)
  Target Pos : (  5.000,   0.000,   2.500)
  Error      : (  4.607,  -0.000,   0.022) = 4.607m
  PID Output : (  2.000,   0.000,   0.060) m/s
  Applied Force: (   0.42,   -0.00,    5.89) N (|F|=5.90N)
  ✅ Gravity compensation active (Fz > 0)
  Actual Vel: (  1.958,   0.000,   0.126) m/s
  ℹ️  Velocity differs from PID (hybrid physics integration active)
────────────────────────────────────────────────────────────────────────────────

[DBG RENDER] Viewport sync triggered at pos (0.551, 0.000, 2.478)

────────────────────────────────────────────────────────────────────────────────
[FRAME 229] Δt = 1.00s
────────────────────────────────────────────────────────────────────────────────
  State      : Armed=True, Mode=POSITION
  Position   : (  0.870,   0.000,   2.478)
  Velocity   : (  1.998,   0.000,  -0.070)
  Target Pos : (  5.000,   0.000,   2.500)
  Error      : (  4.130,  -0.000,   0.022) = 4.130m
  PID Output : (  2.000,   0.000,   0.060) m/s
  Applied Force: (   0.01,   -0.00,    5.89) N (|F|=5.89N)
  ✅ Gravity compensation active (Fz > 0)
  Actual Vel: (  1.999,   0.000,   0.126) m/s
  ℹ️  Velocity differs from PID (hybrid physics integration active)
────────────────────────────────────────────────────────────────────────────────

[DBG CACHE] Frame 240: Updating cache with pos=(1.310,0.000,2.479)
[DBG ROS2] Publishing to /drone/odom: pos=(1.310,0.000,2.479)
[DBG RENDER] Viewport sync triggered at pos (1.350, 0.000, 2.479)

────────────────────────────────────────────────────────────────────────────────
[FRAME 241] Δt = 1.00s
────────────────────────────────────────────────────────────────────────────────
  State      : Armed=True, Mode=POSITION
  Position   : (  1.350,   0.000,   2.479)
  Velocity   : (  2.000,   0.000,  -0.071)
  Target Pos : (  5.000,   0.000,   2.500)
  Error      : (  3.650,  -0.000,   0.021) = 3.650m
  PID Output : (  2.000,   0.000,   0.060) m/s
  Applied Force: (   0.00,   -0.00,    5.89) N (|F|=5.89N)
  ✅ Gravity compensation active (Fz > 0)
  Actual Vel: (  2.000,   0.000,   0.126) m/s
  ℹ️  Velocity differs from PID (hybrid physics integration active)
────────────────────────────────────────────────────────────────────────────────

[VIEWPORT FIX] Setting drone position to (1.783, 0.000, 2.482)

────────────────────────────────────────────────────────────────────────────────
[FRAME 253] Δt = 1.00s
────────────────────────────────────────────────────────────────────────────────
  State      : Armed=True, Mode=POSITION
  Position   : (  1.830,   0.000,   2.480)
  Velocity   : (  2.000,   0.000,  -0.071)
  Target Pos : (  5.000,   0.000,   2.500)
  Error      : (  3.170,  -0.000,   0.020) = 3.170m
  PID Output : (  2.000,  -0.000,   0.060) m/s
  Applied Force: (   0.00,   -0.00,    5.89) N (|F|=5.89N)
  ✅ Gravity compensation active (Fz > 0)
  Actual Vel: (  2.000,   0.000,   0.126) m/s
  ℹ️  Velocity differs from PID (hybrid physics integration active)
────────────────────────────────────────────────────────────────────────────────

[DBG RENDER] Viewport sync triggered at pos (2.150, 0.000, 2.480)

────────────────────────────────────────────────────────────────────────────────
[FRAME 266] Δt = 1.00s
────────────────────────────────────────────────────────────────────────────────
  State      : Armed=True, Mode=POSITION
  Position   : (  2.350,   0.000,   2.480)
  Velocity   : (  2.000,  -0.000,  -0.071)
  Target Pos : (  5.000,   0.000,   2.500)
  Error      : (  2.650,  -0.000,   0.020) = 2.650m
  PID Output : (  2.000,  -0.000,   0.060) m/s
  Applied Force: (   0.00,   -0.00,    5.89) N (|F|=5.89N)
  ✅ Gravity compensation active (Fz > 0)
  Actual Vel: (  2.000,  -0.000,   0.125) m/s
  ℹ️  Velocity differs from PID (hybrid physics integration active)
────────────────────────────────────────────────────────────────────────────────


────────────────────────────────────────────────────────────────────────────────
[FRAME 278] Δt = 1.00s
────────────────────────────────────────────────────────────────────────────────
  State      : Armed=True, Mode=POSITION
  Position   : (  2.830,   0.000,   2.481)
  Velocity   : (  2.000,  -0.000,  -0.071)
  Target Pos : (  5.000,   0.000,   2.500)
  Error      : (  2.170,  -0.000,   0.019) = 2.170m
  PID Output : (  2.000,  -0.000,   0.060) m/s
  Applied Force: (   0.00,   -0.00,    5.89) N (|F|=5.89N)
  ✅ Gravity compensation active (Fz > 0)
  Actual Vel: (  2.000,  -0.000,   0.125) m/s
  ℹ️  Velocity differs from PID (hybrid physics integration active)
────────────────────────────────────────────────────────────────────────────────

[DBG RENDER] Viewport sync triggered at pos (2.950, 0.000, 2.481)

────────────────────────────────────────────────────────────────────────────────
[FRAME 291] Δt = 1.00s
────────────────────────────────────────────────────────────────────────────────
  State      : Armed=True, Mode=POSITION
  Position   : (  3.350,   0.000,   2.482)
  Velocity   : (  2.000,  -0.000,  -0.071)
  Target Pos : (  5.000,   0.000,   2.500)
  Error      : (  1.650,  -0.000,   0.018) = 1.650m
  PID Output : (  2.000,  -0.000,   0.060) m/s
  Applied Force: (   0.00,   -0.00,    5.89) N (|F|=5.89N)
  ✅ Gravity compensation active (Fz > 0)
  Actual Vel: (  2.000,  -0.000,   0.125) m/s
  ℹ️  Velocity differs from PID (hybrid physics integration active)
────────────────────────────────────────────────────────────────────────────────

[Drone drone] Target position: (5.00, 5.00, 2.50)
[DBG CACHE] Frame 300: Updating cache with pos=(3.710,0.000,2.482)
[DBG ROS2] Publishing to /drone/odom: pos=(3.710,0.000,2.482)
[VIEWPORT FIX] Setting drone position to (3.783, 0.013, 2.484)
[DBG RENDER] Viewport sync triggered at pos (3.750, 0.005, 2.482)

────────────────────────────────────────────────────────────────────────────────
[FRAME 304] Δt = 1.00s
────────────────────────────────────────────────────────────────────────────────
  State      : Armed=True, Mode=POSITION
  Position   : (  3.869,   0.050,   2.482)
  Velocity   : (  1.967,   1.000,  -0.071)
  Target Pos : (  5.000,   5.000,   2.500)
  Error      : (  1.131,   4.950,   0.018) = 5.078m
  PID Output : (  1.857,   2.000,   0.060) m/s
  Applied Force: (  -0.83,    7.50,    5.89) N (|F|=9.57N)
  ✅ Gravity compensation active (Fz > 0)
  Actual Vel: (  1.940,   1.250,   0.125) m/s
  ℹ️  Velocity differs from PID (hybrid physics integration active)
────────────────────────────────────────────────────────────────────────────────


────────────────────────────────────────────────────────────────────────────────
[FRAME 316] Δt = 1.00s
────────────────────────────────────────────────────────────────────────────────
  State      : Armed=True, Mode=POSITION
  Position   : (  4.285,   0.472,   2.483)
  Velocity   : (  1.512,   1.968,  -0.071)
  Target Pos : (  5.000,   5.000,   2.500)
  Error      : (  0.715,   4.528,   0.017) = 4.584m
  PID Output : (  1.359,   2.000,   0.060) m/s
  Applied Force: (  -1.15,    0.24,    5.89) N (|F|=6.00N)
  ✅ Gravity compensation active (Fz > 0)
  Actual Vel: (  1.474,   1.976,   0.125) m/s
  ℹ️  Velocity differs from PID (hybrid physics integration active)
────────────────────────────────────────────────────────────────────────────────

[DBG RENDER] Viewport sync triggered at pos (4.425, 0.670, 2.483)

────────────────────────────────────────────────────────────────────────────────
[FRAME 328] Δt = 1.00s
────────────────────────────────────────────────────────────────────────────────
  State      : Armed=True, Mode=POSITION
  Position   : (  4.592,   0.950,   2.484)
  Velocity   : (  1.105,   1.999,  -0.071)
  Target Pos : (  5.000,   5.000,   2.500)
  Error      : (  0.408,   4.050,   0.016) = 4.070m
  PID Output : (  0.989,   2.000,   0.060) m/s
  Applied Force: (  -0.86,    0.01,    5.89) N (|F|=5.95N)
  ✅ Gravity compensation active (Fz > 0)
  Actual Vel: (  1.076,   1.999,   0.125) m/s
  ℹ️  Velocity differs from PID (hybrid physics integration active)
────────────────────────────────────────────────────────────────────────────────


────────────────────────────────────────────────────────────────────────────────
[FRAME 340] Δt = 1.00s
────────────────────────────────────────────────────────────────────────────────
  State      : Armed=True, Mode=POSITION
  Position   : (  4.816,   1.430,   2.484)
  Velocity   : (  0.804,   2.000,  -0.071)
  Target Pos : (  5.000,   5.000,   2.500)
  Error      : (  0.184,   3.570,   0.016) = 3.575m
  PID Output : (  0.720,   2.000,   0.059) m/s
  Applied Force: (  -0.63,    0.00,    5.89) N (|F|=5.92N)
  ✅ Gravity compensation active (Fz > 0)
  Actual Vel: (  0.783,   2.000,   0.125) m/s
  ℹ️  Velocity differs from PID (hybrid physics integration active)
────────────────────────────────────────────────────────────────────────────────

[DBG RENDER] Viewport sync triggered at pos (4.832, 1.470, 2.484)
[VIEWPORT FIX] Setting drone position to (4.978, 1.903, 2.487)

────────────────────────────────────────────────────────────────────────────────
[FRAME 352] Δt = 1.00s
────────────────────────────────────────────────────────────────────────────────
  State      : Armed=True, Mode=POSITION
  Position   : (  4.980,   1.910,   2.485)
  Velocity   : (  0.586,   2.000,  -0.071)
  Target Pos : (  5.000,   5.000,   2.500)
  Error      : (  0.020,   3.090,   0.015) = 3.090m
  PID Output : (  0.525,   2.000,   0.059) m/s
  Applied Force: (  -0.46,    0.00,    5.89) N (|F|=5.90N)
  ✅ Gravity compensation active (Fz > 0)
  Actual Vel: (  0.570,   2.000,   0.125) m/s
  ℹ️  Velocity differs from PID (hybrid physics integration active)
────────────────────────────────────────────────────────────────────────────────

[DBG CACHE] Frame 360: Updating cache with pos=(5.063,2.230,2.485)
[DBG ROS2] Publishing to /drone/odom: pos=(5.063,2.230,2.485)
[DBG RENDER] Viewport sync triggered at pos (5.072, 2.270, 2.485)

────────────────────────────────────────────────────────────────────────────────
[FRAME 365] Δt = 1.00s
────────────────────────────────────────────────────────────────────────────────
  State      : Armed=True, Mode=POSITION
  Position   : (  5.107,   2.430,   2.485)
  Velocity   : (  0.415,   2.000,  -0.071)
  Target Pos : (  5.000,   5.000,   2.500)
  Error      : ( -0.107,   2.570,   0.015) = 2.572m
  PID Output : (  0.371,   2.000,   0.059) m/s
  Applied Force: (  -0.33,    0.00,    5.89) N (|F|=5.89N)
  ✅ Gravity compensation active (Fz > 0)
  Actual Vel: (  0.404,   2.000,   0.125) m/s
  ℹ️  Velocity differs from PID (hybrid physics integration active)
────────────────────────────────────────────────────────────────────────────────


────────────────────────────────────────────────────────────────────────────────
[FRAME 378] Δt = 1.00s
────────────────────────────────────────────────────────────────────────────────
  State      : Armed=True, Mode=POSITION
  Position   : (  5.196,   2.950,   2.486)
  Velocity   : (  0.291,   2.000,  -0.072)
  Target Pos : (  5.000,   5.000,   2.500)
  Error      : ( -0.196,   2.050,   0.014) = 2.059m
  PID Output : (  0.259,   2.000,   0.059) m/s
  Applied Force: (  -0.24,    0.00,    5.89) N (|F|=5.89N)
  ✅ Gravity compensation active (Fz > 0)
  Actual Vel: (  0.283,   2.000,   0.125) m/s
  ℹ️  Velocity differs from PID (hybrid physics integration active)
────────────────────────────────────────────────────────────────────────────────

[DBG RENDER] Viewport sync triggered at pos (5.213, 3.070, 2.486)

────────────────────────────────────────────────────────────────────────────────
[FRAME 390] Δt = 1.00s
────────────────────────────────────────────────────────────────────────────────
  State      : Armed=True, Mode=POSITION
  Position   : (  5.255,   3.430,   2.486)
  Velocity   : (  0.208,   2.000,  -0.072)
  Target Pos : (  5.000,   5.000,   2.500)
  Error      : ( -0.255,   1.570,   0.014) = 1.591m
  PID Output : (  0.184,   2.000,   0.059) m/s
  Applied Force: (  -0.18,    0.00,    5.89) N (|F|=5.89N)
  ✅ Gravity compensation active (Fz > 0)
  Actual Vel: (  0.202,   2.000,   0.125) m/s
  ℹ️  Velocity differs from PID (hybrid physics integration active)
────────────────────────────────────────────────────────────────────────────────

[Drone drone] Target position: (0.00, 5.00, 2.50)
[VIEWPORT FIX] Setting drone position to (5.198, 3.901, 2.489)
[DBG RENDER] Viewport sync triggered at pos (5.220, 3.869, 2.487)

────────────────────────────────────────────────────────────────────────────────
[FRAME 402] Δt = 1.00s
────────────────────────────────────────────────────────────────────────────────
  State      : Armed=True, Mode=POSITION
  Position   : (  5.194,   3.908,   2.487)
  Velocity   : ( -1.307,   1.940,  -0.072)
  Target Pos : (  0.000,   5.000,   2.500)
  Error      : ( -5.194,   1.092,   0.013) = 5.307m
  PID Output : ( -2.000,   1.811,   0.059) m/s
  Applied Force: (  -5.20,   -0.97,    5.89) N (|F|=7.91N)
  ✅ Gravity compensation active (Fz > 0)
  Actual Vel: ( -1.480,   1.907,   0.125) m/s
  ℹ️  Velocity differs from PID (hybrid physics integration active)
────────────────────────────────────────────────────────────────────────────────


────────────────────────────────────────────────────────────────────────────────
[FRAME 414] Δt = 1.00s
────────────────────────────────────────────────────────────────────────────────
  State      : Armed=True, Mode=POSITION
  Position   : (  4.754,   4.314,   2.487)
  Velocity   : ( -1.978,   1.474,  -0.072)
  Target Pos : (  0.000,   5.000,   2.500)
  Error      : ( -4.754,   0.686,   0.013) = 4.803m
  PID Output : ( -2.000,   1.323,   0.059) m/s
  Applied Force: (  -0.16,   -1.13,    5.89) N (|F|=6.00N)
  ✅ Gravity compensation active (Fz > 0)
  Actual Vel: ( -1.984,   1.436,   0.124) m/s
  ℹ️  Velocity differs from PID (hybrid physics integration active)
────────────────────────────────────────────────────────────────────────────────

[DBG CACHE] Frame 420: Updating cache with pos=(4.515,4.476,2.488)
[DBG ROS2] Publishing to /drone/odom: pos=(4.515,4.476,2.488)
[DBG RENDER] Viewport sync triggered at pos (4.475, 4.500, 2.488)

────────────────────────────────────────────────────────────────────────────────
[FRAME 427] Δt = 1.00s
────────────────────────────────────────────────────────────────────────────────
  State      : Armed=True, Mode=POSITION
  Position   : (  4.235,   4.635,   2.488)
  Velocity   : ( -1.999,   1.048,  -0.072)
  Target Pos : (  0.000,   5.000,   2.500)
  Error      : ( -4.235,   0.365,   0.012) = 4.251m
  PID Output : ( -2.000,   0.938,   0.059) m/s
  Applied Force: (  -0.00,   -0.82,    5.89) N (|F|=5.94N)
  ✅ Gravity compensation active (Fz > 0)
  Actual Vel: ( -2.000,   1.020,   0.124) m/s
  ℹ️  Velocity differs from PID (hybrid physics integration active)
────────────────────────────────────────────────────────────────────────────────


────────────────────────────────────────────────────────────────────────────────
[FRAME 440] Δt = 1.00s
────────────────────────────────────────────────────────────────────────────────
  State      : Armed=True, Mode=POSITION
  Position   : (  3.715,   4.862,   2.488)
  Velocity   : ( -2.000,   0.743,  -0.072)
  Target Pos : (  0.000,   5.000,   2.500)
  Error      : ( -3.715,   0.138,   0.012) = 3.718m
  PID Output : ( -2.000,   0.665,   0.059) m/s
  Applied Force: (  -0.00,   -0.58,    5.89) N (|F|=5.91N)
  ✅ Gravity compensation active (Fz > 0)
  Actual Vel: ( -2.000,   0.724,   0.124) m/s
  ℹ️  Velocity differs from PID (hybrid physics integration active)
────────────────────────────────────────────────────────────────────────────────

[DBG RENDER] Viewport sync triggered at pos (3.675, 4.877, 2.488)
[VIEWPORT FIX] Setting drone position to (3.242, 5.011, 2.491)

────────────────────────────────────────────────────────────────────────────────
[FRAME 453] Δt = 1.00s
────────────────────────────────────────────────────────────────────────────────
  State      : Armed=True, Mode=POSITION
  Position   : (  3.195,   5.023,   2.489)
  Velocity   : ( -2.000,   0.527,  -0.072)
  Target Pos : (  0.000,   5.000,   2.500)
  Error      : ( -3.195,  -0.023,   0.011) = 3.195m
  PID Output : ( -2.000,   0.472,   0.059) m/s
  Applied Force: (  -0.00,   -0.41,    5.89) N (|F|=5.90N)
  ✅ Gravity compensation active (Fz > 0)
  Actual Vel: ( -2.000,   0.513,   0.124) m/s
  ℹ️  Velocity differs from PID (hybrid physics integration active)
────────────────────────────────────────────────────────────────────────────────

[DBG RENDER] Viewport sync triggered at pos (2.875, 5.098, 2.489)

────────────────────────────────────────────────────────────────────────────────
[FRAME 466] Δt = 1.00s
────────────────────────────────────────────────────────────────────────────────
  State      : Armed=True, Mode=POSITION
  Position   : (  2.675,   5.138,   2.489)
  Velocity   : ( -2.000,   0.372,  -0.072)
  Target Pos : (  0.000,   5.000,   2.500)
  Error      : ( -2.675,  -0.138,   0.011) = 2.679m
  PID Output : ( -2.000,   0.333,   0.059) m/s
  Applied Force: (  -0.00,   -0.30,    5.89) N (|F|=5.89N)
  ✅ Gravity compensation active (Fz > 0)
  Actual Vel: ( -2.000,   0.362,   0.124) m/s
  ℹ️  Velocity differs from PID (hybrid physics integration active)
────────────────────────────────────────────────────────────────────────────────


────────────────────────────────────────────────────────────────────────────────
[FRAME 479] Δt = 1.00s
────────────────────────────────────────────────────────────────────────────────
  State      : Armed=True, Mode=POSITION
  Position   : (  2.155,   5.218,   2.489)
  Velocity   : ( -2.000,   0.261,  -0.072)
  Target Pos : (  0.000,   5.000,   2.500)
  Error      : ( -2.155,  -0.218,   0.011) = 2.166m
  PID Output : ( -2.000,   0.232,   0.059) m/s
  Applied Force: (  -0.00,   -0.22,    5.89) N (|F|=5.89N)
  ✅ Gravity compensation active (Fz > 0)
  Actual Vel: ( -2.000,   0.253,   0.124) m/s
  ℹ️  Velocity differs from PID (hybrid physics integration active)
────────────────────────────────────────────────────────────────────────────────

[DBG CACHE] Frame 480: Updating cache with pos=(2.115,5.223,2.490)
[DBG ROS2] Publishing to /drone/odom: pos=(2.115,5.223,2.490)
[DBG RENDER] Viewport sync triggered at pos (2.075, 5.228, 2.490)

────────────────────────────────────────────────────────────────────────────────
[FRAME 492] Δt = 1.00s
────────────────────────────────────────────────────────────────────────────────
  State      : Armed=True, Mode=POSITION
  Position   : (  1.635,   5.274,   2.490)
  Velocity   : ( -2.000,   0.180,  -0.072)
  Target Pos : (  0.000,   5.000,   2.500)
  Error      : ( -1.635,  -0.274,   0.010) = 1.658m
  PID Output : ( -2.000,   0.159,   0.059) m/s
  Applied Force: (  -0.00,   -0.16,    5.89) N (|F|=5.89N)
  ✅ Gravity compensation active (Fz > 0)
  Actual Vel: ( -2.000,   0.175,   0.124) m/s
  ℹ️  Velocity differs from PID (hybrid physics integration active)
────────────────────────────────────────────────────────────────────────────────

[Drone drone] Target position: (0.00, 0.00, 2.50)
[VIEWPORT FIX] Setting drone position to (1.254, 5.104, 2.492)
[DBG RENDER] Viewport sync triggered at pos (1.284, 5.132, 2.490)

────────────────────────────────────────────────────────────────────────────────
[FRAME 504] Δt = 1.00s
────────────────────────────────────────────────────────────────────────────────
  State      : Armed=True, Mode=POSITION
  Position   : (  1.178,   5.026,   2.490)
  Velocity   : ( -1.731,  -1.835,  -0.072)
  Target Pos : (  0.000,   0.000,   2.500)
  Error      : ( -1.178,  -5.026,   0.010) = 5.162m
  PID Output : ( -1.575,  -2.000,   0.059) m/s
  Applied Force: (   1.17,   -1.23,    5.89) N (|F|=6.13N)
  ✅ Gravity compensation active (Fz > 0)
  Actual Vel: ( -1.692,  -1.877,   0.124) m/s
  ℹ️  Velocity differs from PID (hybrid physics integration active)
────────────────────────────────────────────────────────────────────────────────


────────────────────────────────────────────────────────────────────────────────
[FRAME 516] Δt = 1.00s
────────────────────────────────────────────────────────────────────────────────
  State      : Armed=True, Mode=POSITION
  Position   : (  0.821,   4.555,   2.491)
  Velocity   : ( -1.295,  -1.995,  -0.072)
  Target Pos : (  0.000,   0.000,   2.500)
  Error      : ( -0.821,  -4.555,   0.009) = 4.629m
  PID Output : ( -1.168,  -2.000,   0.059) m/s
  Applied Force: (   0.96,   -0.04,    5.89) N (|F|=5.96N)
  ✅ Gravity compensation active (Fz > 0)
  Actual Vel: ( -1.263,  -1.996,   0.124) m/s
  ℹ️  Velocity differs from PID (hybrid physics integration active)
────────────────────────────────────────────────────────────────────────────────

[DBG RENDER] Viewport sync triggered at pos (0.701, 4.355, 2.491)

────────────────────────────────────────────────────────────────────────────────
[FRAME 528] Δt = 1.00s
────────────────────────────────────────────────────────────────────────────────
  State      : Armed=True, Mode=POSITION
  Position   : (  0.556,   4.075,   2.491)
  Velocity   : ( -0.959,  -2.000,  -0.072)
  Target Pos : (  0.000,   0.000,   2.500)
  Error      : ( -0.556,  -4.075,   0.009) = 4.113m
  PID Output : ( -0.864,  -2.000,   0.059) m/s
  Applied Force: (   0.71,   -0.00,    5.89) N (|F|=5.93N)
  ✅ Gravity compensation active (Fz > 0)
  Actual Vel: ( -0.935,  -2.000,   0.124) m/s
  ℹ️  Velocity differs from PID (hybrid physics integration active)
────────────────────────────────────────────────────────────────────────────────


────────────────────────────────────────────────────────────────────────────────
[FRAME 540] Δt = 1.00s
────────────────────────────────────────────────────────────────────────────────
  State      : Armed=True, Mode=POSITION
  Position   : (  0.360,   3.595,   2.491)
  Velocity   : ( -0.709,  -2.000,  -0.072)
  Target Pos : (  0.000,   0.000,   2.500)
  Error      : ( -0.360,  -3.595,   0.009) = 3.613m
  PID Output : ( -0.638,  -2.000,   0.058) m/s
  Applied Force: (   0.53,   -0.00,    5.89) N (|F|=5.91N)
  ✅ Gravity compensation active (Fz > 0)
  Actual Vel: ( -0.691,  -2.000,   0.124) m/s
  ℹ️  Velocity differs from PID (hybrid physics integration active)
────────────────────────────────────────────────────────────────────────────────

[DBG CACHE] Frame 540: Updating cache with pos=(0.360,3.595,2.491)
[DBG ROS2] Publishing to /drone/odom: pos=(0.360,3.595,2.491)
[DBG RENDER] Viewport sync triggered at pos (0.346, 3.555, 2.491)
[VIEWPORT FIX] Setting drone position to (0.217, 3.122, 2.494)

────────────────────────────────────────────────────────────────────────────────
[FRAME 552] Δt = 1.00s
────────────────────────────────────────────────────────────────────────────────
  State      : Armed=True, Mode=POSITION
  Position   : (  0.215,   3.115,   2.491)
  Velocity   : ( -0.523,  -2.000,  -0.072)
  Target Pos : (  0.000,   0.000,   2.500)
  Error      : ( -0.215,  -3.115,   0.009) = 3.123m
  PID Output : ( -0.470,  -2.000,   0.058) m/s
  Applied Force: (   0.39,   -0.00,    5.89) N (|F|=5.90N)
  ✅ Gravity compensation active (Fz > 0)
  Actual Vel: ( -0.510,  -2.000,   0.124) m/s
  ℹ️  Velocity differs from PID (hybrid physics integration active)
────────────────────────────────────────────────────────────────────────────────

[DBG RENDER] Viewport sync triggered at pos (0.132, 2.755, 2.492)

────────────────────────────────────────────────────────────────────────────────
[FRAME 564] Δt = 1.00s
────────────────────────────────────────────────────────────────────────────────
  State      : Armed=True, Mode=POSITION
  Position   : (  0.108,   2.635,   2.492)
  Velocity   : ( -0.385,  -2.000,  -0.072)
  Target Pos : (  0.000,   0.000,   2.500)
  Error      : ( -0.108,  -2.635,   0.008) = 2.638m
  PID Output : ( -0.346,  -2.000,   0.058) m/s
  Applied Force: (   0.29,   -0.00,    5.89) N (|F|=5.89N)
  ✅ Gravity compensation active (Fz > 0)
  Actual Vel: ( -0.375,  -2.000,   0.124) m/s
  ℹ️  Velocity differs from PID (hybrid physics integration active)
────────────────────────────────────────────────────────────────────────────────


────────────────────────────────────────────────────────────────────────────────
[FRAME 576] Δt = 1.00s
────────────────────────────────────────────────────────────────────────────────
  State      : Armed=True, Mode=POSITION
  Position   : (  0.030,   2.155,   2.492)
  Velocity   : ( -0.282,  -2.000,  -0.072)
  Target Pos : (  0.000,   0.000,   2.500)
  Error      : ( -0.030,  -2.155,   0.008) = 2.156m
  PID Output : ( -0.253,  -2.000,   0.058) m/s
  Applied Force: (   0.22,   -0.00,    5.89) N (|F|=5.89N)
  ✅ Gravity compensation active (Fz > 0)
  Actual Vel: ( -0.275,  -2.000,   0.124) m/s
  ℹ️  Velocity differs from PID (hybrid physics integration active)
────────────────────────────────────────────────────────────────────────────────

[DBG RENDER] Viewport sync triggered at pos (0.004, 1.955, 2.492)
[ROS2 SERVICE] /drone/land called
[Drone drone] Mode: POSITION → LANDING
[ROS2 SERVICE] /drone/land success: Mode set to LANDING

────────────────────────────────────────────────────────────────────────────────
[FRAME 588] Δt = 1.00s
────────────────────────────────────────────────────────────────────────────────
  State      : Armed=True, Mode=LANDING
  Position   : ( -0.025,   1.690,   2.487)
  Velocity   : ( -0.122,  -1.500,  -0.229)
  Target Pos : (  0.000,   0.000,   2.500)
  Error      : (  0.025,  -1.690,   0.013) = 1.691m
  PID Output : (  0.000,   0.000,  -0.300) m/s
  Applied Force: (   0.91,    7.50,    4.37) N (|F|=8.73N)
  Actual Vel: ( -0.091,  -1.250,  -0.083) m/s
  ℹ️  Velocity differs from PID (hybrid physics integration active)
────────────────────────────────────────────────────────────────────────────────


────────────────────────────────────────────────────────────────────────────────
[FRAME 600] Δt = 1.00s
────────────────────────────────────────────────────────────────────────────────
  State      : Armed=True, Mode=LANDING
  Position   : ( -0.032,   1.589,   2.413)
  Velocity   : ( -0.004,  -0.056,  -0.424)
  Target Pos : (  0.000,   0.000,   2.500)
  Error      : (  0.032,  -1.589,   0.087) = 1.591m
  PID Output : (  0.000,   0.000,  -0.300) m/s
  Applied Force: (   0.03,    0.42,    5.84) N (|F|=5.85N)
  Actual Vel: ( -0.003,  -0.042,  -0.230) m/s
  ℹ️  Velocity differs from PID (hybrid physics integration active)
────────────────────────────────────────────────────────────────────────────────

[DBG CACHE] Frame 600: Updating cache with pos=(-0.032,1.589,2.413)
[DBG ROS2] Publishing to /drone/odom: pos=(-0.032,1.589,2.413)
[VIEWPORT FIX] Setting drone position to (-0.032, 1.587, 2.402)
[DBG RENDER] Viewport sync triggered at pos (-0.032, 1.588, 2.406)

────────────────────────────────────────────────────────────────────────────────
[FRAME 612] Δt = 1.00s
────────────────────────────────────────────────────────────────────────────────
  State      : Armed=True, Mode=LANDING
  Position   : ( -0.032,   1.585,   2.328)
  Velocity   : ( -0.000,  -0.002,  -0.431)
  Target Pos : (  0.000,   0.000,   2.500)
  Error      : (  0.032,  -1.585,   0.172) = 1.595m
  PID Output : (  0.000,   0.000,  -0.300) m/s
  Applied Force: (   0.00,    0.01,    5.88) N (|F|=5.88N)
  Actual Vel: ( -0.000,  -0.001,  -0.234) m/s
  ℹ️  Velocity differs from PID (hybrid physics integration active)
────────────────────────────────────────────────────────────────────────────────

[DBG RENDER] Viewport sync triggered at pos (-0.032, 1.585, 2.264)

────────────────────────────────────────────────────────────────────────────────
[FRAME 624] Δt = 1.00s
────────────────────────────────────────────────────────────────────────────────
  State      : Armed=True, Mode=LANDING
  Position   : ( -0.032,   1.585,   2.242)
  Velocity   : ( -0.000,  -0.000,  -0.431)
  Target Pos : (  0.000,   0.000,   2.500)
  Error      : (  0.032,  -1.585,   0.258) = 1.606m
  PID Output : (  0.000,   0.000,  -0.300) m/s
  Applied Force: (   0.00,    0.00,    5.89) N (|F|=5.89N)
  Actual Vel: ( -0.000,  -0.000,  -0.235) m/s
  ℹ️  Velocity differs from PID (hybrid physics integration active)
────────────────────────────────────────────────────────────────────────────────


────────────────────────────────────────────────────────────────────────────────
[FRAME 636] Δt = 1.00s
────────────────────────────────────────────────────────────────────────────────
  State      : Armed=True, Mode=LANDING
  Position   : ( -0.032,   1.585,   2.157)
  Velocity   : ( -0.000,  -0.000,  -0.431)
  Target Pos : (  0.000,   0.000,   2.500)
  Error      : (  0.032,  -1.585,   0.343) = 1.622m
  PID Output : (  0.000,   0.000,  -0.300) m/s
  Applied Force: (   0.00,    0.00,    5.89) N (|F|=5.89N)
  Actual Vel: ( -0.000,  -0.000,  -0.235) m/s
  ℹ️  Velocity differs from PID (hybrid physics integration active)
────────────────────────────────────────────────────────────────────────────────

[DBG RENDER] Viewport sync triggered at pos (-0.032, 1.585, 2.121)

────────────────────────────────────────────────────────────────────────────────
[FRAME 648] Δt = 1.00s
────────────────────────────────────────────────────────────────────────────────
  State      : Armed=True, Mode=LANDING
  Position   : ( -0.032,   1.585,   2.071)
  Velocity   : ( -0.000,  -0.000,  -0.431)
  Target Pos : (  0.000,   0.000,   2.500)
  Error      : (  0.032,  -1.585,   0.429) = 1.643m
  PID Output : (  0.000,   0.000,  -0.300) m/s
  Applied Force: (   0.00,    0.00,    5.89) N (|F|=5.89N)
  Actual Vel: ( -0.000,  -0.000,  -0.235) m/s
  ℹ️  Velocity differs from PID (hybrid physics integration active)
────────────────────────────────────────────────────────────────────────────────

[VIEWPORT FIX] Setting drone position to (-0.032, 1.585, 2.045)

────────────────────────────────────────────────────────────────────────────────
[FRAME 660] Δt = 1.00s
────────────────────────────────────────────────────────────────────────────────
  State      : Armed=True, Mode=LANDING
  Position   : ( -0.032,   1.585,   1.985)
  Velocity   : ( -0.000,  -0.000,  -0.431)
  Target Pos : (  0.000,   0.000,   2.500)
  Error      : (  0.032,  -1.585,   0.515) = 1.667m
  PID Output : (  0.000,   0.000,  -0.300) m/s
  Applied Force: (   0.00,    0.00,    5.89) N (|F|=5.89N)
  Actual Vel: ( -0.000,  -0.000,  -0.235) m/s
  ℹ️  Velocity differs from PID (hybrid physics integration active)
────────────────────────────────────────────────────────────────────────────────

[DBG CACHE] Frame 660: Updating cache with pos=(-0.032,1.585,1.985)
[DBG ROS2] Publishing to /drone/odom: pos=(-0.032,1.585,1.985)
[DBG RENDER] Viewport sync triggered at pos (-0.032, 1.585, 1.978)

────────────────────────────────────────────────────────────────────────────────
[FRAME 672] Δt = 1.00s
────────────────────────────────────────────────────────────────────────────────
  State      : Armed=True, Mode=LANDING
  Position   : ( -0.032,   1.585,   1.899)
  Velocity   : ( -0.000,  -0.000,  -0.431)
  Target Pos : (  0.000,   0.000,   2.500)
  Error      : (  0.032,  -1.585,   0.601) = 1.696m
  PID Output : (  0.000,   0.000,  -0.300) m/s
  Applied Force: (   0.00,    0.00,    5.89) N (|F|=5.89N)
  Actual Vel: ( -0.000,  -0.000,  -0.235) m/s
  ℹ️  Velocity differs from PID (hybrid physics integration active)
────────────────────────────────────────────────────────────────────────────────

[DBG RENDER] Viewport sync triggered at pos (-0.032, 1.585, 1.835)

────────────────────────────────────────────────────────────────────────────────
[FRAME 684] Δt = 1.00s
────────────────────────────────────────────────────────────────────────────────
  State      : Armed=True, Mode=LANDING
  Position   : ( -0.032,   1.585,   1.814)
  Velocity   : ( -0.000,  -0.000,  -0.431)
  Target Pos : (  0.000,   0.000,   2.500)
  Error      : (  0.032,  -1.585,   0.686) = 1.728m
  PID Output : (  0.000,   0.000,  -0.300) m/s
  Applied Force: (   0.00,    0.00,    5.89) N (|F|=5.89N)
  Actual Vel: ( -0.000,  -0.000,  -0.235) m/s
  ℹ️  Velocity differs from PID (hybrid physics integration active)
────────────────────────────────────────────────────────────────────────────────


────────────────────────────────────────────────────────────────────────────────
[FRAME 696] Δt = 1.00s
────────────────────────────────────────────────────────────────────────────────
  State      : Armed=True, Mode=LANDING
  Position   : ( -0.032,   1.585,   1.728)
  Velocity   : (  0.000,   0.000,  -0.431)
  Target Pos : (  0.000,   0.000,   2.500)
  Error      : (  0.032,  -1.585,   0.772) = 1.764m
  PID Output : (  0.000,   0.000,  -0.300) m/s
  Applied Force: (  -0.00,   -0.00,    5.89) N (|F|=5.89N)
  Actual Vel: (  0.000,   0.000,  -0.235) m/s
  ℹ️  Velocity differs from PID (hybrid physics integration active)
────────────────────────────────────────────────────────────────────────────────

[VIEWPORT FIX] Setting drone position to (-0.032, 1.585, 1.688)
[DBG RENDER] Viewport sync triggered at pos (-0.032, 1.585, 1.692)

────────────────────────────────────────────────────────────────────────────────
[FRAME 708] Δt = 1.00s
────────────────────────────────────────────────────────────────────────────────
  State      : Armed=True, Mode=LANDING
  Position   : ( -0.032,   1.585,   1.642)
  Velocity   : (  0.000,   0.000,  -0.431)
  Target Pos : (  0.000,   0.000,   2.500)
  Error      : (  0.032,  -1.585,   0.858) = 1.803m
  PID Output : (  0.000,   0.000,  -0.300) m/s
  Applied Force: (  -0.00,   -0.00,    5.89) N (|F|=5.89N)
  Actual Vel: (  0.000,   0.000,  -0.235) m/s
  ℹ️  Velocity differs from PID (hybrid physics integration active)
────────────────────────────────────────────────────────────────────────────────


────────────────────────────────────────────────────────────────────────────────
[FRAME 720] Δt = 1.00s
────────────────────────────────────────────────────────────────────────────────
  State      : Armed=True, Mode=LANDING
  Position   : ( -0.032,   1.585,   1.556)
  Velocity   : (  0.000,  -0.000,  -0.431)
  Target Pos : (  0.000,   0.000,   2.500)
  Error      : (  0.032,  -1.585,   0.944) = 1.845m
  PID Output : (  0.000,   0.000,  -0.300) m/s
  Applied Force: (  -0.00,    0.00,    5.89) N (|F|=5.89N)
  Actual Vel: (  0.000,  -0.000,  -0.235) m/s
  ℹ️  Velocity differs from PID (hybrid physics integration active)
────────────────────────────────────────────────────────────────────────────────

[DBG CACHE] Frame 720: Updating cache with pos=(-0.032,1.585,1.556)
[DBG ROS2] Publishing to /drone/odom: pos=(-0.032,1.585,1.556)
[DBG RENDER] Viewport sync triggered at pos (-0.032, 1.585, 1.549)

────────────────────────────────────────────────────────────────────────────────
[FRAME 732] Δt = 1.00s
────────────────────────────────────────────────────────────────────────────────
  State      : Armed=True, Mode=LANDING
  Position   : ( -0.032,   1.585,   1.471)
  Velocity   : (  0.000,  -0.000,  -0.431)
  Target Pos : (  0.000,   0.000,   2.500)
  Error      : (  0.032,  -1.585,   1.029) = 1.890m
  PID Output : (  0.000,   0.000,  -0.300) m/s
  Applied Force: (  -0.00,    0.00,    5.89) N (|F|=5.89N)
  Actual Vel: (  0.000,  -0.000,  -0.235) m/s
  ℹ️  Velocity differs from PID (hybrid physics integration active)
────────────────────────────────────────────────────────────────────────────────

[DBG RENDER] Viewport sync triggered at pos (-0.032, 1.585, 1.406)

────────────────────────────────────────────────────────────────────────────────
[FRAME 744] Δt = 1.00s
────────────────────────────────────────────────────────────────────────────────
  State      : Armed=True, Mode=LANDING
  Position   : ( -0.032,   1.585,   1.385)
  Velocity   : ( -0.000,  -0.000,  -0.431)
  Target Pos : (  0.000,   0.000,   2.500)
  Error      : (  0.032,  -1.585,   1.115) = 1.938m
  PID Output : (  0.000,   0.000,  -0.300) m/s
  Applied Force: (   0.00,    0.00,    5.89) N (|F|=5.89N)
  Actual Vel: ( -0.000,  -0.000,  -0.235) m/s
  ℹ️  Velocity differs from PID (hybrid physics integration active)
────────────────────────────────────────────────────────────────────────────────

[VIEWPORT FIX] Setting drone position to (-0.032, 1.585, 1.331)

────────────────────────────────────────────────────────────────────────────────
[FRAME 756] Δt = 1.00s
────────────────────────────────────────────────────────────────────────────────
  State      : Armed=True, Mode=LANDING
  Position   : ( -0.032,   1.585,   1.299)
  Velocity   : (  0.000,   0.000,  -0.431)
  Target Pos : (  0.000,   0.000,   2.500)
  Error      : (  0.032,  -1.585,   1.201) = 1.989m
  PID Output : (  0.000,   0.000,  -0.300) m/s
  Applied Force: (  -0.00,   -0.00,    5.89) N (|F|=5.89N)
  Actual Vel: (  0.000,   0.000,  -0.235) m/s
  ℹ️  Velocity differs from PID (hybrid physics integration active)
────────────────────────────────────────────────────────────────────────────────

[DBG RENDER] Viewport sync triggered at pos (-0.032, 1.585, 1.263)

────────────────────────────────────────────────────────────────────────────────
[FRAME 768] Δt = 1.00s
────────────────────────────────────────────────────────────────────────────────
  State      : Armed=True, Mode=LANDING
  Position   : ( -0.032,   1.585,   1.213)
  Velocity   : (  0.000,   0.000,  -0.431)
  Target Pos : (  0.000,   0.000,   2.500)
  Error      : (  0.032,  -1.585,   1.287) = 2.042m
  PID Output : (  0.000,   0.000,  -0.300) m/s
  Applied Force: (  -0.00,   -0.00,    5.89) N (|F|=5.89N)
  Actual Vel: (  0.000,   0.000,  -0.235) m/s
  ℹ️  Velocity differs from PID (hybrid physics integration active)
────────────────────────────────────────────────────────────────────────────────


────────────────────────────────────────────────────────────────────────────────
[FRAME 780] Δt = 1.00s
────────────────────────────────────────────────────────────────────────────────
  State      : Armed=True, Mode=LANDING
  Position   : ( -0.032,   1.585,   1.128)
  Velocity   : ( -0.000,  -0.000,  -0.431)
  Target Pos : (  0.000,   0.000,   2.500)
  Error      : (  0.032,  -1.585,   1.372) = 2.097m
  PID Output : (  0.000,   0.000,  -0.300) m/s
  Applied Force: (   0.00,    0.00,    5.89) N (|F|=5.89N)
  Actual Vel: ( -0.000,  -0.000,  -0.235) m/s
  ℹ️  Velocity differs from PID (hybrid physics integration active)
────────────────────────────────────────────────────────────────────────────────

[DBG CACHE] Frame 780: Updating cache with pos=(-0.032,1.585,1.128)
[DBG ROS2] Publishing to /drone/odom: pos=(-0.032,1.585,1.128)
[DBG RENDER] Viewport sync triggered at pos (-0.032, 1.585, 1.121)

────────────────────────────────────────────────────────────────────────────────
[FRAME 792] Δt = 1.00s
────────────────────────────────────────────────────────────────────────────────
  State      : Armed=True, Mode=LANDING
  Position   : ( -0.032,   1.585,   1.042)
  Velocity   : (  0.000,   0.000,  -0.431)
  Target Pos : (  0.000,   0.000,   2.500)
  Error      : (  0.032,  -1.585,   1.458) = 2.154m
  PID Output : (  0.000,   0.000,  -0.300) m/s
  Applied Force: (  -0.00,   -0.00,    5.89) N (|F|=5.89N)
  Actual Vel: (  0.000,   0.000,  -0.235) m/s
  ℹ️  Velocity differs from PID (hybrid physics integration active)
────────────────────────────────────────────────────────────────────────────────

[VIEWPORT FIX] Setting drone position to (-0.032, 1.585, 0.974)
[DBG RENDER] Viewport sync triggered at pos (-0.032, 1.585, 0.978)

────────────────────────────────────────────────────────────────────────────────
[FRAME 804] Δt = 1.00s
────────────────────────────────────────────────────────────────────────────────
  State      : Armed=True, Mode=LANDING
  Position   : ( -0.032,   1.585,   0.956)
  Velocity   : ( -0.000,  -0.000,  -0.431)
  Target Pos : (  0.000,   0.000,   2.500)
  Error      : (  0.032,  -1.585,   1.544) = 2.213m
  PID Output : (  0.000,   0.000,  -0.300) m/s
  Applied Force: (   0.00,    0.00,    5.89) N (|F|=5.89N)
  Actual Vel: ( -0.000,  -0.000,  -0.235) m/s
  ℹ️  Velocity differs from PID (hybrid physics integration active)
────────────────────────────────────────────────────────────────────────────────


────────────────────────────────────────────────────────────────────────────────
[FRAME 816] Δt = 1.00s
────────────────────────────────────────────────────────────────────────────────
  State      : Armed=True, Mode=LANDING
  Position   : ( -0.032,   1.585,   0.871)
  Velocity   : ( -0.000,  -0.000,  -0.431)
  Target Pos : (  0.000,   0.000,   2.500)
  Error      : (  0.032,  -1.585,   1.629) = 2.274m
  PID Output : (  0.000,   0.000,  -0.300) m/s
  Applied Force: (   0.00,    0.00,    5.89) N (|F|=5.89N)
  Actual Vel: ( -0.000,  -0.000,  -0.235) m/s
  ℹ️  Velocity differs from PID (hybrid physics integration active)
────────────────────────────────────────────────────────────────────────────────

[DBG RENDER] Viewport sync triggered at pos (-0.032, 1.585, 0.835)

────────────────────────────────────────────────────────────────────────────────
[FRAME 828] Δt = 1.00s
────────────────────────────────────────────────────────────────────────────────
  State      : Armed=True, Mode=LANDING
  Position   : ( -0.032,   1.585,   0.785)
  Velocity   : (  0.000,   0.000,  -0.431)
  Target Pos : (  0.000,   0.000,   2.500)
  Error      : (  0.032,  -1.585,   1.715) = 2.336m
  PID Output : (  0.000,   0.000,  -0.300) m/s
  Applied Force: (  -0.00,   -0.00,    5.89) N (|F|=5.89N)
  Actual Vel: (  0.000,   0.000,  -0.235) m/s
  ℹ️  Velocity differs from PID (hybrid physics integration active)
────────────────────────────────────────────────────────────────────────────────


────────────────────────────────────────────────────────────────────────────────
[FRAME 840] Δt = 1.00s
────────────────────────────────────────────────────────────────────────────────
  State      : Armed=True, Mode=LANDING
  Position   : ( -0.032,   1.585,   0.699)
  Velocity   : (  0.000,   0.000,  -0.431)
  Target Pos : (  0.000,   0.000,   2.500)
  Error      : (  0.032,  -1.585,   1.801) = 2.400m
  PID Output : (  0.000,   0.000,  -0.300) m/s
  Applied Force: (  -0.00,   -0.00,    5.89) N (|F|=5.89N)
  Actual Vel: (  0.000,   0.000,  -0.235) m/s
  ℹ️  Velocity differs from PID (hybrid physics integration active)
────────────────────────────────────────────────────────────────────────────────

[DBG CACHE] Frame 840: Updating cache with pos=(-0.032,1.585,0.699)
[DBG ROS2] Publishing to /drone/odom: pos=(-0.032,1.585,0.699)
[DBG RENDER] Viewport sync triggered at pos (-0.032, 1.585, 0.692)
[VIEWPORT FIX] Setting drone position to (-0.032, 1.585, 0.617)

────────────────────────────────────────────────────────────────────────────────
[FRAME 852] Δt = 1.00s
────────────────────────────────────────────────────────────────────────────────
  State      : Armed=True, Mode=LANDING
  Position   : ( -0.032,   1.585,   0.613)
  Velocity   : (  0.000,  -0.000,  -0.431)
  Target Pos : (  0.000,   0.000,   2.500)
  Error      : (  0.032,  -1.585,   1.887) = 2.465m
  PID Output : (  0.000,   0.000,  -0.300) m/s
  Applied Force: (  -0.00,    0.00,    5.89) N (|F|=5.89N)
  Actual Vel: (  0.000,  -0.000,  -0.235) m/s
  ℹ️  Velocity differs from PID (hybrid physics integration active)
────────────────────────────────────────────────────────────────────────────────

[DBG RENDER] Viewport sync triggered at pos (-0.032, 1.585, 0.549)

────────────────────────────────────────────────────────────────────────────────
[FRAME 864] Δt = 1.00s
────────────────────────────────────────────────────────────────────────────────
  State      : Armed=True, Mode=LANDING
  Position   : ( -0.032,   1.585,   0.528)
  Velocity   : ( -0.000,  -0.000,  -0.431)
  Target Pos : (  0.000,   0.000,   2.500)
  Error      : (  0.032,  -1.585,   1.972) = 2.531m
  PID Output : (  0.000,   0.000,  -0.300) m/s
  Applied Force: (   0.00,    0.00,    5.89) N (|F|=5.89N)
  Actual Vel: ( -0.000,  -0.000,  -0.235) m/s
  ℹ️  Velocity differs from PID (hybrid physics integration active)
────────────────────────────────────────────────────────────────────────────────


────────────────────────────────────────────────────────────────────────────────
[FRAME 876] Δt = 1.00s
────────────────────────────────────────────────────────────────────────────────
  State      : Armed=True, Mode=LANDING
  Position   : ( -0.032,   1.585,   0.442)
  Velocity   : (  0.000,   0.000,  -0.431)
  Target Pos : (  0.000,   0.000,   2.500)
  Error      : (  0.032,  -1.585,   2.058) = 2.598m
  PID Output : (  0.000,   0.000,  -0.300) m/s
  Applied Force: (  -0.00,   -0.00,    5.89) N (|F|=5.89N)
  Actual Vel: (  0.000,   0.000,  -0.235) m/s
  ℹ️  Velocity differs from PID (hybrid physics integration active)
────────────────────────────────────────────────────────────────────────────────

[DBG RENDER] Viewport sync triggered at pos (-0.032, 1.585, 0.406)

────────────────────────────────────────────────────────────────────────────────
[FRAME 888] Δt = 1.00s
────────────────────────────────────────────────────────────────────────────────
  State      : Armed=True, Mode=LANDING
  Position   : ( -0.032,   1.585,   0.356)
  Velocity   : ( -0.000,  -0.000,  -0.431)
  Target Pos : (  0.000,   0.000,   2.500)
  Error      : (  0.032,  -1.585,   2.144) = 2.667m
  PID Output : (  0.000,   0.000,  -0.300) m/s
  Applied Force: (   0.00,    0.00,    5.89) N (|F|=5.89N)
  Actual Vel: ( -0.000,  -0.000,  -0.235) m/s
  ℹ️  Velocity differs from PID (hybrid physics integration active)
────────────────────────────────────────────────────────────────────────────────


────────────────────────────────────────────────────────────────────────────────
[FRAME 900] Δt = 1.00s
────────────────────────────────────────────────────────────────────────────────
  State      : Armed=True, Mode=LANDING
  Position   : ( -0.032,   1.585,   0.270)
  Velocity   : (  0.000,   0.000,  -0.431)
  Target Pos : (  0.000,   0.000,   2.500)
  Error      : (  0.032,  -1.585,   2.230) = 2.736m
  PID Output : (  0.000,   0.000,  -0.300) m/s
  Applied Force: (  -0.00,   -0.00,    5.89) N (|F|=5.89N)
  Actual Vel: (  0.000,   0.000,  -0.235) m/s
  ℹ️  Velocity differs from PID (hybrid physics integration active)
────────────────────────────────────────────────────────────────────────────────

[DBG CACHE] Frame 900: Updating cache with pos=(-0.032,1.585,0.270)
[DBG ROS2] Publishing to /drone/odom: pos=(-0.032,1.585,0.270)
[VIEWPORT FIX] Setting drone position to (-0.032, 1.585, 0.259)
[DBG RENDER] Viewport sync triggered at pos (-0.032, 1.585, 0.263)

────────────────────────────────────────────────────────────────────────────────
[FRAME 912] Δt = 1.00s
────────────────────────────────────────────────────────────────────────────────
  State      : Armed=True, Mode=LANDING
  Position   : ( -0.032,   1.585,   0.185)
  Velocity   : ( -0.000,  -0.000,  -0.431)
  Target Pos : (  0.000,   0.000,   2.500)
  Error      : (  0.032,  -1.585,   2.315) = 2.806m
  PID Output : (  0.000,   0.000,  -0.300) m/s
  Applied Force: (   0.00,    0.00,    5.89) N (|F|=5.89N)
  Actual Vel: ( -0.000,  -0.000,  -0.235) m/s
  ℹ️  Velocity differs from PID (hybrid physics integration active)
────────────────────────────────────────────────────────────────────────────────

[DBG RENDER] Viewport sync triggered at pos (-0.032, 1.585, 0.120)

────────────────────────────────────────────────────────────────────────────────
[FRAME 924] Δt = 1.00s
────────────────────────────────────────────────────────────────────────────────
  State      : Armed=True, Mode=LANDING
  Position   : ( -0.032,   1.585,   0.099)
  Velocity   : (  0.000,   0.000,  -0.431)
  Target Pos : (  0.000,   0.000,   2.500)
  Error      : (  0.032,  -1.585,   2.401) = 2.877m
  PID Output : (  0.000,   0.000,  -0.300) m/s
  Applied Force: (  -0.00,   -0.00,    5.89) N (|F|=5.89N)
  Actual Vel: (  0.000,   0.000,  -0.235) m/s
  ℹ️  Velocity differs from PID (hybrid physics integration active)
────────────────────────────────────────────────────────────────────────────────

[Drone drone] Mode: LANDING → DISARMED
[Drone drone] Landed and disarmed
[DBG CACHE] Frame 960: Updating cache with pos=(-0.032,1.585,0.075)
[DBG ROS2] Publishing to /drone/odom: pos=(-0.032,1.585,0.075)
[DBG CACHE] Frame 1020: Updating cache with pos=(-0.032,1.585,0.075)
[DBG ROS2] Publishing to /drone/odom: pos=(-0.032,1.585,0.075)
[DBG CACHE] Frame 1080: Updating cache with pos=(-0.032,1.585,0.075)
[DBG ROS2] Publishing to /drone/odom: pos=(-0.032,1.585,0.075)
[DBG CACHE] Frame 1140: Updating cache with pos=(-0.032,1.585,0.075)
[DBG ROS2] Publishing to /drone/odom: pos=(-0.032,1.585,0.075)
[Drone drone] Mode: DISARMED → IDLE

********************************************************************************
[ARM EVENT] Drone ARMED
********************************************************************************

[Drone drone] Mode: IDLE → LOITER
[INFO] World drone switched to LOITER at position (-0.03, 1.59, 0.08)

────────────────────────────────────────────────────────────────────────────────
[FRAME 929] Δt = 1.00s
────────────────────────────────────────────────────────────────────────────────
  State      : Armed=True, Mode=LOITER
  Position   : ( -0.032,   1.585,   0.075)
  Velocity   : ( -0.002,   0.000,  -0.000)
  Target Pos : ( -0.032,   1.585,   0.075)
  Error      : (  0.000,   0.000,   0.000) = 0.000m
  PID Output : (  0.000,   0.000,   0.000) m/s
  Applied Force: (   0.01,   -0.00,    4.91) N (|F|=4.91N)
  ✅ Gravity compensation active (Fz > 0)
  Actual Vel: ( -0.001,   0.000,   0.163) m/s
  ℹ️  Velocity differs from PID (hybrid physics integration active)
────────────────────────────────────────────────────────────────────────────────

[DBG CACHE] Frame 1200: Updating cache with pos=(-0.032,1.585,0.075)
[DBG ROS2] Publishing to /drone/odom: pos=(-0.032,1.585,0.075)
[DBG RENDER] Viewport sync triggered at pos (-0.032, 1.585, 0.075)

────────────────────────────────────────────────────────────────────────────────
[FRAME 941] Δt = 1.00s
────────────────────────────────────────────────────────────────────────────────
  State      : Armed=True, Mode=LOITER
  Position   : ( -0.032,   1.585,   0.075)
  Velocity   : ( -0.010,   0.002,   0.001)
  Target Pos : ( -0.032,   1.585,   0.075)
  Error      : (  0.000,   0.000,   0.000) = 0.000m
  PID Output : (  0.000,   0.000,  -0.000) m/s
  Applied Force: (   0.08,   -0.02,    4.90) N (|F|=4.90N)
  ✅ Gravity compensation active (Fz > 0)
  Actual Vel: ( -0.008,   0.002,   0.164) m/s
  ℹ️  Velocity differs from PID (hybrid physics integration active)
────────────────────────────────────────────────────────────────────────────────

[VIEWPORT FIX] Setting drone position to (-0.032, 1.585, 0.078)
[Drone drone] Target position: (0.00, 0.00, 2.50)
[Drone drone] Mode: LOITER → POSITION

────────────────────────────────────────────────────────────────────────────────
[FRAME 953] Δt = 1.00s
────────────────────────────────────────────────────────────────────────────────
  State      : Armed=True, Mode=POSITION
  Position   : ( -0.032,   1.580,   0.080)
  Velocity   : (  0.011,  -0.253,   0.129)
  Target Pos : (  0.000,   0.000,   2.500)
  Error      : (  0.032,  -1.580,   2.420) = 2.891m
  PID Output : (  0.039,  -1.902,   1.500) m/s
  Applied Force: (   0.21,   -7.50,   12.41) N (|F|=14.50N)
  ✅ Gravity compensation active (Fz > 0)
  Actual Vel: (  0.018,  -0.503,   0.542) m/s
  ℹ️  Velocity differs from PID (hybrid physics integration active)
  ⚠️  WARNING: Large altitude error (2.42m)
────────────────────────────────────────────────────────────────────────────────

[DBG RENDER] Viewport sync triggered at pos (-0.028, 1.391, 0.234)

────────────────────────────────────────────────────────────────────────────────
[FRAME 965] Δt = 1.00s
────────────────────────────────────────────────────────────────────────────────
  State      : Armed=True, Mode=POSITION
  Position   : ( -0.025,   1.261,   0.344)
  Velocity   : (  0.033,  -1.618,   1.324)
  Target Pos : (  0.000,   0.000,   2.500)
  Error      : (  0.025,  -1.261,   2.156) = 2.498m
  PID Output : (  0.031,  -1.550,   1.500) m/s
  Applied Force: (  -0.01,    0.51,    6.23) N (|F|=6.25N)
  ✅ Gravity compensation active (Fz > 0)
  Actual Vel: (  0.032,  -1.601,   1.531) m/s
  ℹ️  Velocity differs from PID (hybrid physics integration active)
  ⚠️  WARNING: Large altitude error (2.16m)
────────────────────────────────────────────────────────────────────────────────


────────────────────────────────────────────────────────────────────────────────
[FRAME 977] Δt = 1.00s
────────────────────────────────────────────────────────────────────────────────
  State      : Armed=True, Mode=POSITION
  Position   : ( -0.018,   0.914,   0.687)
  Velocity   : (  0.025,  -1.278,   1.368)
  Target Pos : (  0.000,   0.000,   2.500)
  Error      : (  0.018,  -0.914,   1.813) = 2.030m
  PID Output : (  0.023,  -1.156,   1.500) m/s
  Applied Force: (  -0.02,    0.91,    5.90) N (|F|=5.97N)
  ✅ Gravity compensation active (Fz > 0)
  Actual Vel: (  0.025,  -1.247,   1.564) m/s
  ℹ️  Velocity differs from PID (hybrid physics integration active)
  ⚠️  WARNING: Large altitude error (1.81m)
────────────────────────────────────────────────────────────────────────────────

[DBG RENDER] Viewport sync triggered at pos (-0.016, 0.818, 0.803)

────────────────────────────────────────────────────────────────────────────────
[FRAME 989] Δt = 1.00s
────────────────────────────────────────────────────────────────────────────────
  State      : Armed=True, Mode=POSITION
  Position   : ( -0.013,   0.651,   1.033)
  Velocity   : (  0.019,  -0.951,   1.369)
  Target Pos : (  0.000,   0.000,   2.500)
  Error      : (  0.013,  -0.651,   1.467) = 1.605m
  PID Output : (  0.017,  -0.858,   1.500) m/s
  Applied Force: (  -0.01,    0.70,    5.89) N (|F|=5.93N)
  ✅ Gravity compensation active (Fz > 0)
  Actual Vel: (  0.018,  -0.928,   1.565) m/s
  ℹ️  Velocity differs from PID (hybrid physics integration active)
  ⚠️  WARNING: Large altitude error (1.47m)
────────────────────────────────────────────────────────────────────────────────

[DBG CACHE] Frame 1260: Updating cache with pos=(-0.009,0.471,1.351)
[DBG ROS2] Publishing to /drone/odom: pos=(-0.009,0.471,1.351)
[Drone drone] Target position: (5.00, 0.00, 2.50)
[Drone drone] Target position: (5.00, 5.00, 2.50)
[Drone drone] Target position: (0.00, 5.00, 2.50)
[Drone drone] Target position: (0.00, 0.00, 2.50)
[ROS2 SERVICE] /drone/land called
[Drone drone] Mode: POSITION → LANDING
[ROS2 SERVICE] /drone/land success: Mode set to LANDING

********************************************************************************
[ARM EVENT] Drone ARMED
********************************************************************************

[Drone drone] Target position: (0.00, 0.00, 2.50)
[Drone drone] Mode: LANDING → POSITION
[Drone drone] Target position: (5.00, 0.00, 2.50)
[Drone drone] Target position: (5.00, 5.00, 2.50)
[Drone drone] Target position: (0.00, 5.00, 2.50)
