[INFO][AppLauncher]: Loading experience file: /home/kishi/IsaacLab-0.3.1/source/apps/orbit.python.kit
[Warning] [omni.isaac.kit.simulation_app] Modules: ['omniverse_sim'] were loaded before SimulationApp was started and might not be loaded correctly.
[Warning] [omni.isaac.kit.simulation_app] Please check to make sure no extra omniverse or pxr modules are imported before the call to SimulationApp(...)
Starting kit application with the following args:  ['/home/kishi/.local/share/ov/pkg/isaac-sim-2023.1.1/exts/omni.isaac.kit/omni/isaac/kit/simulation_app.py', '/home/kishi/IsaacLab-0.3.1/source/apps/orbit.python.kit', '--/app/tokens/exe-path=/home/kishi/.local/share/ov/pkg/isaac-sim-2023.1.1/kit', '--/persistent/app/viewport/displayOptions=3094', '--/rtx/materialDb/syncLoads=True', '--/rtx/hydra/materialSyncLoads=True', '--/omni.kit.plugin/syncUsdLoads=True', '--/app/renderer/resolution/width=1280', '--/app/renderer/resolution/height=720', '--/app/window/width=1440', '--/app/window/height=900', '--/renderer/multiGpu/enabled=True', '--/app/fastShutdown=True', '--ext-folder', '/home/kishi/.local/share/ov/pkg/isaac-sim-2023.1.1/exts', '--ext-folder', '/home/kishi/.local/share/ov/pkg/isaac-sim-2023.1.1/apps', '--/physics/cudaDevice=0', '--portable']
Passing the following args to the base kit application:  ['--robot', 'go2', '--robot_amount', '1', '--terrain', 'flat', '--custom_env', 'maze', '--cpu']
Loading user config located at: '/home/kishi/.local/share/ov/pkg/isaac-sim-2023.1.1/kit/data/Kit/Isaac-Sim/2023.1/user.config.json'
[Info] [carb] Logging to file: /home/kishi/.local/share/ov/pkg/isaac-sim-2023.1.1/kit/logs/Kit/Isaac-Sim/2023.1/kit_20260327_131854.log
2026-03-27 18:18:54 [0ms] [Warning] [omni.kit.app.plugin] No crash reporter present, dumps uploading isn't available.
2026-03-27 18:18:54 [1ms] [Warning] [omni.ext.plugin] [ext: omni.replicator.core] Extensions config 'extension.toml' doesn't exist '/home/kishi/.local/share/ov/pkg/isaac-sim-2023.1.1/exts/omni.replicator.core' or '/home/kishi/.local/share/ov/pkg/isaac-sim-2023.1.1/exts/omni.replicator.core/config'
[0.033s] [ext: omni.kit.async_engine-0.0.0] startup
[0.165s] [ext: omni.activity.core-1.0.1] startup
[0.167s] [ext: omni.assets.plugins-0.0.0] startup
[0.168s] [ext: omni.stats-0.0.0] startup
[0.168s] [ext: omni.client-1.0.1] startup
[0.173s] [ext: omni.activity.profiler-1.0.2] startup
[0.174s] [ext: omni.gpu_foundation-0.0.0] startup
[0.181s] [ext: omni.rtx.shadercache.vulkan-1.0.0] startup
[0.182s] [ext: carb.windowing.plugins-1.0.0] startup
[0.186s] [ext: omni.kit.renderer.init-0.0.0] startup
2026-03-27 18:18:54 [275ms] [Warning] [gpu.foundation.plugin] Skipping unsupported non-NVIDIA GPU: Intel(R) UHD Graphics 770 (ADL-S GT1)
2026-03-27 18:18:54 [275ms] [Warning] [gpu.foundation.plugin] Skipping unsupported non-NVIDIA GPU: Intel(R) UHD Graphics 770 (ADL-S GT1)

|---------------------------------------------------------------------------------------------|
| Driver Version: 550.163.01    | Graphics API: Vulkan
|=============================================================================================|
| GPU | Name                             | Active | LDA | GPU Memory | Vendor-ID | LUID       |
|     |                                  |        |     |            | Device-ID | UUID       |
|     |                                  |        |     |            | Bus-ID    |            |
|---------------------------------------------------------------------------------------------|
| 0   | NVIDIA GeForce RTX 3080          | Yes: 0 |     | 10486   MB | 10de      | 0          |
|     |                                  |        |     |            | 2216      | 677e3bbe.. |
|     |                                  |        |     |            | 1         |            |
|---------------------------------------------------------------------------------------------|
| 1   | Intel(R) UHD Graphics 770 (ADL.. |        |     | 48010   MB | 8086      | 0          |
|     |                                  |        |     |            | 4680      | 86808046.. |
|     |                                  |        |     |            | 0         |            |
|=============================================================================================|
| OS: 22.04.5 LTS (Jammy Jellyfish) ubuntu, Version: 22.04.5, Kernel: 6.8.0-100-generic
| XServer Vendor: The X.Org Foundation, XServer Version: 12101004 (1.21.1.4)
| Processor: 12th Gen Intel(R) Core(TM) i9-12900K | Cores: 16 | Logical: 32
|---------------------------------------------------------------------------------------------|
| Total Memory (MB): 64013 | Free Memory: 58376
| Total Page/Swap (MB): 2047 | Free Page/Swap: 2047
|---------------------------------------------------------------------------------------------|
2026-03-27 18:18:54 [451ms] [Warning] [gpu.foundation.plugin] IOMMU is enabled. Found 12 items in /sys/kernel/iommu_groups/.
2026-03-27 18:18:54 [451ms] [Warning] [gpu.foundation.plugin] An input-output memory management unit (IOMMU) appears to be enabled on this system.
On bare-metal Linux systems, CUDA and the display driver do not support IOMMU-enabled PCIe peer to peer memory copy.
If you are on a bare-metal Linux system, please disable the IOMMU. Otherwise you risk image corruption and program instability.
This typically can be controlled via BIOS settings (Intel Virtualization Technology for Directed I/O (VT-d) or AMD I/O Virtualization Technology (AMD-Vi)) and kernel parameters (iommu, intel_iommu, amd_iommu).
Note that in virtual machines with GPU pass-through (vGPU) the IOMMU needs to be enabled.
Since we can not reliably detect whether this system is bare-metal or a virtual machine, we show this warning in any case when an IOMMU appears to be enabled.
2026-03-27 18:18:54 [451ms] [Warning] [gpu.foundation.plugin]  
2026-03-27 18:18:54 [451ms] [Warning] [gpu.foundation.plugin] -----------------------------------------------------------------------
2026-03-27 18:18:54 [451ms] [Warning] [gpu.foundation.plugin] !!!!! Local system validation failed! Incorrect configuration detected.
2026-03-27 18:18:54 [451ms] [Warning] [gpu.foundation.plugin]       Summary below. Details above.
2026-03-27 18:18:54 [451ms] [Warning] [gpu.foundation.plugin] -----------------------------------------------------------------------
2026-03-27 18:18:54 [451ms] [Warning] [gpu.foundation.plugin]  
2026-03-27 18:18:54 [451ms] [Warning] [gpu.foundation.plugin]  - ECC:                         OK
2026-03-27 18:18:54 [451ms] [Warning] [gpu.foundation.plugin]  - IOMMU:                       FAILED
2026-03-27 18:18:54 [451ms] [Warning] [gpu.foundation.plugin]  
2026-03-27 18:18:54 [451ms] [Warning] [gpu.foundation.plugin] -----------------------------------------------------------------------
[0.565s] [ext: omni.kit.pipapi-0.0.0] startup
[0.566s] [ext: omni.kit.pip_archive-0.0.0] startup
[0.566s] [ext: omni.pip.compute-1.2.0] startup
[0.566s] [ext: omni.pip.torch-2_0_1-2.0.2] startup
[0.592s] [ext: omni.pip.cloud-1.0.1] startup
[0.595s] [ext: omni.isaac.core_archive-2.2.1] startup
[0.595s] [ext: omni.isaac.ml_archive-1.1.3] startup
[0.595s] [ext: omni.kit.loop-isaac-1.1.0] startup
[0.596s] [ext: omni.kit.test-0.0.0] startup
[0.596s] [ext: omni.kit.telemetry-0.5.0] startup
[0.608s] [ext: omni.mtlx-0.1.0] startup
[0.609s] [ext: omni.usd.config-1.0.3] startup
[0.611s] [ext: omni.gpucompute.plugins-0.0.0] startup
[0.611s] [ext: omni.usd.libs-1.0.0] startup
[0.671s] [ext: omni.appwindow-1.1.5] startup
[0.920s] [ext: omni.kit.renderer.core-0.0.0] startup
[1.499s] [ext: omni.kit.renderer.capture-0.0.0] startup
[1.500s] [ext: omni.kit.renderer.imgui-0.0.0] startup
[1.542s] [ext: carb.audio-0.1.0] startup
[1.544s] [ext: omni.ui-2.18.5] startup
[1.550s] [ext: omni.uiaudio-1.0.0] startup
[1.551s] [ext: omni.kit.mainwindow-1.0.1] startup
[1.551s] [ext: omni.kit.uiapp-0.0.0] startup
[1.551s] [ext: omni.usd.schema.physics-0.0.0] startup
[1.623s] [ext: omni.usd.schema.omniscripting-1.0.0] startup
[1.627s] [ext: omni.usd.schema.scene.visualization-2.0.2] startup
[1.628s] [ext: omni.usd.schema.anim-0.0.0] startup
[1.642s] [ext: omni.usd.schema.geospatial-0.0.0] startup
[1.644s] [ext: omni.usd.schema.forcefield-0.0.0] startup
[1.647s] [ext: omni.usd.schema.physx-0.0.0] startup
[1.664s] [ext: omni.usd.schema.semantics-0.0.0] startup
[1.665s] [ext: omni.usd.schema.audio-0.0.0] startup
[1.668s] [ext: omni.usd.schema.isaac-2.0.1] startup
[1.672s] [ext: omni.usd.schema.omnigraph-1.0.0] startup
[1.676s] [ext: omni.usd_resolver-1.0.1] startup
[1.679s] [ext: omni.resourcemonitor-105.0.0] startup
[1.680s] [ext: omni.usd.core-1.1.8] startup
[1.683s] [ext: omni.graph.exec-0.3.0] startup
[1.683s] [ext: omni.timeline-1.0.9] startup
[1.684s] [ext: omni.kit.actions.core-1.0.0] startup
[1.686s] [ext: omni.kit.window.popup_dialog-2.0.23] startup
[1.688s] [ext: omni.hydra.usdrt_delegate-7.2.34] startup
[1.697s] [ext: omni.hydra.scene_delegate-0.3.2] startup
[1.702s] [ext: omni.kit.commands-1.4.6] startup
[1.705s] [ext: omni.kit.widget.nucleus_connector-1.1.4] startup
[1.706s] [ext: omni.kit.exec.core-0.5.0] startup
[1.707s] [ext: omni.kit.audiodeviceenum-1.0.1] startup
[1.708s] [ext: omni.kit.collaboration.telemetry-1.0.0] startup
[1.708s] [ext: omni.usd-1.10.18] startup
[1.740s] [ext: omni.kit.collaboration.channel_manager-1.0.11] startup
[1.741s] [ext: omni.kit.usd.layers-2.1.27] startup
[1.747s] [ext: omni.kit.menu.utils-1.5.6] startup
[1.752s] [ext: omni.iray.libs-0.0.0] startup
[1.755s] [ext: omni.kit.primitive.mesh-1.0.15] startup
[1.756s] [ext: omni.mdl.neuraylib-0.2.0] startup
[1.757s] [ext: omni.kit.stage_templates-1.1.20] startup
[1.758s] [ext: omni.mdl-0.2.1] startup
[1.769s] [ext: omni.kit.viewport.registry-104.0.5] startup
[1.769s] [ext: omni.kit.widget.nucleus_info-1.0.2] startup
[1.770s] [ext: omni.kit.helper.file_utils-0.1.6] startup
[1.788s] [ext: omni.kit.search_core-1.0.5] startup
[1.788s] [ext: omni.kit.widget.filebrowser-2.3.35] startup
[1.791s] [ext: omni.kit.widget.path_field-2.0.8] startup
[1.791s] [ext: omni.kit.notification_manager-1.0.6] startup
[1.792s] [ext: omni.kit.widget.browser_bar-2.0.9] startup
[1.792s] [ext: omni.ui.scene-1.7.0] startup
[1.795s] [ext: omni.inspect-1.0.1] startup
[1.796s] [ext: omni.kit.widget.search_delegate-1.0.4] startup
[1.797s] [ext: omni.kit.widget.versioning-1.4.6] startup
[1.798s] [ext: omni.hydra.engine.stats-1.0.1] startup
[1.801s] [ext: omni.graph.tools-1.41.3] startup
[1.811s] [ext: omni.graph.core-2.139.12] startup
[1.813s] [ext: omni.kit.clipboard-1.0.3] startup
[1.814s] [ext: omni.volume-0.4.0] startup
[1.815s] [ext: omni.kit.window.filepicker-2.10.13] startup
[1.821s] [ext: omni.hydra.rtx-0.1.0] startup
[1.828s] [ext: omni.hydra.pxr-1.1.6] startup
[1.831s] [ext: omni.kit.window.file_importer-1.0.22] startup
[1.832s] [ext: omni.kit.hydra_texture-1.1.12] startup
[1.836s] [ext: omni.kit.viewport.legacy_gizmos-1.0.14] startup
[1.839s] [ext: omni.kit.window.file_exporter-1.0.22] startup
[1.839s] [ext: omni.kit.window.drop_support-1.0.1] startup
[1.840s] [ext: omni.kit.widget.viewport-105.1.7] startup
[1.843s] [ext: omni.kit.material.library-1.3.41] startup
[1.845s] [ext: omni.kit.window.file-1.3.44] startup
[1.846s] [ext: omni.kit.viewport.window-105.1.12] startup
[1.855s] [ext: omni.command.usd-1.0.2] startup
[1.856s] [ext: omni.kit.viewport.utility-1.0.16] startup
[1.856s] [ext: omni.kit.selection-0.1.3] startup
[1.856s] [ext: usdrt.scenegraph-7.2.34] startup
[1.883s] [ext: omni.kit.usd_undo-0.1.2] startup
[1.883s] [ext: omni.kit.menu.edit-1.1.14] startup
[1.884s] [ext: omni.graph-1.106.1] startup
[1.960s] [ext: omni.kit.menu.file-1.1.7] startup
[1.966s] [ext: omni.isaac.kit-1.4.7] startup
[1.967s] [ext: omni.graph.action-1.55.1] startup
[2.006s] [ext: omni.kvdb-0.0.0] startup
[2.008s] [ext: omni.kit.collaboration.presence_layer-1.0.8] startup
[2.009s] [ext: omni.localcache-0.0.0] startup
[2.011s] [ext: omni.kit.widget.options_menu-1.0.5] startup
[2.012s] [ext: omni.physx.foundation-105.1.12-5.1] startup
[2.012s] [ext: omni.kit.menu.create-1.0.11] startup
[2.014s] [ext: omni.usdphysics-105.1.12-5.1] startup
[2.016s] [ext: omni.convexdecomposition-105.1.12-5.1] startup
[2.020s] [ext: omni.kit.widget.filter-1.1.2] startup
[2.021s] [ext: omni.kit.hotkeys.core-1.3.0] startup
[2.023s] [ext: omni.kit.context_menu-1.6.8] startup
[2.025s] [ext: omni.physx.cooking-105.1.12-5.1] startup
[2.031s] [ext: omni.kit.window.content_browser_registry-0.0.1] startup
[2.032s] [ext: omni.kit.widget.stage-2.9.6] startup
[2.038s] [ext: omni.kit.widget.stage_icons-1.0.4] startup
[2.039s] [ext: omni.physics.tensors-0.1.0] startup
[2.044s] [ext: omni.physx-105.1.12-5.1] startup
2026-03-27 18:18:56 [2,039ms] [Warning] [omni.stageupdate.plugin] Deprecated: direct use of IStageUpdate callbacks is deprecated. Use IStageUpdate::getStageUpdate instead.
[2.053s] [ext: omni.kit.window.content_browser-2.7.17] startup
[2.061s] [ext: omni.kit.numpy.common-0.1.2] startup
[2.063s] [ext: omni.kit.window.stage-2.4.4] startup
[2.066s] [ext: omni.warp.core-1.0.0-beta.2] startup
Warp 1.0.0-beta.2 initialized:
   CUDA Toolkit: 11.5, Driver: 12.4
   Devices:
     "cpu"    | x86_64
     "cuda:0" | NVIDIA GeForce RTX 3080 (sm_86)
   Kernel cache: /home/kishi/.cache/warp/1.0.0-beta.2
[2.147s] [ext: omni.physx.tensors-0.1.0] startup
[2.151s] [ext: omni.isaac.version-1.0.3] startup
[2.152s] [ext: omni.isaac.dynamic_control-1.2.6] startup
[2.159s] [ext: omni.kit.menu.stage-1.2.3] startup
[2.160s] [ext: omni.isaac.core-3.3.2] startup
[2.828s] [ext: omni.kit.widget.highlight_label-1.0.1] startup
[2.829s] [ext: omni.kit.widget.searchable_combobox-1.0.5] startup
[2.830s] [ext: omni.kit.widget.searchfield-1.1.3] startup
[2.831s] [ext: omni.kit.widget.graph-1.8.4] startup
[2.835s] [ext: omni.ui_query-1.1.1] startup
[2.835s] [ext: omni.kit.manipulator.viewport-104.0.9] startup
[2.837s] [ext: omni.kit.widget.settings-1.0.6] startup
[2.838s] [ext: omni.kit.window.property-1.9.6] startup
[2.840s] [ext: omni.kit.window.extensions-1.3.0] startup
[2.844s] [ext: omni.kit.ui_test-1.2.13] startup
[2.845s] [ext: omni.graph.visualization.nodes-2.1.1] startup
[2.853s] [ext: omni.kit.profiler.window-2.1.2] startup
/home/kishi/.local/share/ov/pkg/isaac-sim-2023.1.1/exts/omni.isaac.core_archive/pip_prebundle/gunicorn/util.py:25: UserWarning: pkg_resources is deprecated as an API. See https://setuptools.pypa.io/en/latest/pkg_resources.html. The pkg_resources package is slated for removal as early as 2025-11-30. Refrain from using this package or pin to Setuptools<81.
  import pkg_resources
2026-03-27 18:18:57 [2,939ms] [Warning] [omni.kit.profiler.window] remove _SpanInstance.__lt__ and use insort 'key' arg instead
[2.955s] [ext: omni.isaac.ui-0.13.5] startup
[2.960s] [ext: omni.kit.window.preferences-1.3.23] startup
[2.964s] [ext: omni.kit.widget.prompt-1.0.6] startup
[2.965s] [ext: omni.isaac.utils-0.6.0] startup
[2.972s] [ext: omni.kit.widget.live_session_management-1.2.22] startup
[2.975s] [ext: omni.isaac.cloner-0.7.2] startup
[2.976s] [ext: omni.kit.widget.layers-1.6.32] startup
[2.983s] [ext: omni.kit.raycast.query-1.0.1] startup
[2.990s] [ext: omni.kit.widget.toolbar-1.5.6] startup
[2.995s] [ext: omni.kit.manipulator.transform-104.6.15] startup
[2.996s] [ext: omni.kit.widget.spinner-1.0.6] startup
[2.998s] [ext: omni.kit.window.cursor-1.1.2] startup
[2.998s] [ext: omni.kit.manipulator.tool.snap-1.4.2] startup
[3.003s] [ext: omni.kit.manipulator.selector-1.0.1] startup
[3.004s] [ext: omni.kit.viewport.menubar.core-105.0.19] startup
[3.012s] [ext: omni.kit.viewport.actions-105.1.6] startup
[3.016s] [ext: omni.kit.manipulator.prim-105.0.11] startup
[3.020s] [ext: omni.kit.viewport.menubar.camera-105.1.9] startup
[3.024s] [ext: omni.kit.viewport.menubar.display-105.1.0] startup
[3.025s] [ext: omni.kit.viewport.menubar.render-105.1.1] startup
[3.027s] [ext: omni.kit.viewport.menubar.settings-105.0.9] startup
[3.030s] [ext: omni.kit.manipulator.selection-104.0.8] startup
[3.032s] [ext: omni.kit.manipulator.camera-105.0.4] startup
[3.034s] [ext: omni.rtx.window.settings-0.6.9] startup
[3.038s] [ext: semantics.schema.editor-0.3.4] startup
[3.040s] [ext: omni.kit.viewport.bundle-104.0.1] startup
[3.040s] [ext: omni.hydra.pxr.settings-1.0.5] startup
[3.041s] [ext: omni.activity.pump-1.0.0] startup
[3.042s] [ext: omni.kit.property.layer-1.1.5] startup
[3.044s] [ext: omni.kit.property.usd-3.21.15] startup
[3.051s] [ext: omni.kit.viewport.menubar.lighting-105.0.7] startup
[3.053s] [ext: omni.kit.viewport.pxr-104.0.1] startup
[3.053s] [ext: omni.kit.viewport.ready-1.0.5] startup
[3.055s] [ext: omni.kit.viewport.rtx-104.0.0] startup
[3.055s] [ext: omni.kit.property.audio-1.0.9] startup
[3.058s] [ext: omni.kit.widget.live-2.1.6] startup
[3.059s] [ext: omni.debugdraw-0.1.2] startup
[3.063s] [ext: omni.kit.property.camera-1.0.5] startup
[3.065s] [ext: omni.kit.property.light-1.0.8] startup
[3.066s] [ext: omni.kit.property.geometry-1.2.11] startup
[3.069s] [ext: omni.kit.widget.cache_indicator-2.0.8] startup
[3.071s] [ext: omni.usdphysics.ui-105.1.12-5.1] startup
2026-03-27 18:18:57 [3,057ms] [Warning] [omni.kit.widget.cache_indicator.cache_state_menu] Unable to detect Omniverse Cache Server. File /home/kishi/.nvidia-omniverse/config/omniverse.toml is not found. Consider installing it for better IO performance.
[3.095s] [ext: omni.physx.commands-105.1.12-5.1] startup
[3.098s] [ext: omni.kit.property.skel-1.0.4] startup
[3.100s] [ext: omni.kit.property.render-1.1.1] startup
[3.103s] [ext: omni.kit.window.commands-0.2.4] startup
[3.104s] [ext: omni.physx.ui-105.1.12-5.1] startup
[3.126s] [ext: omni.hydra.scene_api-0.1.2] startup
[3.132s] [ext: usdrt.gf-1.0.2] startup
[3.132s] [ext: omni.kit.widget.text_editor-1.0.2] startup
[3.133s] [ext: omni.kit.property.material-1.8.36] startup
[3.136s] [ext: omni.kit.property.transform-1.3.10] startup
[3.139s] [ext: omni.physx.demos-105.1.12-5.1] startup
[3.142s] [ext: omni.kit.property.physx-0.1.0] startup
[3.184s] [ext: omni.kit.property.bundle-1.2.9] startup
[3.186s] [ext: omni.kit.actions.window-1.1.0] startup
[3.188s] [ext: omni.kit.window.console-0.2.10] startup
[3.201s] [ext: omni.kit.window.script_editor-1.7.4] startup
[3.205s] [ext: omni.physx.camera-105.1.12-5.1] startup
[3.217s] [ext: omni.kit.property.isaac-0.2.2] startup
[3.219s] [ext: omni.kit.hotkeys.window-1.4.1] startup
[3.223s] [ext: omni.isaac.debug_draw-0.6.1] startup
2026-03-27 18:18:57 [3,214ms] [Warning] [omni.stageupdate.plugin] Deprecated: direct use of IStageUpdate callbacks is deprecated. Use IStageUpdate::getStageUpdate instead.
2026-03-27 18:18:57 [3,214ms] [Warning] [omni.stageupdate.plugin] Deprecated: direct use of IStageUpdate callbacks is deprecated. Use IStageUpdate::getStageUpdate instead.
[3.231s] [ext: omni.physx.graph-105.1.12-5.1] startup
[3.241s] [ext: omni.kit.window.toolbar-1.5.4] startup
[3.243s] [ext: omni.kit.widget.zoombar-1.0.5] startup
[3.244s] [ext: omni.physx.cct-105.1.12-5.1] startup
[3.254s] [ext: omni.physx.vehicle-105.1.12-5.1] startup
[3.264s] [ext: omni.physx.supportui-105.1.12-5.1] startup
[3.275s] [ext: omni.kit.browser.core-2.3.10] startup
[3.278s] [ext: omni.kit.window.status_bar-0.1.6] startup
[3.282s] [ext: omni.kit.window.title-1.1.3] startup
[3.283s] [ext: omni.physx.bundle-105.1.12-5.1] startup
[3.283s] [ext: omni.kit.browser.folder.core-1.9.7] startup
[3.286s] [ext: omni.kit.graph.delegate.default-1.1.1] startup
[3.287s] [ext: omni.graph.image.core-0.1.0] startup
[3.288s] [ext: omni.graph.nodes-1.106.3] startup
[3.414s] [ext: omni.kit.browser.sample-1.4.6] startup
[3.416s] [ext: omni.kit.widget.material_preview-1.0.8] startup
[3.417s] [ext: omni.kit.graph.usd.commands-1.3.0] startup
[3.419s] [ext: omni.kit.graph.editor.core-1.5.1] startup
[3.420s] [ext: omni.kit.renderer.cuda_interop-1.0.1] startup
[3.422s] [ext: omni.syntheticdata-0.4.10] startup
[3.442s] [ext: omni.warp-1.0.0-beta.2] startup
[3.492s] [ext: omni.kit.window.material_graph-1.8.11] startup
[3.504s] [ext: omni.graph.scriptnode-1.1.6] startup
[3.509s] [ext: omni.kit.stage_column.payload-1.0.12] startup
[3.511s] [ext: omni.kit.livestream.core-2.3.0] startup
[3.512s] [ext: omni.kit.streamsdk.plugins-2.5.2] startup
[3.512s] [ext: omni.replicator.core-1.10.20] startup
2026-03-27 18:18:57 [3,514ms] [Warning] [omni.replicator.core.scripts.annotators] Annotator PostProcessDispatch is already registered, overwriting annotator template
[3.661s] [ext: semantics.schema.property-1.0.2] startup
[3.662s] [ext: omni.rtx.settings.core-0.5.13] startup
[3.666s] [ext: omni.kit.stage_column.variant-1.0.13] startup
[3.668s] [ext: omni.kit.menu.common-1.1.4] startup
[3.669s] [ext: omni.kit.livestream.native-2.4.0] startup

Active user not found. Using default user [kiosk]Streaming server started.
[8.999s] [ext: omni.kit.window.stats-0.1.4] startup
[9.000s] [ext: orbit.python-2023.1.1] startup
[9.001s] Simulation App Starting
2026-03-27 18:19:03 [9,004ms] [Warning] [omni.kit.widget.settings.settings_model] a value for setting /rtx/ecoMode/enabled has been requested but is not available
2026-03-27 18:19:03 [9,004ms] [Warning] [omni.kit.widget.settings.settings_model] a value for setting /rtx/directLighting/enabled has been requested but is not available
2026-03-27 18:19:03 [9,004ms] [Warning] [omni.kit.widget.settings.settings_model] a value for setting /rtx/reflections/enabled has been requested but is not available
2026-03-27 18:19:03 [9,004ms] [Warning] [omni.kit.widget.settings.settings_model] a value for setting /rtx/translucency/enabled has been requested but is not available
2026-03-27 18:19:03 [9,004ms] [Warning] [omni.kit.widget.settings.settings_model] a value for setting /rtx/raytracing/subsurface/enabled has been requested but is not available
2026-03-27 18:19:03 [9,005ms] [Warning] [omni.kit.widget.settings.settings_model] a value for setting /rtx/caustics/enabled has been requested but is not available
2026-03-27 18:19:04 [10,033ms] [Warning] [omni.kit.hotkeys.core.registry] [Hotkey] duplicated action as SPACE (On Press) with omni.kit.widget.toolbar.omni.kit.widget.toolbar::toolbar::play!
2026-03-27 18:19:04 [10,033ms] [Warning] [omni.kit.hotkeys.core.registry] [Hotkey] Cannot register Global [omni.kit.widget.toolbar] omni.kit.widget.toolbar::toolbar::play.SPACE, error code: Duplicated action definition
[10.749s] app ready
2026-03-27 18:19:05 [10,940ms] [Warning] [omni.kit.hotkeys.core.registry] [Hotkey] duplicated action as SPACE (On Press) with omni.kit.widget.toolbar.omni.kit.widget.toolbar::toolbar::play!
2026-03-27 18:19:05 [10,940ms] [Warning] [omni.kit.hotkeys.core.registry] [Hotkey] Cannot register Global [omni.kit.widget.toolbar] omni.kit.widget.toolbar::toolbar::play.SPACE, error code: Duplicated action definition
[11.078s] RTX ready
[11.276s] Simulation App Startup Complete
[11.324s] [ext: omni.kit.stagerecorder.core-105.0.4] startup
[11.336s] [ext: omni.sensors.nv.materials-1000.0.0-isaacsim.2023.1.1] startup
[11.338s] [ext: omni.sensors.nv.common-1000.0.0-isaacsim.2023.1.1] startup
[11.359s] [ext: omni.sensors.nv.wpm-1000.0.0-isaacsim.2023.1.1] startup
[11.360s] [ext: omni.isaac.core_nodes-1.7.1] startup
[11.382s] [ext: omni.isaac.range_sensor-2.0.2] startup
[11.505s] [ext: omni.sensors.nv.lidar-1000.0.1-isaacsim.2023.1.1] startup
[11.509s] [ext: omni.sensors.nv.radar-1000.0.0-isaacsim.2023.1.1] startup
[11.513s] [ext: omni.isaac.sensor-9.11.1] startup
[11.762s] [ext: omni.isaac.ros2_bridge-2.5.1] startup
[11.778s] Attempting to load system rclpy
[11.799s] rclpy loaded
2026-03-27 18:19:26 [31,968ms] [Warning] [omni.client.python] Detected a blocking function. This will cause hitches or hangs in the UI. Please switch to the async version:
  File "/home/kishi/ResQoUnity/main.py", line 25, in <module>
  File "<frozen importlib._bootstrap>", line 1027, in _find_and_load
  File "<frozen importlib._bootstrap>", line 1006, in _find_and_load_unlocked
  File "<frozen importlib._bootstrap>", line 688, in _load_unlocked
  File "<frozen importlib._bootstrap_external>", line 883, in exec_module
  File "<frozen importlib._bootstrap>", line 241, in _call_with_frames_removed
  File "/home/kishi/ResQoUnity/omniverse_sim.py", line 70, in <module>
  File "<frozen importlib._bootstrap>", line 1027, in _find_and_load
  File "<frozen importlib._bootstrap>", line 992, in _find_and_load_unlocked
  File "<frozen importlib._bootstrap>", line 241, in _call_with_frames_removed
  File "<frozen importlib._bootstrap>", line 1027, in _find_and_load
  File "<frozen importlib._bootstrap>", line 1006, in _find_and_load_unlocked
  File "<frozen importlib._bootstrap>", line 688, in _load_unlocked
  File "<frozen importlib._bootstrap_external>", line 883, in exec_module
  File "<frozen importlib._bootstrap>", line 241, in _call_with_frames_removed
  File "/home/kishi/IsaacLab_v0.3.1/source/extensions/omni.isaac.orbit_tasks/omni/isaac/orbit_tasks/__init__.py", line 25, in <module>
  File "<frozen importlib._bootstrap>", line 1027, in _find_and_load
  File "<frozen importlib._bootstrap>", line 1006, in _find_and_load_unlocked
  File "<frozen importlib._bootstrap>", line 688, in _load_unlocked
  File "<frozen importlib._bootstrap_external>", line 883, in exec_module
  File "<frozen importlib._bootstrap>", line 241, in _call_with_frames_removed
  File "/home/kishi/IsaacLab_v0.3.1/source/extensions/omni.isaac.orbit_tasks/omni/isaac/orbit_tasks/utils/__init__.py", line 9, in <module>
  File "<frozen importlib._bootstrap>", line 1027, in _find_and_load
  File "<frozen importlib._bootstrap>", line 1006, in _find_and_load_unlocked
  File "<frozen importlib._bootstrap>", line 688, in _load_unlocked
  File "<frozen importlib._bootstrap_external>", line 883, in exec_module
  File "<frozen importlib._bootstrap>", line 241, in _call_with_frames_removed
  File "/home/kishi/IsaacLab_v0.3.1/source/extensions/omni.isaac.orbit_tasks/omni/isaac/orbit_tasks/utils/parse_cfg.py", line 16, in <module>
  File "<frozen importlib._bootstrap>", line 1027, in _find_and_load
  File "<frozen importlib._bootstrap>", line 1006, in _find_and_load_unlocked
  File "<frozen importlib._bootstrap>", line 688, in _load_unlocked
  File "<frozen importlib._bootstrap_external>", line 883, in exec_module
  File "<frozen importlib._bootstrap>", line 241, in _call_with_frames_removed
  File "/home/kishi/IsaacLab_v0.3.1/source/extensions/omni.isaac.orbit/omni/isaac/orbit/envs/__init__.py", line 24, in <module>
  File "<frozen importlib._bootstrap>", line 1078, in _handle_fromlist
  File "<frozen importlib._bootstrap>", line 241, in _call_with_frames_removed
  File "<frozen importlib._bootstrap>", line 1027, in _find_and_load
  File "<frozen importlib._bootstrap>", line 1006, in _find_and_load_unlocked
  File "<frozen importlib._bootstrap>", line 688, in _load_unlocked
  File "<frozen importlib._bootstrap_external>", line 883, in exec_module
  File "<frozen importlib._bootstrap>", line 241, in _call_with_frames_removed
  File "/home/kishi/IsaacLab_v0.3.1/source/extensions/omni.isaac.orbit/omni/isaac/orbit/envs/mdp/__init__.py", line 18, in <module>
  File "<frozen importlib._bootstrap>", line 1027, in _find_and_load
  File "<frozen importlib._bootstrap>", line 1006, in _find_and_load_unlocked
  File "<frozen importlib._bootstrap>", line 688, in _load_unlocked
  File "<frozen importlib._bootstrap_external>", line 883, in exec_module
  File "<frozen importlib._bootstrap>", line 241, in _call_with_frames_removed
  File "/home/kishi/IsaacLab_v0.3.1/source/extensions/omni.isaac.orbit/omni/isaac/orbit/envs/mdp/actions/__init__.py", line 8, in <module>
  File "<frozen importlib._bootstrap>", line 1027, in _find_and_load
  File "<frozen importlib._bootstrap>", line 1006, in _find_and_load_unlocked
  File "<frozen importlib._bootstrap>", line 688, in _load_unlocked
  File "<frozen importlib._bootstrap_external>", line 883, in exec_module
  File "<frozen importlib._bootstrap>", line 241, in _call_with_frames_removed
  File "/home/kishi/IsaacLab_v0.3.1/source/extensions/omni.isaac.orbit/omni/isaac/orbit/envs/mdp/actions/actions_cfg.py", line 9, in <module>
  File "<frozen importlib._bootstrap>", line 1027, in _find_and_load
  File "<frozen importlib._bootstrap>", line 992, in _find_and_load_unlocked
  File "<frozen importlib._bootstrap>", line 241, in _call_with_frames_removed
  File "<frozen importlib._bootstrap>", line 1027, in _find_and_load
  File "<frozen importlib._bootstrap>", line 1006, in _find_and_load_unlocked
  File "<frozen importlib._bootstrap>", line 688, in _load_unlocked
  File "<frozen importlib._bootstrap_external>", line 883, in exec_module
  File "<frozen importlib._bootstrap>", line 241, in _call_with_frames_removed
  File "/home/kishi/IsaacLab_v0.3.1/source/extensions/omni.isaac.orbit/omni/isaac/orbit/managers/__init__.py", line 13, in <module>
  File "<frozen importlib._bootstrap>", line 1027, in _find_and_load
  File "<frozen importlib._bootstrap>", line 1006, in _find_and_load_unlocked
  File "<frozen importlib._bootstrap>", line 688, in _load_unlocked
  File "<frozen importlib._bootstrap_external>", line 883, in exec_module
  File "<frozen importlib._bootstrap>", line 241, in _call_with_frames_removed
  File "/home/kishi/IsaacLab_v0.3.1/source/extensions/omni.isaac.orbit/omni/isaac/orbit/managers/action_manager.py", line 16, in <module>
  File "<frozen importlib._bootstrap>", line 1027, in _find_and_load
  File "<frozen importlib._bootstrap>", line 1006, in _find_and_load_unlocked
  File "<frozen importlib._bootstrap>", line 688, in _load_unlocked
  File "<frozen importlib._bootstrap_external>", line 883, in exec_module
  File "<frozen importlib._bootstrap>", line 241, in _call_with_frames_removed
  File "/home/kishi/IsaacLab_v0.3.1/source/extensions/omni.isaac.orbit/omni/isaac/orbit/assets/__init__.py", line 41, in <module>
  File "<frozen importlib._bootstrap>", line 1027, in _find_and_load
  File "<frozen importlib._bootstrap>", line 1006, in _find_and_load_unlocked
  File "<frozen importlib._bootstrap>", line 688, in _load_unlocked
  File "<frozen importlib._bootstrap_external>", line 883, in exec_module
  File "<frozen importlib._bootstrap>", line 241, in _call_with_frames_removed
  File "/home/kishi/IsaacLab_v0.3.1/source/extensions/omni.isaac.orbit/omni/isaac/orbit/assets/articulation/__init__.py", line 8, in <module>
  File "<frozen importlib._bootstrap>", line 1027, in _find_and_load
  File "<frozen importlib._bootstrap>", line 1006, in _find_and_load_unlocked
  File "<frozen importlib._bootstrap>", line 688, in _load_unlocked
  File "<frozen importlib._bootstrap_external>", line 883, in exec_module
  File "<frozen importlib._bootstrap>", line 241, in _call_with_frames_removed
  File "/home/kishi/IsaacLab_v0.3.1/source/extensions/omni.isaac.orbit/omni/isaac/orbit/assets/articulation/articulation.py", line 22, in <module>
  File "<frozen importlib._bootstrap>", line 1027, in _find_and_load
  File "<frozen importlib._bootstrap>", line 1006, in _find_and_load_unlocked
  File "<frozen importlib._bootstrap>", line 688, in _load_unlocked
  File "<frozen importlib._bootstrap_external>", line 883, in exec_module
  File "<frozen importlib._bootstrap>", line 241, in _call_with_frames_removed
  File "/home/kishi/IsaacLab_v0.3.1/source/extensions/omni.isaac.orbit/omni/isaac/orbit/sim/__init__.py", line 29, in <module>
  File "<frozen importlib._bootstrap>", line 1027, in _find_and_load
  File "<frozen importlib._bootstrap>", line 1006, in _find_and_load_unlocked
  File "<frozen importlib._bootstrap>", line 688, in _load_unlocked
  File "<frozen importlib._bootstrap_external>", line 883, in exec_module
  File "<frozen importlib._bootstrap>", line 241, in _call_with_frames_removed
  File "/home/kishi/IsaacLab_v0.3.1/source/extensions/omni.isaac.orbit/omni/isaac/orbit/sim/converters/__init__.py", line 19, in <module>
  File "<frozen importlib._bootstrap>", line 1027, in _find_and_load
  File "<frozen importlib._bootstrap>", line 1006, in _find_and_load_unlocked
  File "<frozen importlib._bootstrap>", line 688, in _load_unlocked
  File "<frozen importlib._bootstrap_external>", line 883, in exec_module
  File "<frozen importlib._bootstrap>", line 241, in _call_with_frames_removed
  File "/home/kishi/IsaacLab_v0.3.1/source/extensions/omni.isaac.orbit/omni/isaac/orbit/sim/converters/asset_converter_base.py", line 15, in <module>
  File "<frozen importlib._bootstrap>", line 1027, in _find_and_load
  File "<frozen importlib._bootstrap>", line 1006, in _find_and_load_unlocked
  File "<frozen importlib._bootstrap>", line 688, in _load_unlocked
  File "<frozen importlib._bootstrap_external>", line 883, in exec_module
  File "<frozen importlib._bootstrap>", line 241, in _call_with_frames_removed
  File "/home/kishi/IsaacLab_v0.3.1/source/extensions/omni.isaac.orbit/omni/isaac/orbit/utils/assets.py", line 27, in <module>
  File "/home/kishi/.local/share/ov/pkg/isaac-sim-2023.1.1/exts/omni.isaac.core/omni/isaac/core/utils/nucleus.py", line 572, in get_assets_root_path
  File "/home/kishi/.local/share/ov/pkg/isaac-sim-2023.1.1/exts/omni.isaac.core/omni/isaac/core/utils/nucleus.py", line 192, in check_server
  File "/home/kishi/.local/share/ov/pkg/isaac-sim-2023.1.1/kit/extscore/omni.client/omni/client/__init__.py", line 158, in stat

