========================================
ResQoUnity Simulation Log
========================================
Timestamp:    Mon Feb 16 03:27:08 PM CST 2026
Robot Type:   go2
Robot Amount: 1
Terrain:      flat
Environment:  office
CPU Mode:     ENABLED (hardcoded for testing)
========================================

[INFO][AppLauncher]: Loading experience file: /home/kishi/IsaacLab-0.3.1/source/apps/orbit.python.kit
[Warning] [omni.isaac.kit.simulation_app] Modules: ['omniverse_sim'] were loaded before SimulationApp was started and might not be loaded correctly.
[Warning] [omni.isaac.kit.simulation_app] Please check to make sure no extra omniverse or pxr modules are imported before the call to SimulationApp(...)
Starting kit application with the following args:  ['/home/kishi/.local/share/ov/pkg/isaac-sim-2023.1.1/exts/omni.isaac.kit/omni/isaac/kit/simulation_app.py', '/home/kishi/IsaacLab-0.3.1/source/apps/orbit.python.kit', '--/app/tokens/exe-path=/home/kishi/.local/share/ov/pkg/isaac-sim-2023.1.1/kit', '--/persistent/app/viewport/displayOptions=3094', '--/rtx/materialDb/syncLoads=True', '--/rtx/hydra/materialSyncLoads=True', '--/omni.kit.plugin/syncUsdLoads=True', '--/app/renderer/resolution/width=1280', '--/app/renderer/resolution/height=720', '--/app/window/width=1440', '--/app/window/height=900', '--/renderer/multiGpu/enabled=True', '--/app/fastShutdown=True', '--ext-folder', '/home/kishi/.local/share/ov/pkg/isaac-sim-2023.1.1/exts', '--ext-folder', '/home/kishi/.local/share/ov/pkg/isaac-sim-2023.1.1/apps', '--/physics/cudaDevice=0', '--portable']
Passing the following args to the base kit application:  ['--robot', 'go2', '--robot_amount', '1', '--terrain', 'flat', '--custom_env', 'office', '--cpu']
Loading user config located at: '/home/kishi/.local/share/ov/pkg/isaac-sim-2023.1.1/kit/data/Kit/Isaac-Sim/2023.1/user.config.json'
[Info] [carb] Logging to file: /home/kishi/.local/share/ov/pkg/isaac-sim-2023.1.1/kit/logs/Kit/Isaac-Sim/2023.1/kit_20260216_152708.log
2026-02-16 21:27:08 [0ms] [Warning] [omni.kit.app.plugin] No crash reporter present, dumps uploading isn't available.
2026-02-16 21:27:08 [1ms] [Warning] [omni.ext.plugin] [ext: omni.replicator.core] Extensions config 'extension.toml' doesn't exist '/home/kishi/.local/share/ov/pkg/isaac-sim-2023.1.1/exts/omni.replicator.core' or '/home/kishi/.local/share/ov/pkg/isaac-sim-2023.1.1/exts/omni.replicator.core/config'
[0.033s] [ext: omni.kit.async_engine-0.0.0] startup
[0.166s] [ext: omni.activity.core-1.0.1] startup
[0.168s] [ext: omni.assets.plugins-0.0.0] startup
[0.169s] [ext: omni.stats-0.0.0] startup
[0.170s] [ext: omni.client-1.0.1] startup
[0.174s] [ext: omni.activity.profiler-1.0.2] startup
[0.175s] [ext: omni.gpu_foundation-0.0.0] startup
[0.181s] [ext: omni.rtx.shadercache.vulkan-1.0.0] startup
[0.182s] [ext: carb.windowing.plugins-1.0.0] startup
[0.186s] [ext: omni.kit.renderer.init-0.0.0] startup
2026-02-16 21:27:08 [265ms] [Warning] [gpu.foundation.plugin] Skipping unsupported non-NVIDIA GPU: Intel(R) UHD Graphics 770 (ADL-S GT1)
2026-02-16 21:27:08 [265ms] [Warning] [gpu.foundation.plugin] Skipping unsupported non-NVIDIA GPU: Intel(R) UHD Graphics 770 (ADL-S GT1)

|---------------------------------------------------------------------------------------------|
| Driver Version: 550.163.01    | Graphics API: Vulkan
|=============================================================================================|
| GPU | Name                             | Active | LDA | GPU Memory | Vendor-ID | LUID       |
|     |                                  |        |     |            | Device-ID | UUID       |
|     |                                  |        |     |            | Bus-ID    |            |
|---------------------------------------------------------------------------------------------|
| 0   | NVIDIA GeForce RTX 3080          | Yes: 0 |     | 10486   MB | 10de      | 0          |
|     |                                  |        |     |            | 2216      | 677e3bbe.. |
|     |                                  |        |     |            | 1         |            |
|---------------------------------------------------------------------------------------------|
| 1   | Intel(R) UHD Graphics 770 (ADL.. |        |     | 48010   MB | 8086      | 0          |
|     |                                  |        |     |            | 4680      | 86808046.. |
|     |                                  |        |     |            | 0         |            |
|=============================================================================================|
| OS: 22.04.5 LTS (Jammy Jellyfish) ubuntu, Version: 22.04.5, Kernel: 6.8.0-90-generic
| XServer Vendor: The X.Org Foundation, XServer Version: 12101004 (1.21.1.4)
| Processor: 12th Gen Intel(R) Core(TM) i9-12900K | Cores: 16 | Logical: 32
|---------------------------------------------------------------------------------------------|
| Total Memory (MB): 64013 | Free Memory: 51883
| Total Page/Swap (MB): 2047 | Free Page/Swap: 1096
|---------------------------------------------------------------------------------------------|
2026-02-16 21:27:08 [460ms] [Warning] [gpu.foundation.plugin] IOMMU is enabled. Found 12 items in /sys/kernel/iommu_groups/.
2026-02-16 21:27:08 [460ms] [Warning] [gpu.foundation.plugin] An input-output memory management unit (IOMMU) appears to be enabled on this system.
On bare-metal Linux systems, CUDA and the display driver do not support IOMMU-enabled PCIe peer to peer memory copy.
If you are on a bare-metal Linux system, please disable the IOMMU. Otherwise you risk image corruption and program instability.
This typically can be controlled via BIOS settings (Intel Virtualization Technology for Directed I/O (VT-d) or AMD I/O Virtualization Technology (AMD-Vi)) and kernel parameters (iommu, intel_iommu, amd_iommu).
Note that in virtual machines with GPU pass-through (vGPU) the IOMMU needs to be enabled.
Since we can not reliably detect whether this system is bare-metal or a virtual machine, we show this warning in any case when an IOMMU appears to be enabled.
2026-02-16 21:27:08 [460ms] [Warning] [gpu.foundation.plugin]  
2026-02-16 21:27:08 [460ms] [Warning] [gpu.foundation.plugin] -----------------------------------------------------------------------
2026-02-16 21:27:08 [460ms] [Warning] [gpu.foundation.plugin] !!!!! Local system validation failed! Incorrect configuration detected.
2026-02-16 21:27:08 [460ms] [Warning] [gpu.foundation.plugin]       Summary below. Details above.
2026-02-16 21:27:08 [460ms] [Warning] [gpu.foundation.plugin] -----------------------------------------------------------------------
2026-02-16 21:27:08 [460ms] [Warning] [gpu.foundation.plugin]  
2026-02-16 21:27:08 [460ms] [Warning] [gpu.foundation.plugin]  - ECC:                         OK
2026-02-16 21:27:08 [460ms] [Warning] [gpu.foundation.plugin]  - IOMMU:                       FAILED
2026-02-16 21:27:08 [460ms] [Warning] [gpu.foundation.plugin]  
2026-02-16 21:27:08 [460ms] [Warning] [gpu.foundation.plugin] -----------------------------------------------------------------------
[0.586s] [ext: omni.kit.pipapi-0.0.0] startup
[0.587s] [ext: omni.kit.pip_archive-0.0.0] startup
[0.587s] [ext: omni.pip.compute-1.2.0] startup
[0.587s] [ext: omni.pip.torch-2_0_1-2.0.2] startup
[0.617s] [ext: omni.pip.cloud-1.0.1] startup
[0.620s] [ext: omni.isaac.core_archive-2.2.1] startup
[0.620s] [ext: omni.isaac.ml_archive-1.1.3] startup
[0.620s] [ext: omni.kit.loop-isaac-1.1.0] startup
[0.620s] [ext: omni.kit.test-0.0.0] startup
[0.621s] [ext: omni.kit.telemetry-0.5.0] startup
[0.637s] [ext: omni.mtlx-0.1.0] startup
[0.637s] [ext: omni.usd.config-1.0.3] startup
[0.640s] [ext: omni.gpucompute.plugins-0.0.0] startup
[0.640s] [ext: omni.usd.libs-1.0.0] startup
[0.698s] [ext: omni.appwindow-1.1.5] startup
[1.090s] [ext: omni.kit.renderer.core-0.0.0] startup
[1.538s] [ext: omni.kit.renderer.capture-0.0.0] startup
[1.539s] [ext: omni.kit.renderer.imgui-0.0.0] startup
[1.582s] [ext: carb.audio-0.1.0] startup
[1.583s] [ext: omni.ui-2.18.5] startup
[1.590s] [ext: omni.uiaudio-1.0.0] startup
[1.591s] [ext: omni.kit.mainwindow-1.0.1] startup
[1.592s] [ext: omni.kit.uiapp-0.0.0] startup
[1.592s] [ext: omni.usd.schema.physics-0.0.0] startup
[1.667s] [ext: omni.usd.schema.omniscripting-1.0.0] startup
[1.671s] [ext: omni.usd.schema.scene.visualization-2.0.2] startup
[1.672s] [ext: omni.usd.schema.anim-0.0.0] startup
[1.700s] [ext: omni.usd.schema.geospatial-0.0.0] startup
[1.702s] [ext: omni.usd.schema.forcefield-0.0.0] startup
[1.706s] [ext: omni.usd.schema.physx-0.0.0] startup
[1.724s] [ext: omni.usd.schema.semantics-0.0.0] startup
[1.726s] [ext: omni.usd.schema.audio-0.0.0] startup
[1.729s] [ext: omni.usd.schema.isaac-2.0.1] startup
[1.733s] [ext: omni.usd.schema.omnigraph-1.0.0] startup
[1.737s] [ext: omni.usd_resolver-1.0.1] startup
[1.740s] [ext: omni.resourcemonitor-105.0.0] startup
[1.742s] [ext: omni.usd.core-1.1.8] startup
[1.744s] [ext: omni.graph.exec-0.3.0] startup
[1.745s] [ext: omni.timeline-1.0.9] startup
[1.746s] [ext: omni.kit.actions.core-1.0.0] startup
[1.747s] [ext: omni.kit.window.popup_dialog-2.0.23] startup
[1.750s] [ext: omni.hydra.usdrt_delegate-7.2.34] startup
[1.760s] [ext: omni.hydra.scene_delegate-0.3.2] startup
[1.765s] [ext: omni.kit.commands-1.4.6] startup
[1.768s] [ext: omni.kit.widget.nucleus_connector-1.1.4] startup
[1.769s] [ext: omni.kit.exec.core-0.5.0] startup
[1.770s] [ext: omni.kit.audiodeviceenum-1.0.1] startup
[1.771s] [ext: omni.kit.collaboration.telemetry-1.0.0] startup
[1.771s] [ext: omni.usd-1.10.18] startup
[1.809s] [ext: omni.kit.collaboration.channel_manager-1.0.11] startup
[1.810s] [ext: omni.kit.usd.layers-2.1.27] startup
[1.815s] [ext: omni.kit.menu.utils-1.5.6] startup
[1.821s] [ext: omni.iray.libs-0.0.0] startup
[1.824s] [ext: omni.kit.primitive.mesh-1.0.15] startup
[1.826s] [ext: omni.mdl.neuraylib-0.2.0] startup
[1.827s] [ext: omni.kit.stage_templates-1.1.20] startup
[1.828s] [ext: omni.mdl-0.2.1] startup
[1.839s] [ext: omni.kit.viewport.registry-104.0.5] startup
[1.840s] [ext: omni.kit.widget.nucleus_info-1.0.2] startup
[1.840s] [ext: omni.kit.helper.file_utils-0.1.6] startup
[1.859s] [ext: omni.kit.search_core-1.0.5] startup
[1.859s] [ext: omni.kit.widget.filebrowser-2.3.35] startup
[1.862s] [ext: omni.kit.widget.path_field-2.0.8] startup
[1.862s] [ext: omni.kit.notification_manager-1.0.6] startup
[1.863s] [ext: omni.kit.widget.browser_bar-2.0.9] startup
[1.864s] [ext: omni.ui.scene-1.7.0] startup
[1.867s] [ext: omni.inspect-1.0.1] startup
[1.868s] [ext: omni.kit.widget.search_delegate-1.0.4] startup
[1.869s] [ext: omni.kit.widget.versioning-1.4.6] startup
[1.870s] [ext: omni.hydra.engine.stats-1.0.1] startup
[1.873s] [ext: omni.graph.tools-1.41.3] startup
[1.884s] [ext: omni.graph.core-2.139.12] startup
[1.886s] [ext: omni.kit.clipboard-1.0.3] startup
[1.887s] [ext: omni.volume-0.4.0] startup
[1.888s] [ext: omni.kit.window.filepicker-2.10.13] startup
[1.894s] [ext: omni.hydra.rtx-0.1.0] startup
[1.902s] [ext: omni.hydra.pxr-1.1.6] startup
[1.906s] [ext: omni.kit.window.file_importer-1.0.22] startup
[1.908s] [ext: omni.kit.hydra_texture-1.1.12] startup
[1.911s] [ext: omni.kit.viewport.legacy_gizmos-1.0.14] startup
[1.914s] [ext: omni.kit.window.file_exporter-1.0.22] startup
[1.915s] [ext: omni.kit.window.drop_support-1.0.1] startup
[1.915s] [ext: omni.kit.widget.viewport-105.1.7] startup
[1.918s] [ext: omni.kit.material.library-1.3.41] startup
[1.921s] [ext: omni.kit.window.file-1.3.44] startup
[1.922s] [ext: omni.kit.viewport.window-105.1.12] startup
[1.931s] [ext: omni.command.usd-1.0.2] startup
[1.932s] [ext: omni.kit.viewport.utility-1.0.16] startup
[1.932s] [ext: omni.kit.selection-0.1.3] startup
[1.933s] [ext: usdrt.scenegraph-7.2.34] startup
[1.960s] [ext: omni.kit.usd_undo-0.1.2] startup
[1.960s] [ext: omni.kit.menu.edit-1.1.14] startup
[1.962s] [ext: omni.graph-1.106.1] startup
[2.040s] [ext: omni.kit.menu.file-1.1.7] startup
[2.042s] [ext: omni.isaac.kit-1.4.7] startup
[2.043s] [ext: omni.graph.action-1.55.1] startup
[2.081s] [ext: omni.kvdb-0.0.0] startup
[2.083s] [ext: omni.kit.collaboration.presence_layer-1.0.8] startup
[2.085s] [ext: omni.localcache-0.0.0] startup
[2.086s] [ext: omni.kit.widget.options_menu-1.0.5] startup
[2.087s] [ext: omni.physx.foundation-105.1.12-5.1] startup
[2.087s] [ext: omni.kit.menu.create-1.0.11] startup
[2.089s] [ext: omni.usdphysics-105.1.12-5.1] startup
[2.092s] [ext: omni.convexdecomposition-105.1.12-5.1] startup
[2.096s] [ext: omni.kit.widget.filter-1.1.2] startup
[2.097s] [ext: omni.kit.hotkeys.core-1.3.0] startup
[2.099s] [ext: omni.kit.context_menu-1.6.8] startup
[2.101s] [ext: omni.physx.cooking-105.1.12-5.1] startup
[2.108s] [ext: omni.kit.window.content_browser_registry-0.0.1] startup
[2.109s] [ext: omni.kit.widget.stage-2.9.6] startup
[2.116s] [ext: omni.kit.widget.stage_icons-1.0.4] startup
[2.117s] [ext: omni.physics.tensors-0.1.0] startup
[2.123s] [ext: omni.physx-105.1.12-5.1] startup
2026-02-16 21:27:10 [2,119ms] [Warning] [omni.stageupdate.plugin] Deprecated: direct use of IStageUpdate callbacks is deprecated. Use IStageUpdate::getStageUpdate instead.
[2.134s] [ext: omni.kit.window.content_browser-2.7.17] startup
[2.142s] [ext: omni.kit.numpy.common-0.1.2] startup
[2.144s] [ext: omni.kit.window.stage-2.4.4] startup
[2.147s] [ext: omni.warp.core-1.0.0-beta.2] startup
Warp 1.0.0-beta.2 initialized:
   CUDA Toolkit: 11.5, Driver: 12.4
   Devices:
     "cpu"    | x86_64
     "cuda:0" | NVIDIA GeForce RTX 3080 (sm_86)
   Kernel cache: /home/kishi/.cache/warp/1.0.0-beta.2
[2.229s] [ext: omni.physx.tensors-0.1.0] startup
[2.233s] [ext: omni.isaac.version-1.0.3] startup
[2.234s] [ext: omni.isaac.dynamic_control-1.2.6] startup
[2.243s] [ext: omni.kit.menu.stage-1.2.3] startup
[2.245s] [ext: omni.isaac.core-3.3.2] startup
[2.941s] [ext: omni.kit.widget.highlight_label-1.0.1] startup
[2.942s] [ext: omni.kit.widget.searchable_combobox-1.0.5] startup
[2.942s] [ext: omni.kit.widget.searchfield-1.1.3] startup
[2.944s] [ext: omni.kit.widget.graph-1.8.4] startup
[2.947s] [ext: omni.ui_query-1.1.1] startup
[2.948s] [ext: omni.kit.manipulator.viewport-104.0.9] startup
[2.949s] [ext: omni.kit.widget.settings-1.0.6] startup
[2.950s] [ext: omni.kit.window.property-1.9.6] startup
[2.952s] [ext: omni.kit.window.extensions-1.3.0] startup
[2.956s] [ext: omni.kit.ui_test-1.2.13] startup
[2.958s] [ext: omni.graph.visualization.nodes-2.1.1] startup
[2.966s] [ext: omni.kit.profiler.window-2.1.2] startup
/home/kishi/.local/share/ov/pkg/isaac-sim-2023.1.1/exts/omni.isaac.core_archive/pip_prebundle/gunicorn/util.py:25: UserWarning: pkg_resources is deprecated as an API. See https://setuptools.pypa.io/en/latest/pkg_resources.html. The pkg_resources package is slated for removal as early as 2025-11-30. Refrain from using this package or pin to Setuptools<81.
  import pkg_resources
2026-02-16 21:27:11 [3,054ms] [Warning] [omni.kit.profiler.window] remove _SpanInstance.__lt__ and use insort 'key' arg instead
[3.070s] [ext: omni.isaac.ui-0.13.5] startup
[3.076s] [ext: omni.kit.window.preferences-1.3.23] startup
[3.080s] [ext: omni.kit.widget.prompt-1.0.6] startup
[3.081s] [ext: omni.isaac.utils-0.6.0] startup
[3.088s] [ext: omni.kit.widget.live_session_management-1.2.22] startup
[3.091s] [ext: omni.isaac.cloner-0.7.2] startup
[3.093s] [ext: omni.kit.widget.layers-1.6.32] startup
[3.100s] [ext: omni.kit.raycast.query-1.0.1] startup
[3.107s] [ext: omni.kit.widget.toolbar-1.5.6] startup
[3.113s] [ext: omni.kit.manipulator.transform-104.6.15] startup
[3.115s] [ext: omni.kit.widget.spinner-1.0.6] startup
[3.116s] [ext: omni.kit.window.cursor-1.1.2] startup
[3.117s] [ext: omni.kit.manipulator.tool.snap-1.4.2] startup
[3.122s] [ext: omni.kit.manipulator.selector-1.0.1] startup
[3.123s] [ext: omni.kit.viewport.menubar.core-105.0.19] startup
[3.132s] [ext: omni.kit.viewport.actions-105.1.6] startup
[3.136s] [ext: omni.kit.manipulator.prim-105.0.11] startup
[3.140s] [ext: omni.kit.viewport.menubar.camera-105.1.9] startup
[3.144s] [ext: omni.kit.viewport.menubar.display-105.1.0] startup
[3.146s] [ext: omni.kit.viewport.menubar.render-105.1.1] startup
[3.148s] [ext: omni.kit.viewport.menubar.settings-105.0.9] startup
[3.151s] [ext: omni.kit.manipulator.selection-104.0.8] startup
[3.152s] [ext: omni.kit.manipulator.camera-105.0.4] startup
[3.155s] [ext: omni.rtx.window.settings-0.6.9] startup
[3.159s] [ext: semantics.schema.editor-0.3.4] startup
[3.162s] [ext: omni.kit.viewport.bundle-104.0.1] startup
[3.162s] [ext: omni.hydra.pxr.settings-1.0.5] startup
[3.163s] [ext: omni.activity.pump-1.0.0] startup
[3.164s] [ext: omni.kit.property.layer-1.1.5] startup
[3.166s] [ext: omni.kit.property.usd-3.21.15] startup
[3.173s] [ext: omni.kit.viewport.menubar.lighting-105.0.7] startup
[3.176s] [ext: omni.kit.viewport.pxr-104.0.1] startup
[3.176s] [ext: omni.kit.viewport.ready-1.0.5] startup
[3.177s] [ext: omni.kit.viewport.rtx-104.0.0] startup
[3.177s] [ext: omni.kit.property.audio-1.0.9] startup
[3.181s] [ext: omni.kit.widget.live-2.1.6] startup
[3.182s] [ext: omni.debugdraw-0.1.2] startup
[3.186s] [ext: omni.kit.property.camera-1.0.5] startup
[3.188s] [ext: omni.kit.property.light-1.0.8] startup
[3.190s] [ext: omni.kit.property.geometry-1.2.11] startup
[3.193s] [ext: omni.kit.widget.cache_indicator-2.0.8] startup
[3.194s] [ext: omni.usdphysics.ui-105.1.12-5.1] startup
2026-02-16 21:27:11 [3,181ms] [Warning] [omni.kit.widget.cache_indicator.cache_state_menu] Unable to detect Omniverse Cache Server. File /home/kishi/.nvidia-omniverse/config/omniverse.toml is not found. Consider installing it for better IO performance.
[3.220s] [ext: omni.physx.commands-105.1.12-5.1] startup
[3.223s] [ext: omni.kit.property.skel-1.0.4] startup
[3.225s] [ext: omni.kit.property.render-1.1.1] startup
[3.229s] [ext: omni.kit.window.commands-0.2.4] startup
[3.230s] [ext: omni.physx.ui-105.1.12-5.1] startup
[3.252s] [ext: omni.hydra.scene_api-0.1.2] startup
[3.259s] [ext: usdrt.gf-1.0.2] startup
[3.259s] [ext: omni.kit.widget.text_editor-1.0.2] startup
[3.261s] [ext: omni.kit.property.material-1.8.36] startup
[3.263s] [ext: omni.kit.property.transform-1.3.10] startup
[3.266s] [ext: omni.physx.demos-105.1.12-5.1] startup
[3.269s] [ext: omni.kit.property.physx-0.1.0] startup
[3.313s] [ext: omni.kit.property.bundle-1.2.9] startup
[3.315s] [ext: omni.kit.actions.window-1.1.0] startup
[3.317s] [ext: omni.kit.window.console-0.2.10] startup
[3.326s] [ext: omni.kit.window.script_editor-1.7.4] startup
[3.328s] [ext: omni.physx.camera-105.1.12-5.1] startup
[3.334s] [ext: omni.kit.property.isaac-0.2.2] startup
[3.336s] [ext: omni.kit.hotkeys.window-1.4.1] startup
[3.340s] [ext: omni.isaac.debug_draw-0.6.1] startup
2026-02-16 21:27:11 [3,331ms] [Warning] [omni.stageupdate.plugin] Deprecated: direct use of IStageUpdate callbacks is deprecated. Use IStageUpdate::getStageUpdate instead.
2026-02-16 21:27:11 [3,331ms] [Warning] [omni.stageupdate.plugin] Deprecated: direct use of IStageUpdate callbacks is deprecated. Use IStageUpdate::getStageUpdate instead.
[3.347s] [ext: omni.physx.graph-105.1.12-5.1] startup
[3.357s] [ext: omni.kit.window.toolbar-1.5.4] startup
[3.359s] [ext: omni.kit.widget.zoombar-1.0.5] startup
[3.360s] [ext: omni.physx.cct-105.1.12-5.1] startup
[3.371s] [ext: omni.physx.vehicle-105.1.12-5.1] startup
[3.381s] [ext: omni.physx.supportui-105.1.12-5.1] startup
[3.393s] [ext: omni.kit.browser.core-2.3.10] startup
[3.396s] [ext: omni.kit.window.status_bar-0.1.6] startup
[3.401s] [ext: omni.kit.window.title-1.1.3] startup
[3.402s] [ext: omni.physx.bundle-105.1.12-5.1] startup
[3.402s] [ext: omni.kit.browser.folder.core-1.9.7] startup
[3.405s] [ext: omni.kit.graph.delegate.default-1.1.1] startup
[3.406s] [ext: omni.graph.image.core-0.1.0] startup
[3.406s] [ext: omni.graph.nodes-1.106.3] startup
[3.545s] [ext: omni.kit.browser.sample-1.4.6] startup
[3.547s] [ext: omni.kit.widget.material_preview-1.0.8] startup
[3.549s] [ext: omni.kit.graph.usd.commands-1.3.0] startup
[3.550s] [ext: omni.kit.graph.editor.core-1.5.1] startup
[3.552s] [ext: omni.kit.renderer.cuda_interop-1.0.1] startup
[3.553s] [ext: omni.syntheticdata-0.4.10] startup
[3.574s] [ext: omni.warp-1.0.0-beta.2] startup
[3.626s] [ext: omni.kit.window.material_graph-1.8.11] startup
[3.638s] [ext: omni.graph.scriptnode-1.1.6] startup
[3.644s] [ext: omni.kit.stage_column.payload-1.0.12] startup
[3.646s] [ext: omni.kit.livestream.core-2.3.0] startup
[3.647s] [ext: omni.kit.streamsdk.plugins-2.5.2] startup
[3.647s] [ext: omni.replicator.core-1.10.20] startup
2026-02-16 21:27:12 [3,650ms] [Warning] [omni.replicator.core.scripts.annotators] Annotator PostProcessDispatch is already registered, overwriting annotator template
[3.799s] [ext: semantics.schema.property-1.0.2] startup
[3.802s] [ext: omni.rtx.settings.core-0.5.13] startup
[3.807s] [ext: omni.kit.stage_column.variant-1.0.13] startup
[3.808s] [ext: omni.kit.menu.common-1.1.4] startup
[3.810s] [ext: omni.kit.livestream.native-2.4.0] startup

Active user not found. Using default user [kiosk]Streaming server started.
[9.158s] [ext: omni.kit.window.stats-0.1.4] startup
[9.160s] [ext: orbit.python-2023.1.1] startup
[9.161s] Simulation App Starting
2026-02-16 21:27:17 [9,166ms] [Warning] [omni.kit.widget.settings.settings_model] a value for setting /rtx/ecoMode/enabled has been requested but is not available
2026-02-16 21:27:17 [9,166ms] [Warning] [omni.kit.widget.settings.settings_model] a value for setting /rtx/directLighting/enabled has been requested but is not available
2026-02-16 21:27:17 [9,166ms] [Warning] [omni.kit.widget.settings.settings_model] a value for setting /rtx/reflections/enabled has been requested but is not available
2026-02-16 21:27:17 [9,166ms] [Warning] [omni.kit.widget.settings.settings_model] a value for setting /rtx/translucency/enabled has been requested but is not available
2026-02-16 21:27:17 [9,166ms] [Warning] [omni.kit.widget.settings.settings_model] a value for setting /rtx/raytracing/subsurface/enabled has been requested but is not available
2026-02-16 21:27:17 [9,166ms] [Warning] [omni.kit.widget.settings.settings_model] a value for setting /rtx/caustics/enabled has been requested but is not available
2026-02-16 21:27:18 [10,225ms] [Warning] [omni.kit.hotkeys.core.registry] [Hotkey] duplicated action as SPACE (On Press) with omni.kit.widget.toolbar.omni.kit.widget.toolbar::toolbar::play!
2026-02-16 21:27:18 [10,225ms] [Warning] [omni.kit.hotkeys.core.registry] [Hotkey] Cannot register Global [omni.kit.widget.toolbar] omni.kit.widget.toolbar::toolbar::play.SPACE, error code: Duplicated action definition
[10.960s] app ready
2026-02-16 21:27:19 [11,162ms] [Warning] [omni.kit.hotkeys.core.registry] [Hotkey] duplicated action as SPACE (On Press) with omni.kit.widget.toolbar.omni.kit.widget.toolbar::toolbar::play!
2026-02-16 21:27:19 [11,162ms] [Warning] [omni.kit.hotkeys.core.registry] [Hotkey] Cannot register Global [omni.kit.widget.toolbar] omni.kit.widget.toolbar::toolbar::play.SPACE, error code: Duplicated action definition
[11.298s] RTX ready
[11.507s] Simulation App Startup Complete
[11.557s] [ext: omni.kit.stagerecorder.core-105.0.4] startup
[11.570s] [ext: omni.sensors.nv.materials-1000.0.0-isaacsim.2023.1.1] startup
[11.571s] [ext: omni.sensors.nv.common-1000.0.0-isaacsim.2023.1.1] startup
[11.593s] [ext: omni.sensors.nv.wpm-1000.0.0-isaacsim.2023.1.1] startup
[11.594s] [ext: omni.isaac.core_nodes-1.7.1] startup
[11.617s] [ext: omni.isaac.range_sensor-2.0.2] startup
[11.744s] [ext: omni.sensors.nv.lidar-1000.0.1-isaacsim.2023.1.1] startup
[11.748s] [ext: omni.sensors.nv.radar-1000.0.0-isaacsim.2023.1.1] startup
[11.752s] [ext: omni.isaac.sensor-9.11.1] startup
[12.021s] [ext: omni.isaac.ros2_bridge-2.5.1] startup
[12.037s] Attempting to load system rclpy
[12.059s] rclpy loaded
2026-02-16 21:27:40 [32,235ms] [Warning] [omni.client.python] Detected a blocking function. This will cause hitches or hangs in the UI. Please switch to the async version:
  File "/home/kishi/ResQoUnity/main.py", line 25, in <module>
  File "<frozen importlib._bootstrap>", line 1027, in _find_and_load
  File "<frozen importlib._bootstrap>", line 1006, in _find_and_load_unlocked
  File "<frozen importlib._bootstrap>", line 688, in _load_unlocked
  File "<frozen importlib._bootstrap_external>", line 883, in exec_module
  File "<frozen importlib._bootstrap>", line 241, in _call_with_frames_removed
  File "/home/kishi/ResQoUnity/omniverse_sim.py", line 70, in <module>
  File "<frozen importlib._bootstrap>", line 1027, in _find_and_load
  File "<frozen importlib._bootstrap>", line 992, in _find_and_load_unlocked
  File "<frozen importlib._bootstrap>", line 241, in _call_with_frames_removed
  File "<frozen importlib._bootstrap>", line 1027, in _find_and_load
  File "<frozen importlib._bootstrap>", line 1006, in _find_and_load_unlocked
  File "<frozen importlib._bootstrap>", line 688, in _load_unlocked
  File "<frozen importlib._bootstrap_external>", line 883, in exec_module
  File "<frozen importlib._bootstrap>", line 241, in _call_with_frames_removed
  File "/home/kishi/IsaacLab_v0.3.1/source/extensions/omni.isaac.orbit_tasks/omni/isaac/orbit_tasks/__init__.py", line 25, in <module>
  File "<frozen importlib._bootstrap>", line 1027, in _find_and_load
  File "<frozen importlib._bootstrap>", line 1006, in _find_and_load_unlocked
  File "<frozen importlib._bootstrap>", line 688, in _load_unlocked
  File "<frozen importlib._bootstrap_external>", line 883, in exec_module
  File "<frozen importlib._bootstrap>", line 241, in _call_with_frames_removed
  File "/home/kishi/IsaacLab_v0.3.1/source/extensions/omni.isaac.orbit_tasks/omni/isaac/orbit_tasks/utils/__init__.py", line 9, in <module>
  File "<frozen importlib._bootstrap>", line 1027, in _find_and_load
  File "<frozen importlib._bootstrap>", line 1006, in _find_and_load_unlocked
  File "<frozen importlib._bootstrap>", line 688, in _load_unlocked
  File "<frozen importlib._bootstrap_external>", line 883, in exec_module
  File "<frozen importlib._bootstrap>", line 241, in _call_with_frames_removed
  File "/home/kishi/IsaacLab_v0.3.1/source/extensions/omni.isaac.orbit_tasks/omni/isaac/orbit_tasks/utils/parse_cfg.py", line 16, in <module>
  File "<frozen importlib._bootstrap>", line 1027, in _find_and_load
  File "<frozen importlib._bootstrap>", line 1006, in _find_and_load_unlocked
  File "<frozen importlib._bootstrap>", line 688, in _load_unlocked
  File "<frozen importlib._bootstrap_external>", line 883, in exec_module
  File "<frozen importlib._bootstrap>", line 241, in _call_with_frames_removed
  File "/home/kishi/IsaacLab_v0.3.1/source/extensions/omni.isaac.orbit/omni/isaac/orbit/envs/__init__.py", line 24, in <module>
  File "<frozen importlib._bootstrap>", line 1078, in _handle_fromlist
  File "<frozen importlib._bootstrap>", line 241, in _call_with_frames_removed
  File "<frozen importlib._bootstrap>", line 1027, in _find_and_load
  File "<frozen importlib._bootstrap>", line 1006, in _find_and_load_unlocked
  File "<frozen importlib._bootstrap>", line 688, in _load_unlocked
  File "<frozen importlib._bootstrap_external>", line 883, in exec_module
  File "<frozen importlib._bootstrap>", line 241, in _call_with_frames_removed
  File "/home/kishi/IsaacLab_v0.3.1/source/extensions/omni.isaac.orbit/omni/isaac/orbit/envs/mdp/__init__.py", line 18, in <module>
  File "<frozen importlib._bootstrap>", line 1027, in _find_and_load
  File "<frozen importlib._bootstrap>", line 1006, in _find_and_load_unlocked
  File "<frozen importlib._bootstrap>", line 688, in _load_unlocked
  File "<frozen importlib._bootstrap_external>", line 883, in exec_module
  File "<frozen importlib._bootstrap>", line 241, in _call_with_frames_removed
  File "/home/kishi/IsaacLab_v0.3.1/source/extensions/omni.isaac.orbit/omni/isaac/orbit/envs/mdp/actions/__init__.py", line 8, in <module>
  File "<frozen importlib._bootstrap>", line 1027, in _find_and_load
  File "<frozen importlib._bootstrap>", line 1006, in _find_and_load_unlocked
  File "<frozen importlib._bootstrap>", line 688, in _load_unlocked
  File "<frozen importlib._bootstrap_external>", line 883, in exec_module
  File "<frozen importlib._bootstrap>", line 241, in _call_with_frames_removed
  File "/home/kishi/IsaacLab_v0.3.1/source/extensions/omni.isaac.orbit/omni/isaac/orbit/envs/mdp/actions/actions_cfg.py", line 9, in <module>
  File "<frozen importlib._bootstrap>", line 1027, in _find_and_load
  File "<frozen importlib._bootstrap>", line 992, in _find_and_load_unlocked
  File "<frozen importlib._bootstrap>", line 241, in _call_with_frames_removed
  File "<frozen importlib._bootstrap>", line 1027, in _find_and_load
  File "<frozen importlib._bootstrap>", line 1006, in _find_and_load_unlocked
  File "<frozen importlib._bootstrap>", line 688, in _load_unlocked
  File "<frozen importlib._bootstrap_external>", line 883, in exec_module
  File "<frozen importlib._bootstrap>", line 241, in _call_with_frames_removed
  File "/home/kishi/IsaacLab_v0.3.1/source/extensions/omni.isaac.orbit/omni/isaac/orbit/managers/__init__.py", line 13, in <module>
  File "<frozen importlib._bootstrap>", line 1027, in _find_and_load
  File "<frozen importlib._bootstrap>", line 1006, in _find_and_load_unlocked
  File "<frozen importlib._bootstrap>", line 688, in _load_unlocked
  File "<frozen importlib._bootstrap_external>", line 883, in exec_module
  File "<frozen importlib._bootstrap>", line 241, in _call_with_frames_removed
  File "/home/kishi/IsaacLab_v0.3.1/source/extensions/omni.isaac.orbit/omni/isaac/orbit/managers/action_manager.py", line 16, in <module>
  File "<frozen importlib._bootstrap>", line 1027, in _find_and_load
  File "<frozen importlib._bootstrap>", line 1006, in _find_and_load_unlocked
  File "<frozen importlib._bootstrap>", line 688, in _load_unlocked
  File "<frozen importlib._bootstrap_external>", line 883, in exec_module
  File "<frozen importlib._bootstrap>", line 241, in _call_with_frames_removed
  File "/home/kishi/IsaacLab_v0.3.1/source/extensions/omni.isaac.orbit/omni/isaac/orbit/assets/__init__.py", line 41, in <module>
  File "<frozen importlib._bootstrap>", line 1027, in _find_and_load
  File "<frozen importlib._bootstrap>", line 1006, in _find_and_load_unlocked
  File "<frozen importlib._bootstrap>", line 688, in _load_unlocked
  File "<frozen importlib._bootstrap_external>", line 883, in exec_module
  File "<frozen importlib._bootstrap>", line 241, in _call_with_frames_removed
  File "/home/kishi/IsaacLab_v0.3.1/source/extensions/omni.isaac.orbit/omni/isaac/orbit/assets/articulation/__init__.py", line 8, in <module>
  File "<frozen importlib._bootstrap>", line 1027, in _find_and_load
  File "<frozen importlib._bootstrap>", line 1006, in _find_and_load_unlocked
  File "<frozen importlib._bootstrap>", line 688, in _load_unlocked
  File "<frozen importlib._bootstrap_external>", line 883, in exec_module
  File "<frozen importlib._bootstrap>", line 241, in _call_with_frames_removed
  File "/home/kishi/IsaacLab_v0.3.1/source/extensions/omni.isaac.orbit/omni/isaac/orbit/assets/articulation/articulation.py", line 22, in <module>
  File "<frozen importlib._bootstrap>", line 1027, in _find_and_load
  File "<frozen importlib._bootstrap>", line 1006, in _find_and_load_unlocked
  File "<frozen importlib._bootstrap>", line 688, in _load_unlocked
  File "<frozen importlib._bootstrap_external>", line 883, in exec_module
  File "<frozen importlib._bootstrap>", line 241, in _call_with_frames_removed
  File "/home/kishi/IsaacLab_v0.3.1/source/extensions/omni.isaac.orbit/omni/isaac/orbit/sim/__init__.py", line 29, in <module>
  File "<frozen importlib._bootstrap>", line 1027, in _find_and_load
  File "<frozen importlib._bootstrap>", line 1006, in _find_and_load_unlocked
  File "<frozen importlib._bootstrap>", line 688, in _load_unlocked
  File "<frozen importlib._bootstrap_external>", line 883, in exec_module
  File "<frozen importlib._bootstrap>", line 241, in _call_with_frames_removed
  File "/home/kishi/IsaacLab_v0.3.1/source/extensions/omni.isaac.orbit/omni/isaac/orbit/sim/converters/__init__.py", line 19, in <module>
  File "<frozen importlib._bootstrap>", line 1027, in _find_and_load
  File "<frozen importlib._bootstrap>", line 1006, in _find_and_load_unlocked
  File "<frozen importlib._bootstrap>", line 688, in _load_unlocked
  File "<frozen importlib._bootstrap_external>", line 883, in exec_module
  File "<frozen importlib._bootstrap>", line 241, in _call_with_frames_removed
  File "/home/kishi/IsaacLab_v0.3.1/source/extensions/omni.isaac.orbit/omni/isaac/orbit/sim/converters/asset_converter_base.py", line 15, in <module>
  File "<frozen importlib._bootstrap>", line 1027, in _find_and_load
  File "<frozen importlib._bootstrap>", line 1006, in _find_and_load_unlocked
  File "<frozen importlib._bootstrap>", line 688, in _load_unlocked
  File "<frozen importlib._bootstrap_external>", line 883, in exec_module
  File "<frozen importlib._bootstrap>", line 241, in _call_with_frames_removed
  File "/home/kishi/IsaacLab_v0.3.1/source/extensions/omni.isaac.orbit/omni/isaac/orbit/utils/assets.py", line 27, in <module>
  File "/home/kishi/.local/share/ov/pkg/isaac-sim-2023.1.1/exts/omni.isaac.core/omni/isaac/core/utils/nucleus.py", line 572, in get_assets_root_path
  File "/home/kishi/.local/share/ov/pkg/isaac-sim-2023.1.1/exts/omni.isaac.core/omni/isaac/core/utils/nucleus.py", line 192, in check_server
  File "/home/kishi/.local/share/ov/pkg/isaac-sim-2023.1.1/kit/extscore/omni.client/omni/client/__init__.py", line 158, in stat

2026-02-16 21:28:23 [74,912ms] [Warning] [omni.isaac.core.utils.nucleus] Could not find assets root folder
2026-02-16 21:28:23 [74,912ms] [Warning] [omni.isaac.orbit.utils.assets] Nucleus server not available - using offline mode
================================================================================
SIMULATION LOG - 2026-02-16 15:28:23
Log file: /home/kishi/ResQoUnity/logs/simulation/drone_sim_20260216_152823.log
================================================================================

[INFO] CPU physics mode enabled - GPU PhysX disabled
[INFO] Creating environment: Isaac-Velocity-Rough-Unitree-Go2-v0
[INFO] Robot: go2, Amount: 1, Terrain: flat
[75.533s] [ext: omni.physx.fabric-105.1.12-5.1] startup
[INFO]: Base environment:
	Environment device    : cpu
	Physics step-size     : 0.005
	Rendering step-size   : 0.005
	Environment step-size : 0.02
	Physics GPU pipeline  : True
	Physics GPU simulation: True
[INFO]: Time taken for scene creation : 0.002361 seconds
Traceback (most recent call last):
  File "/home/kishi/ResQoUnity/main.py", line 29, in <module>
    run_sim()
  File "/home/kishi/ResQoUnity/omniverse_sim.py", line 720, in run_sim
    env = gym.make(args_cli.task, cfg=env_cfg)
  File "/home/kishi/.local/share/ov/pkg/isaac-sim-2023.1.1/kit/python/lib/python3.10/site-packages/gymnasium/envs/registration.py", line 802, in make
    env = env_creator(**env_spec_kwargs)
  File "/home/kishi/IsaacLab_v0.3.1/source/extensions/omni.isaac.orbit/omni/isaac/orbit/envs/rl_task_env.py", line 86, in __init__
    super().__init__(cfg=cfg)
  File "/home/kishi/IsaacLab_v0.3.1/source/extensions/omni.isaac.orbit/omni/isaac/orbit/envs/base_env.py", line 119, in __init__
    self.scene = InteractiveScene(self.cfg.scene)
  File "/home/kishi/IsaacLab_v0.3.1/source/extensions/omni.isaac.orbit/omni/isaac/orbit/scene/interactive_scene.py", line 101, in __init__
    self._add_entities_from_cfg()
  File "/home/kishi/IsaacLab_v0.3.1/source/extensions/omni.isaac.orbit/omni/isaac/orbit/scene/interactive_scene.py", line 340, in _add_entities_from_cfg
    self._articulations[asset_name] = asset_cfg.class_type(asset_cfg)
  File "/home/kishi/IsaacLab_v0.3.1/source/extensions/omni.isaac.orbit/omni/isaac/orbit/assets/articulation/articulation.py", line 96, in __init__
    super().__init__(cfg)
  File "/home/kishi/IsaacLab_v0.3.1/source/extensions/omni.isaac.orbit/omni/isaac/orbit/assets/rigid_object/rigid_object.py", line 58, in __init__
    super().__init__(cfg)
  File "/home/kishi/IsaacLab_v0.3.1/source/extensions/omni.isaac.orbit/omni/isaac/orbit/assets/asset_base.py", line 75, in __init__
    self.cfg.spawn.func(
  File "/home/kishi/IsaacLab_v0.3.1/source/extensions/omni.isaac.orbit/omni/isaac/orbit/sim/utils.py", line 245, in wrapper
    prim = func(prim_paths[0], cfg, *args, **kwargs)
  File "/home/kishi/IsaacLab_v0.3.1/source/extensions/omni.isaac.orbit/omni/isaac/orbit/sim/spawners/from_files/from_files.py", line 60, in spawn_from_usd
    return _spawn_from_usd_file(prim_path, cfg.usd_path, cfg, translation, orientation)
  File "/home/kishi/IsaacLab_v0.3.1/source/extensions/omni.isaac.orbit/omni/isaac/orbit/sim/spawners/from_files/from_files.py", line 222, in _spawn_from_usd_file
    raise FileNotFoundError(f"USD file not found at path: '{usd_path}'.")
FileNotFoundError: USD file not found at path: 'None/Isaac/Samples/Orbit/Robots/Unitree/Go2/go2.usd'.
2026-02-16 21:28:23 [75,551ms] [Warning] [carb] [Plugin: omni.spectree.delegate.plugin] Module /home/kishi/.local/share/ov/pkg/isaac-sim-2023.1.1/kit/exts/omni.usd_resolver/bin/libomni.spectree.delegate.plugin.so remained loaded after unload request
2026-02-16 21:28:23 [75,554ms] [Warning] [omni.graph.core.plugin] Node type name '' is missing the unique namespace
2026-02-16 21:28:23 [75,554ms] [Warning] [omni.stageupdate.plugin] Deprecated: direct use of IStageUpdate callbacks is deprecated. Use IStageUpdate::getStageUpdate instead.
2026-02-16 21:28:23 [75,555ms] [Warning] [omni.graph.core.plugin] Could not find category 'Replicator:Annotators' for removal
2026-02-16 21:28:23 [75,555ms] [Warning] [omni.graph.core.plugin] Could not find category 'Replicator:Annotators' for removal
2026-02-16 21:28:23 [75,555ms] [Warning] [omni.graph.core.plugin] Could not find category 'Replicator:Annotators' for removal
2026-02-16 21:28:23 [75,555ms] [Warning] [omni.graph.core.plugin] Could not find category 'Replicator:Annotators' for removal
2026-02-16 21:28:23 [75,555ms] [Warning] [omni.graph.core.plugin] Could not find category 'Replicator:Annotators' for removal
2026-02-16 21:28:23 [75,555ms] [Warning] [omni.graph.core.plugin] Could not find category 'Replicator:Annotators' for removal
2026-02-16 21:28:23 [75,555ms] [Warning] [omni.graph.core.plugin] Could not find category 'Replicator:Annotators' for removal
2026-02-16 21:28:23 [75,555ms] [Warning] [omni.graph.core.plugin] Could not find category 'Replicator:Annotators' for removal
2026-02-16 21:28:23 [75,555ms] [Warning] [omni.graph.core.plugin] Could not find category 'Replicator:Annotators' for removal
2026-02-16 21:28:23 [75,555ms] [Warning] [omni.graph.core.plugin] Could not find category 'Replicator:Annotators' for removal
2026-02-16 21:28:23 [75,555ms] [Warning] [omni.graph.core.plugin] Could not find category 'Replicator:Annotators' for removal
2026-02-16 21:28:23 [75,555ms] [Warning] [omni.graph.core.plugin] Could not find category 'Replicator:Core' for removal
2026-02-16 21:28:23 [75,558ms] [Warning] [carb.audio.context] 1 contexts were leaked
2026-02-16 21:28:24 [75,589ms] [Warning] [carb] Recursive unloadAllPlugins() detected!
2026-02-16 21:28:24 [75,596ms] [Warning] [omni.core.ITypeFactory] Module /home/kishi/.local/share/ov/pkg/isaac-sim-2023.1.1/kit/exts/omni.activity.core/bin/libomni.activity.core.plugin.so remained loaded after unload request.
