========================================
ResQoUnity Simulation Log
========================================
Timestamp:    Tue Feb 10 04:52:45 PM CST 2026
Robot Type:   go2
Robot Amount: 2
Terrain:      flat
Environment:  warehouse
CPU Mode:     ENABLED (hardcoded for testing)
========================================

[INFO][AppLauncher]: Loading experience file: /home/kishi/IsaacLab-0.3.1/source/apps/orbit.python.kit
[Warning] [omni.isaac.kit.simulation_app] Modules: ['omniverse_sim'] were loaded before SimulationApp was started and might not be loaded correctly.
[Warning] [omni.isaac.kit.simulation_app] Please check to make sure no extra omniverse or pxr modules are imported before the call to SimulationApp(...)
Starting kit application with the following args:  ['/home/kishi/.local/share/ov/pkg/isaac-sim-2023.1.1/exts/omni.isaac.kit/omni/isaac/kit/simulation_app.py', '/home/kishi/IsaacLab-0.3.1/source/apps/orbit.python.kit', '--/app/tokens/exe-path=/home/kishi/.local/share/ov/pkg/isaac-sim-2023.1.1/kit', '--/persistent/app/viewport/displayOptions=3094', '--/rtx/materialDb/syncLoads=True', '--/rtx/hydra/materialSyncLoads=True', '--/omni.kit.plugin/syncUsdLoads=True', '--/app/renderer/resolution/width=1280', '--/app/renderer/resolution/height=720', '--/app/window/width=1440', '--/app/window/height=900', '--/renderer/multiGpu/enabled=True', '--/app/fastShutdown=True', '--ext-folder', '/home/kishi/.local/share/ov/pkg/isaac-sim-2023.1.1/exts', '--ext-folder', '/home/kishi/.local/share/ov/pkg/isaac-sim-2023.1.1/apps', '--/physics/cudaDevice=0', '--portable']
Passing the following args to the base kit application:  ['--robot', 'go2', '--robot_amount', '2', '--terrain', 'flat', '--custom_env', 'warehouse', '--cpu']
Loading user config located at: '/home/kishi/.local/share/ov/pkg/isaac-sim-2023.1.1/kit/data/Kit/Isaac-Sim/2023.1/user.config.json'
[Info] [carb] Logging to file: /home/kishi/.local/share/ov/pkg/isaac-sim-2023.1.1/kit/logs/Kit/Isaac-Sim/2023.1/kit_20260210_165246.log
2026-02-10 22:52:46 [0ms] [Warning] [omni.kit.app.plugin] No crash reporter present, dumps uploading isn't available.
2026-02-10 22:52:46 [2ms] [Warning] [omni.ext.plugin] [ext: omni.replicator.core] Extensions config 'extension.toml' doesn't exist '/home/kishi/.local/share/ov/pkg/isaac-sim-2023.1.1/exts/omni.replicator.core' or '/home/kishi/.local/share/ov/pkg/isaac-sim-2023.1.1/exts/omni.replicator.core/config'
[0.043s] [ext: omni.kit.async_engine-0.0.0] startup
[0.178s] [ext: omni.activity.core-1.0.1] startup
[0.180s] [ext: omni.assets.plugins-0.0.0] startup
[0.181s] [ext: omni.stats-0.0.0] startup
[0.182s] [ext: omni.client-1.0.1] startup
[0.186s] [ext: omni.activity.profiler-1.0.2] startup
[0.187s] [ext: omni.gpu_foundation-0.0.0] startup
[0.194s] [ext: omni.rtx.shadercache.vulkan-1.0.0] startup
[0.195s] [ext: carb.windowing.plugins-1.0.0] startup
[0.203s] [ext: omni.kit.renderer.init-0.0.0] startup
2026-02-10 22:52:46 [317ms] [Warning] [gpu.foundation.plugin] Skipping unsupported non-NVIDIA GPU: Intel(R) UHD Graphics 770 (ADL-S GT1)
2026-02-10 22:52:46 [318ms] [Warning] [gpu.foundation.plugin] Skipping unsupported non-NVIDIA GPU: Intel(R) UHD Graphics 770 (ADL-S GT1)

|---------------------------------------------------------------------------------------------|
| Driver Version: 550.163.01    | Graphics API: Vulkan
|=============================================================================================|
| GPU | Name                             | Active | LDA | GPU Memory | Vendor-ID | LUID       |
|     |                                  |        |     |            | Device-ID | UUID       |
|     |                                  |        |     |            | Bus-ID    |            |
|---------------------------------------------------------------------------------------------|
| 0   | NVIDIA GeForce RTX 3080          | Yes: 0 |     | 10486   MB | 10de      | 0          |
|     |                                  |        |     |            | 2216      | 677e3bbe.. |
|     |                                  |        |     |            | 1         |            |
|---------------------------------------------------------------------------------------------|
| 1   | Intel(R) UHD Graphics 770 (ADL.. |        |     | 48010   MB | 8086      | 0          |
|     |                                  |        |     |            | 4680      | 86808046.. |
|     |                                  |        |     |            | 0         |            |
|=============================================================================================|
| OS: 22.04.5 LTS (Jammy Jellyfish) ubuntu, Version: 22.04.5, Kernel: 6.8.0-90-generic
| XServer Vendor: The X.Org Foundation, XServer Version: 12101004 (1.21.1.4)
| Processor: 12th Gen Intel(R) Core(TM) i9-12900K | Cores: 16 | Logical: 32
|---------------------------------------------------------------------------------------------|
| Total Memory (MB): 64013 | Free Memory: 53175
| Total Page/Swap (MB): 2047 | Free Page/Swap: 1053
|---------------------------------------------------------------------------------------------|
2026-02-10 22:52:46 [511ms] [Warning] [gpu.foundation.plugin] IOMMU is enabled. Found 12 items in /sys/kernel/iommu_groups/.
2026-02-10 22:52:46 [511ms] [Warning] [gpu.foundation.plugin] An input-output memory management unit (IOMMU) appears to be enabled on this system.
On bare-metal Linux systems, CUDA and the display driver do not support IOMMU-enabled PCIe peer to peer memory copy.
If you are on a bare-metal Linux system, please disable the IOMMU. Otherwise you risk image corruption and program instability.
This typically can be controlled via BIOS settings (Intel Virtualization Technology for Directed I/O (VT-d) or AMD I/O Virtualization Technology (AMD-Vi)) and kernel parameters (iommu, intel_iommu, amd_iommu).
Note that in virtual machines with GPU pass-through (vGPU) the IOMMU needs to be enabled.
Since we can not reliably detect whether this system is bare-metal or a virtual machine, we show this warning in any case when an IOMMU appears to be enabled.
2026-02-10 22:52:46 [511ms] [Warning] [gpu.foundation.plugin]  
2026-02-10 22:52:46 [511ms] [Warning] [gpu.foundation.plugin] -----------------------------------------------------------------------
2026-02-10 22:52:46 [511ms] [Warning] [gpu.foundation.plugin] !!!!! Local system validation failed! Incorrect configuration detected.
2026-02-10 22:52:46 [511ms] [Warning] [gpu.foundation.plugin]       Summary below. Details above.
2026-02-10 22:52:46 [511ms] [Warning] [gpu.foundation.plugin] -----------------------------------------------------------------------
2026-02-10 22:52:46 [511ms] [Warning] [gpu.foundation.plugin]  
2026-02-10 22:52:46 [511ms] [Warning] [gpu.foundation.plugin]  - ECC:                         OK
2026-02-10 22:52:46 [511ms] [Warning] [gpu.foundation.plugin]  - IOMMU:                       FAILED
2026-02-10 22:52:46 [511ms] [Warning] [gpu.foundation.plugin]  
2026-02-10 22:52:46 [511ms] [Warning] [gpu.foundation.plugin] -----------------------------------------------------------------------
[0.642s] [ext: omni.kit.pipapi-0.0.0] startup
[0.643s] [ext: omni.kit.pip_archive-0.0.0] startup
[0.643s] [ext: omni.pip.compute-1.2.0] startup
[0.644s] [ext: omni.pip.torch-2_0_1-2.0.2] startup
[0.669s] [ext: omni.pip.cloud-1.0.1] startup
[0.672s] [ext: omni.isaac.core_archive-2.2.1] startup
[0.672s] [ext: omni.isaac.ml_archive-1.1.3] startup
[0.672s] [ext: omni.kit.loop-isaac-1.1.0] startup
[0.673s] [ext: omni.kit.test-0.0.0] startup
[0.673s] [ext: omni.kit.telemetry-0.5.0] startup
[0.689s] [ext: omni.mtlx-0.1.0] startup
[0.689s] [ext: omni.usd.config-1.0.3] startup
[0.692s] [ext: omni.gpucompute.plugins-0.0.0] startup
[0.692s] [ext: omni.usd.libs-1.0.0] startup
[0.751s] [ext: omni.appwindow-1.1.5] startup
[1.075s] [ext: omni.kit.renderer.core-0.0.0] startup
[1.634s] [ext: omni.kit.renderer.capture-0.0.0] startup
[1.635s] [ext: omni.kit.renderer.imgui-0.0.0] startup
[1.681s] [ext: carb.audio-0.1.0] startup
[1.682s] [ext: omni.ui-2.18.5] startup
[1.690s] [ext: omni.uiaudio-1.0.0] startup
[1.691s] [ext: omni.kit.mainwindow-1.0.1] startup
[1.692s] [ext: omni.kit.uiapp-0.0.0] startup
[1.692s] [ext: omni.usd.schema.physics-0.0.0] startup
[1.769s] [ext: omni.usd.schema.omniscripting-1.0.0] startup
[1.774s] [ext: omni.usd.schema.scene.visualization-2.0.2] startup
[1.774s] [ext: omni.usd.schema.anim-0.0.0] startup
[1.789s] [ext: omni.usd.schema.geospatial-0.0.0] startup
[1.791s] [ext: omni.usd.schema.forcefield-0.0.0] startup
[1.795s] [ext: omni.usd.schema.physx-0.0.0] startup
[1.812s] [ext: omni.usd.schema.semantics-0.0.0] startup
[1.814s] [ext: omni.usd.schema.audio-0.0.0] startup
[1.816s] [ext: omni.usd.schema.isaac-2.0.1] startup
[1.821s] [ext: omni.usd.schema.omnigraph-1.0.0] startup
[1.825s] [ext: omni.usd_resolver-1.0.1] startup
[1.828s] [ext: omni.resourcemonitor-105.0.0] startup
[1.830s] [ext: omni.usd.core-1.1.8] startup
[1.835s] [ext: omni.graph.exec-0.3.0] startup
[1.836s] [ext: omni.timeline-1.0.9] startup
[1.837s] [ext: omni.kit.actions.core-1.0.0] startup
[1.838s] [ext: omni.kit.window.popup_dialog-2.0.23] startup
[1.841s] [ext: omni.hydra.usdrt_delegate-7.2.34] startup
[1.851s] [ext: omni.hydra.scene_delegate-0.3.2] startup
[1.857s] [ext: omni.kit.commands-1.4.6] startup
[1.859s] [ext: omni.kit.widget.nucleus_connector-1.1.4] startup
[1.861s] [ext: omni.kit.exec.core-0.5.0] startup
[1.862s] [ext: omni.kit.audiodeviceenum-1.0.1] startup
[1.863s] [ext: omni.kit.collaboration.telemetry-1.0.0] startup
[1.863s] [ext: omni.usd-1.10.18] startup
[1.899s] [ext: omni.kit.collaboration.channel_manager-1.0.11] startup
[1.900s] [ext: omni.kit.usd.layers-2.1.27] startup
[1.906s] [ext: omni.kit.menu.utils-1.5.6] startup
[1.911s] [ext: omni.iray.libs-0.0.0] startup
[1.915s] [ext: omni.kit.primitive.mesh-1.0.15] startup
[1.917s] [ext: omni.mdl.neuraylib-0.2.0] startup
[1.918s] [ext: omni.kit.stage_templates-1.1.20] startup
[1.919s] [ext: omni.mdl-0.2.1] startup
[1.930s] [ext: omni.kit.viewport.registry-104.0.5] startup
[1.930s] [ext: omni.kit.widget.nucleus_info-1.0.2] startup
[1.931s] [ext: omni.kit.helper.file_utils-0.1.6] startup
[1.949s] [ext: omni.kit.search_core-1.0.5] startup
[1.950s] [ext: omni.kit.widget.filebrowser-2.3.35] startup
[1.952s] [ext: omni.kit.widget.path_field-2.0.8] startup
[1.953s] [ext: omni.kit.notification_manager-1.0.6] startup
[1.954s] [ext: omni.kit.widget.browser_bar-2.0.9] startup
[1.954s] [ext: omni.ui.scene-1.7.0] startup
[1.957s] [ext: omni.inspect-1.0.1] startup
[1.959s] [ext: omni.kit.widget.search_delegate-1.0.4] startup
[1.959s] [ext: omni.kit.widget.versioning-1.4.6] startup
[1.960s] [ext: omni.hydra.engine.stats-1.0.1] startup
[1.963s] [ext: omni.graph.tools-1.41.3] startup
[1.974s] [ext: omni.graph.core-2.139.12] startup
[1.976s] [ext: omni.kit.clipboard-1.0.3] startup
[1.977s] [ext: omni.volume-0.4.0] startup
[1.978s] [ext: omni.kit.window.filepicker-2.10.13] startup
[1.984s] [ext: omni.hydra.rtx-0.1.0] startup
[1.992s] [ext: omni.hydra.pxr-1.1.6] startup
[1.996s] [ext: omni.kit.window.file_importer-1.0.22] startup
[1.997s] [ext: omni.kit.hydra_texture-1.1.12] startup
[2.001s] [ext: omni.kit.viewport.legacy_gizmos-1.0.14] startup
[2.004s] [ext: omni.kit.window.file_exporter-1.0.22] startup
[2.004s] [ext: omni.kit.window.drop_support-1.0.1] startup
[2.004s] [ext: omni.kit.widget.viewport-105.1.7] startup
[2.008s] [ext: omni.kit.material.library-1.3.41] startup
[2.010s] [ext: omni.kit.window.file-1.3.44] startup
[2.011s] [ext: omni.kit.viewport.window-105.1.12] startup
[2.021s] [ext: omni.command.usd-1.0.2] startup
[2.022s] [ext: omni.kit.viewport.utility-1.0.16] startup
[2.022s] [ext: omni.kit.selection-0.1.3] startup
[2.023s] [ext: usdrt.scenegraph-7.2.34] startup
[2.051s] [ext: omni.kit.usd_undo-0.1.2] startup
[2.051s] [ext: omni.kit.menu.edit-1.1.14] startup
[2.052s] [ext: omni.graph-1.106.1] startup
[2.133s] [ext: omni.kit.menu.file-1.1.7] startup
[2.135s] [ext: omni.isaac.kit-1.4.7] startup
[2.136s] [ext: omni.graph.action-1.55.1] startup
[2.177s] [ext: omni.kvdb-0.0.0] startup
[2.178s] [ext: omni.kit.collaboration.presence_layer-1.0.8] startup
[2.180s] [ext: omni.localcache-0.0.0] startup
[2.181s] [ext: omni.kit.widget.options_menu-1.0.5] startup
[2.183s] [ext: omni.physx.foundation-105.1.12-5.1] startup
[2.183s] [ext: omni.kit.menu.create-1.0.11] startup
[2.185s] [ext: omni.usdphysics-105.1.12-5.1] startup
[2.187s] [ext: omni.convexdecomposition-105.1.12-5.1] startup
[2.191s] [ext: omni.kit.widget.filter-1.1.2] startup
[2.192s] [ext: omni.kit.hotkeys.core-1.3.0] startup
[2.195s] [ext: omni.kit.context_menu-1.6.8] startup
[2.197s] [ext: omni.physx.cooking-105.1.12-5.1] startup
[2.203s] [ext: omni.kit.window.content_browser_registry-0.0.1] startup
[2.204s] [ext: omni.kit.widget.stage-2.9.6] startup
[2.210s] [ext: omni.kit.widget.stage_icons-1.0.4] startup
[2.211s] [ext: omni.physics.tensors-0.1.0] startup
[2.216s] [ext: omni.physx-105.1.12-5.1] startup
2026-02-10 22:52:48 [2,202ms] [Warning] [omni.stageupdate.plugin] Deprecated: direct use of IStageUpdate callbacks is deprecated. Use IStageUpdate::getStageUpdate instead.
[2.226s] [ext: omni.kit.window.content_browser-2.7.17] startup
[2.235s] [ext: omni.kit.numpy.common-0.1.2] startup
[2.236s] [ext: omni.kit.window.stage-2.4.4] startup
[2.239s] [ext: omni.warp.core-1.0.0-beta.2] startup
Warp 1.0.0-beta.2 initialized:
   CUDA Toolkit: 11.5, Driver: 12.4
   Devices:
     "cpu"    | x86_64
     "cuda:0" | NVIDIA GeForce RTX 3080 (sm_86)
   Kernel cache: /home/kishi/.cache/warp/1.0.0-beta.2
[2.324s] [ext: omni.physx.tensors-0.1.0] startup
[2.328s] [ext: omni.isaac.version-1.0.3] startup
[2.329s] [ext: omni.isaac.dynamic_control-1.2.6] startup
[2.336s] [ext: omni.kit.menu.stage-1.2.3] startup
[2.338s] [ext: omni.isaac.core-3.3.2] startup
[3.041s] [ext: omni.kit.widget.highlight_label-1.0.1] startup
[3.042s] [ext: omni.kit.widget.searchable_combobox-1.0.5] startup
[3.043s] [ext: omni.kit.widget.searchfield-1.1.3] startup
[3.044s] [ext: omni.kit.widget.graph-1.8.4] startup
[3.047s] [ext: omni.ui_query-1.1.1] startup
[3.048s] [ext: omni.kit.manipulator.viewport-104.0.9] startup
[3.049s] [ext: omni.kit.widget.settings-1.0.6] startup
[3.050s] [ext: omni.kit.window.property-1.9.6] startup
[3.053s] [ext: omni.kit.window.extensions-1.3.0] startup
[3.056s] [ext: omni.kit.ui_test-1.2.13] startup
[3.057s] [ext: omni.graph.visualization.nodes-2.1.1] startup
[3.066s] [ext: omni.kit.profiler.window-2.1.2] startup
/home/kishi/.local/share/ov/pkg/isaac-sim-2023.1.1/exts/omni.isaac.core_archive/pip_prebundle/gunicorn/util.py:25: UserWarning: pkg_resources is deprecated as an API. See https://setuptools.pypa.io/en/latest/pkg_resources.html. The pkg_resources package is slated for removal as early as 2025-11-30. Refrain from using this package or pin to Setuptools<81.
  import pkg_resources
2026-02-10 22:52:49 [3,143ms] [Warning] [omni.kit.profiler.window] remove _SpanInstance.__lt__ and use insort 'key' arg instead
[3.168s] [ext: omni.isaac.ui-0.13.5] startup
[3.174s] [ext: omni.kit.window.preferences-1.3.23] startup
[3.177s] [ext: omni.kit.widget.prompt-1.0.6] startup
[3.178s] [ext: omni.isaac.utils-0.6.0] startup
[3.186s] [ext: omni.kit.widget.live_session_management-1.2.22] startup
[3.189s] [ext: omni.isaac.cloner-0.7.2] startup
[3.190s] [ext: omni.kit.widget.layers-1.6.32] startup
[3.197s] [ext: omni.kit.raycast.query-1.0.1] startup
[3.205s] [ext: omni.kit.widget.toolbar-1.5.6] startup
[3.210s] [ext: omni.kit.manipulator.transform-104.6.15] startup
[3.211s] [ext: omni.kit.widget.spinner-1.0.6] startup
[3.213s] [ext: omni.kit.window.cursor-1.1.2] startup
[3.213s] [ext: omni.kit.manipulator.tool.snap-1.4.2] startup
[3.218s] [ext: omni.kit.manipulator.selector-1.0.1] startup
[3.219s] [ext: omni.kit.viewport.menubar.core-105.0.19] startup
[3.228s] [ext: omni.kit.viewport.actions-105.1.6] startup
[3.232s] [ext: omni.kit.manipulator.prim-105.0.11] startup
[3.236s] [ext: omni.kit.viewport.menubar.camera-105.1.9] startup
[3.240s] [ext: omni.kit.viewport.menubar.display-105.1.0] startup
[3.241s] [ext: omni.kit.viewport.menubar.render-105.1.1] startup
[3.243s] [ext: omni.kit.viewport.menubar.settings-105.0.9] startup
[3.247s] [ext: omni.kit.manipulator.selection-104.0.8] startup
[3.248s] [ext: omni.kit.manipulator.camera-105.0.4] startup
[3.250s] [ext: omni.rtx.window.settings-0.6.9] startup
[3.254s] [ext: semantics.schema.editor-0.3.4] startup
[3.256s] [ext: omni.kit.viewport.bundle-104.0.1] startup
[3.256s] [ext: omni.hydra.pxr.settings-1.0.5] startup
[3.257s] [ext: omni.activity.pump-1.0.0] startup
[3.259s] [ext: omni.kit.property.layer-1.1.5] startup
[3.261s] [ext: omni.kit.property.usd-3.21.15] startup
[3.267s] [ext: omni.kit.viewport.menubar.lighting-105.0.7] startup
[3.270s] [ext: omni.kit.viewport.pxr-104.0.1] startup
[3.270s] [ext: omni.kit.viewport.ready-1.0.5] startup
[3.271s] [ext: omni.kit.viewport.rtx-104.0.0] startup
[3.271s] [ext: omni.kit.property.audio-1.0.9] startup
[3.274s] [ext: omni.kit.widget.live-2.1.6] startup
[3.276s] [ext: omni.debugdraw-0.1.2] startup
[3.280s] [ext: omni.kit.property.camera-1.0.5] startup
[3.282s] [ext: omni.kit.property.light-1.0.8] startup
[3.283s] [ext: omni.kit.property.geometry-1.2.11] startup
[3.286s] [ext: omni.kit.widget.cache_indicator-2.0.8] startup
[3.288s] [ext: omni.usdphysics.ui-105.1.12-5.1] startup
2026-02-10 22:52:49 [3,265ms] [Warning] [omni.kit.widget.cache_indicator.cache_state_menu] Unable to detect Omniverse Cache Server. File /home/kishi/.nvidia-omniverse/config/omniverse.toml is not found. Consider installing it for better IO performance.
[3.313s] [ext: omni.physx.commands-105.1.12-5.1] startup
[3.315s] [ext: omni.kit.property.skel-1.0.4] startup
[3.317s] [ext: omni.kit.property.render-1.1.1] startup
[3.321s] [ext: omni.kit.window.commands-0.2.4] startup
[3.322s] [ext: omni.physx.ui-105.1.12-5.1] startup
[3.345s] [ext: omni.hydra.scene_api-0.1.2] startup
[3.351s] [ext: usdrt.gf-1.0.2] startup
[3.351s] [ext: omni.kit.widget.text_editor-1.0.2] startup
[3.353s] [ext: omni.kit.property.material-1.8.36] startup
[3.356s] [ext: omni.kit.property.transform-1.3.10] startup
[3.359s] [ext: omni.physx.demos-105.1.12-5.1] startup
[3.362s] [ext: omni.kit.property.physx-0.1.0] startup
[3.405s] [ext: omni.kit.property.bundle-1.2.9] startup
[3.407s] [ext: omni.kit.actions.window-1.1.0] startup
[3.410s] [ext: omni.kit.window.console-0.2.10] startup
[3.418s] [ext: omni.kit.window.script_editor-1.7.4] startup
[3.420s] [ext: omni.physx.camera-105.1.12-5.1] startup
[3.426s] [ext: omni.kit.property.isaac-0.2.2] startup
[3.428s] [ext: omni.kit.hotkeys.window-1.4.1] startup
[3.432s] [ext: omni.isaac.debug_draw-0.6.1] startup
2026-02-10 22:52:49 [3,412ms] [Warning] [omni.stageupdate.plugin] Deprecated: direct use of IStageUpdate callbacks is deprecated. Use IStageUpdate::getStageUpdate instead.
2026-02-10 22:52:49 [3,413ms] [Warning] [omni.stageupdate.plugin] Deprecated: direct use of IStageUpdate callbacks is deprecated. Use IStageUpdate::getStageUpdate instead.
[3.439s] [ext: omni.physx.graph-105.1.12-5.1] startup
[3.448s] [ext: omni.kit.window.toolbar-1.5.4] startup
[3.450s] [ext: omni.kit.widget.zoombar-1.0.5] startup
[3.451s] [ext: omni.physx.cct-105.1.12-5.1] startup
[3.462s] [ext: omni.physx.vehicle-105.1.12-5.1] startup
[3.472s] [ext: omni.physx.supportui-105.1.12-5.1] startup
[3.484s] [ext: omni.kit.browser.core-2.3.10] startup
[3.487s] [ext: omni.kit.window.status_bar-0.1.6] startup
[3.492s] [ext: omni.kit.window.title-1.1.3] startup
[3.493s] [ext: omni.physx.bundle-105.1.12-5.1] startup
[3.493s] [ext: omni.kit.browser.folder.core-1.9.7] startup
[3.496s] [ext: omni.kit.graph.delegate.default-1.1.1] startup
[3.497s] [ext: omni.graph.image.core-0.1.0] startup
[3.498s] [ext: omni.graph.nodes-1.106.3] startup
[3.629s] [ext: omni.kit.browser.sample-1.4.6] startup
[3.631s] [ext: omni.kit.widget.material_preview-1.0.8] startup
[3.633s] [ext: omni.kit.graph.usd.commands-1.3.0] startup
[3.634s] [ext: omni.kit.graph.editor.core-1.5.1] startup
[3.636s] [ext: omni.kit.renderer.cuda_interop-1.0.1] startup
[3.637s] [ext: omni.syntheticdata-0.4.10] startup
[3.659s] [ext: omni.warp-1.0.0-beta.2] startup
[3.707s] [ext: omni.kit.window.material_graph-1.8.11] startup
[3.719s] [ext: omni.graph.scriptnode-1.1.6] startup
[3.724s] [ext: omni.kit.stage_column.payload-1.0.12] startup
[3.726s] [ext: omni.kit.livestream.core-2.3.0] startup
[3.727s] [ext: omni.kit.streamsdk.plugins-2.5.2] startup
[3.727s] [ext: omni.replicator.core-1.10.20] startup
2026-02-10 22:52:49 [3,721ms] [Warning] [omni.replicator.core.scripts.annotators] Annotator PostProcessDispatch is already registered, overwriting annotator template
[3.883s] [ext: semantics.schema.property-1.0.2] startup
[3.884s] [ext: omni.rtx.settings.core-0.5.13] startup
[3.888s] [ext: omni.kit.stage_column.variant-1.0.13] startup
[3.890s] [ext: omni.kit.menu.common-1.1.4] startup
[3.892s] [ext: omni.kit.livestream.native-2.4.0] startup

Active user not found. Using default user [kiosk]Streaming server started.
[9.233s] [ext: omni.kit.window.stats-0.1.4] startup
[9.234s] [ext: orbit.python-2023.1.1] startup
[9.235s] Simulation App Starting
2026-02-10 22:52:55 [9,233ms] [Warning] [omni.kit.widget.settings.settings_model] a value for setting /rtx/ecoMode/enabled has been requested but is not available
2026-02-10 22:52:55 [9,233ms] [Warning] [omni.kit.widget.settings.settings_model] a value for setting /rtx/directLighting/enabled has been requested but is not available
2026-02-10 22:52:55 [9,233ms] [Warning] [omni.kit.widget.settings.settings_model] a value for setting /rtx/reflections/enabled has been requested but is not available
2026-02-10 22:52:55 [9,233ms] [Warning] [omni.kit.widget.settings.settings_model] a value for setting /rtx/translucency/enabled has been requested but is not available
2026-02-10 22:52:55 [9,233ms] [Warning] [omni.kit.widget.settings.settings_model] a value for setting /rtx/raytracing/subsurface/enabled has been requested but is not available
2026-02-10 22:52:55 [9,233ms] [Warning] [omni.kit.widget.settings.settings_model] a value for setting /rtx/caustics/enabled has been requested but is not available
2026-02-10 22:52:56 [10,300ms] [Warning] [omni.kit.hotkeys.core.registry] [Hotkey] duplicated action as SPACE (On Press) with omni.kit.widget.toolbar.omni.kit.widget.toolbar::toolbar::play!
2026-02-10 22:52:56 [10,300ms] [Warning] [omni.kit.hotkeys.core.registry] [Hotkey] Cannot register Global [omni.kit.widget.toolbar] omni.kit.widget.toolbar::toolbar::play.SPACE, error code: Duplicated action definition
[11.034s] app ready
2026-02-10 22:52:57 [11,229ms] [Warning] [omni.kit.hotkeys.core.registry] [Hotkey] duplicated action as SPACE (On Press) with omni.kit.widget.toolbar.omni.kit.widget.toolbar::toolbar::play!
2026-02-10 22:52:57 [11,229ms] [Warning] [omni.kit.hotkeys.core.registry] [Hotkey] Cannot register Global [omni.kit.widget.toolbar] omni.kit.widget.toolbar::toolbar::play.SPACE, error code: Duplicated action definition
[11.378s] RTX ready
[11.590s] Simulation App Startup Complete
[11.644s] [ext: omni.kit.stagerecorder.core-105.0.4] startup
[11.657s] [ext: omni.sensors.nv.materials-1000.0.0-isaacsim.2023.1.1] startup
[11.658s] [ext: omni.sensors.nv.common-1000.0.0-isaacsim.2023.1.1] startup
[11.681s] [ext: omni.sensors.nv.wpm-1000.0.0-isaacsim.2023.1.1] startup
[11.681s] [ext: omni.isaac.core_nodes-1.7.1] startup
[11.704s] [ext: omni.isaac.range_sensor-2.0.2] startup
[11.832s] [ext: omni.sensors.nv.lidar-1000.0.1-isaacsim.2023.1.1] startup
[11.837s] [ext: omni.sensors.nv.radar-1000.0.0-isaacsim.2023.1.1] startup
[11.841s] [ext: omni.isaac.sensor-9.11.1] startup
[12.111s] [ext: omni.isaac.ros2_bridge-2.5.1] startup
[12.127s] Attempting to load system rclpy
[12.158s] rclpy loaded
================================================================================
SIMULATION LOG - 2026-02-10 16:52:59
Log file: /home/kishi/ResQoUnity/logs/simulation/drone_sim_20260210_165259.log
================================================================================

[INFO] CPU physics mode enabled - GPU PhysX disabled
[INFO] Creating environment: Isaac-Velocity-Rough-Unitree-Go2-v0
[INFO] Robot: go2, Amount: 2, Terrain: flat
[13.260s] [ext: omni.physx.fabric-105.1.12-5.1] startup
[INFO]: Base environment:
	Environment device    : cpu
	Physics step-size     : 0.005
	Rendering step-size   : 0.005
	Environment step-size : 0.02
	Physics GPU pipeline  : True
	Physics GPU simulation: True
[INFO]: Time taken for scene creation : 0.317423 seconds
[INFO]: Scene manager:  <class InteractiveScene>
	Number of environments: 2
	Environment spacing   : 2.5
	Source prim name      : /World/envs/env_0
	Global prim paths     : ['/World/ground']
	Replicate physics     : True
[INFO]: Starting the simulation. This may take a few seconds. Please wait...
2026-02-10 22:52:59 [13,654ms] [Warning] [omni.fabric.plugin] No source has valid data array=0x75d352bf0850 usdValid=0 cpuValid=0
2026-02-10 22:53:00 [14,205ms] [Warning] [omni.hydra.scene_delegate.plugin] Calling getBypassRenderSkelMeshProcessing for prim /World/envs/env_0/Robot/FL_foot/visuals.proto_mesh_0_id0 that has not been populated
2026-02-10 22:53:00 [14,206ms] [Warning] [omni.hydra] Mesh '/World/envs/env_0/Robot/FL_calf/visuals.proto_mesh_0_id0' has corrupted data in primvar 'st_1': buffer size 19536 doesn't match expected size 25806 in faceVarying primvars
2026-02-10 22:53:00 [14,206ms] [Warning] [omni.hydra] Mesh '/World/envs/env_0/Robot/RL_calf/visuals.proto_mesh_0_id0' has corrupted data in primvar 'st_1': buffer size 19536 doesn't match expected size 25806 in faceVarying primvars
2026-02-10 22:53:00 [14,206ms] [Warning] [omni.hydra] Mesh '/World/envs/env_0/Robot/RR_calf/visuals.proto_mesh_0_id0' has corrupted data in primvar 'st_1': buffer size 19536 doesn't match expected size 25806 in faceVarying primvars
2026-02-10 22:53:00 [14,206ms] [Warning] [omni.hydra] Mesh '/World/envs/env_0/Robot/RL_calf/visuals.proto_mesh_0_id0' has corrupted data in primvar 'st': buffer size 6270 doesn't match expected size 25806 in faceVarying primvars
2026-02-10 22:53:00 [14,206ms] [Warning] [omni.hydra] Mesh '/World/envs/env_0/Robot/RR_calf/visuals.proto_mesh_0_id0' has corrupted data in primvar 'st': buffer size 6270 doesn't match expected size 25806 in faceVarying primvars
2026-02-10 22:53:00 [14,206ms] [Warning] [omni.hydra] Mesh '/World/envs/env_0/Robot/FL_calf/visuals.proto_mesh_0_id0' has corrupted data in primvar 'st': buffer size 6270 doesn't match expected size 25806 in faceVarying primvars
2026-02-10 22:53:00 [14,206ms] [Warning] [omni.hydra] Mesh '/World/envs/env_0/Robot/FL_thigh/visuals.proto_mesh_0_id0' has corrupted data in primvar 'st_1': buffer size 55278 doesn't match expected size 90402 in faceVarying primvars
2026-02-10 22:53:00 [14,206ms] [Warning] [omni.hydra] Mesh '/World/envs/env_0/Robot/FR_calf/visuals.proto_mesh_0_id0' has corrupted data in primvar 'st_1': buffer size 19536 doesn't match expected size 25806 in faceVarying primvars
2026-02-10 22:53:00 [14,206ms] [Warning] [omni.hydra] Mesh '/World/envs/env_0/Robot/FL_thigh/visuals.proto_mesh_0_id0' has corrupted data in primvar 'st': buffer size 35124 doesn't match expected size 90402 in faceVarying primvars
2026-02-10 22:53:00 [14,206ms] [Warning] [omni.hydra] Mesh '/World/envs/env_0/Robot/FR_calf/visuals.proto_mesh_0_id0' has corrupted data in primvar 'st': buffer size 6270 doesn't match expected size 25806 in faceVarying primvars
2026-02-10 22:53:00 [14,206ms] [Warning] [omni.hydra] Mesh '/World/envs/env_0/Robot/RR_thigh/visuals.proto_mesh_0_id0' has corrupted data in primvar 'st_1': buffer size 55254 doesn't match expected size 90378 in faceVarying primvars
2026-02-10 22:53:00 [14,207ms] [Warning] [omni.hydra] Mesh '/World/envs/env_0/Robot/RR_thigh/visuals.proto_mesh_0_id0' has corrupted data in primvar 'st': buffer size 35124 doesn't match expected size 90378 in faceVarying primvars
2026-02-10 22:53:00 [14,207ms] [Warning] [omni.hydra] Mesh '/World/envs/env_0/Robot/RL_hip/visuals.proto_mesh_0_id0' has corrupted data in primvar 'st_1': buffer size 54198 doesn't match expected size 111120 in faceVarying primvars
2026-02-10 22:53:00 [14,207ms] [Warning] [omni.hydra] Mesh '/World/envs/env_0/Robot/FL_hip/visuals.proto_mesh_0_id0' has corrupted data in primvar 'st_1': buffer size 54198 doesn't match expected size 111120 in faceVarying primvars
2026-02-10 22:53:00 [14,207ms] [Warning] [omni.hydra] Mesh '/World/envs/env_0/Robot/RL_hip/visuals.proto_mesh_0_id0' has corrupted data in primvar 'st': buffer size 56922 doesn't match expected size 111120 in faceVarying primvars
2026-02-10 22:53:00 [14,207ms] [Warning] [omni.hydra] Mesh '/World/envs/env_0/Robot/FL_hip/visuals.proto_mesh_0_id0' has corrupted data in primvar 'st': buffer size 56922 doesn't match expected size 111120 in faceVarying primvars
2026-02-10 22:53:00 [14,207ms] [Warning] [omni.hydra] Mesh '/World/envs/env_0/Robot/RR_hip/visuals.proto_mesh_0_id0' has corrupted data in primvar 'st_1': buffer size 54198 doesn't match expected size 111120 in faceVarying primvars
2026-02-10 22:53:00 [14,207ms] [Warning] [omni.hydra] Mesh '/World/envs/env_0/Robot/RR_hip/visuals.proto_mesh_0_id0' has corrupted data in primvar 'st': buffer size 56922 doesn't match expected size 111120 in faceVarying primvars
2026-02-10 22:53:00 [14,207ms] [Warning] [omni.hydra] Mesh '/World/envs/env_0/Robot/RL_thigh/visuals.proto_mesh_0_id0' has corrupted data in primvar 'st_1': buffer size 55278 doesn't match expected size 90402 in faceVarying primvars
2026-02-10 22:53:00 [14,207ms] [Warning] [omni.hydra] Mesh '/World/envs/env_0/Robot/FR_thigh/visuals.proto_mesh_0_id0' has corrupted data in primvar 'st_1': buffer size 55254 doesn't match expected size 90378 in faceVarying primvars
2026-02-10 22:53:00 [14,207ms] [Warning] [omni.hydra] Mesh '/World/envs/env_0/Robot/FR_thigh/visuals.proto_mesh_0_id0' has corrupted data in primvar 'st': buffer size 35124 doesn't match expected size 90378 in faceVarying primvars
2026-02-10 22:53:00 [14,207ms] [Warning] [omni.hydra] Mesh '/World/envs/env_0/Robot/RL_thigh/visuals.proto_mesh_0_id0' has corrupted data in primvar 'st': buffer size 35124 doesn't match expected size 90402 in faceVarying primvars
2026-02-10 22:53:00 [14,207ms] [Warning] [omni.hydra] Mesh '/World/envs/env_0/Robot/FR_hip/visuals.proto_mesh_0_id0' has corrupted data in primvar 'st_1': buffer size 54198 doesn't match expected size 111120 in faceVarying primvars
2026-02-10 22:53:00 [14,207ms] [Warning] [omni.hydra] Mesh '/World/envs/env_0/Robot/FR_hip/visuals.proto_mesh_0_id0' has corrupted data in primvar 'st': buffer size 56922 doesn't match expected size 111120 in faceVarying primvars
2026-02-10 22:53:00 [14,207ms] [Warning] [omni.hydra] Mesh '/World/envs/env_0/Robot/base/visuals.proto_mesh_0_id0' has corrupted data in primvar 'st_4': buffer size 30390 doesn't match expected size 233784 in faceVarying primvars
2026-02-10 22:53:00 [14,208ms] [Warning] [omni.hydra] Mesh '/World/envs/env_0/Robot/base/visuals.proto_mesh_0_id0' has corrupted data in primvar 'st_2': buffer size 6015 doesn't match expected size 233784 in faceVarying primvars
2026-02-10 22:53:00 [14,208ms] [Warning] [omni.hydra] Mesh '/World/envs/env_0/Robot/base/visuals.proto_mesh_0_id0' has corrupted data in primvar 'st_3': buffer size 11886 doesn't match expected size 233784 in faceVarying primvars
2026-02-10 22:53:00 [14,208ms] [Warning] [omni.hydra] Mesh '/World/envs/env_0/Robot/base/visuals.proto_mesh_0_id0' has corrupted data in primvar 'st_1': buffer size 6960 doesn't match expected size 233784 in faceVarying primvars
2026-02-10 22:53:00 [14,208ms] [Warning] [omni.hydra] Mesh '/World/envs/env_0/Robot/base/visuals.proto_mesh_0_id0' has corrupted data in primvar 'st': buffer size 178533 doesn't match expected size 233784 in faceVarying primvars
2026-02-10 22:53:00 [14,365ms] [Warning] [omni.timeline.plugin] Deprecated: direct use of ITimeline callbacks is deprecated. Use ITimeline::getTimeline (Python: omni.timeline.get_timeline_interface) instead.
2026-02-10 22:53:00 [14,367ms] [Warning] [omni.timeline.plugin] Deprecated: direct use of ITimeline callbacks is deprecated. Use ITimeline::getTimeline (Python: omni.timeline.get_timeline_interface) instead.
[INFO]: Time taken for simulation start : 0.817478 seconds
[INFO] Command Manager:  <CommandManager> contains 1 active terms.
+------------------------------------------------+
|              Active Command Terms              |
+-------+---------------+------------------------+
| Index | Name          |          Type          |
+-------+---------------+------------------------+
|   0   | base_velocity | UniformVelocityCommand |
+-------+---------------+------------------------+

[INFO] Action Manager:  <ActionManager> contains 1 active terms.
+------------------------------------+
|  Active Action Terms (shape: 12)   |
+--------+-------------+-------------+
| Index  | Name        |   Dimension |
+--------+-------------+-------------+
|   0    | joint_pos   |          12 |
+--------+-------------+-------------+

Module omni.isaac.orbit.utils.warp.kernels load on device 'cpu' took 1.61 ms
[INFO] Observation Manager: <ObservationManager> contains 1 groups.
+----------------------------------------------------------+
| Active Observation Terms in Group: 'policy' (shape: (235,)) |
+-----------+--------------------------------+-------------+
|   Index   | Name                           |    Shape    |
+-----------+--------------------------------+-------------+
|     0     | base_lin_vel                   |     (3,)    |
|     1     | base_ang_vel                   |     (3,)    |
|     2     | projected_gravity              |     (3,)    |
|     3     | velocity_commands              |     (3,)    |
|     4     | joint_pos                      |    (12,)    |
|     5     | joint_vel                      |    (12,)    |
|     6     | actions                        |    (12,)    |
|     7     | height_scan                    |    (187,)   |
+-----------+--------------------------------+-------------+

[INFO] Event Manager:  <EventManager> contains 1 active terms.
+--------------------------------------+
| Active Event Terms in Mode: 'startup' |
+----------+---------------------------+
|  Index   | Name                      |
+----------+---------------------------+
|    0     | physics_material          |
+----------+---------------------------+

[INFO] Termination Manager:  <TerminationManager> contains 2 active terms.
+---------------------------------+
|     Active Termination Terms    |
+-------+--------------+----------+
| Index | Name         | Time Out |
+-------+--------------+----------+
|   0   | time_out     |   True   |
|   1   | base_contact |  False   |
+-------+--------------+----------+

[INFO] Reward Manager:  <RewardManager> contains 10 active terms.
+-----------------------------------------+
|           Active Reward Terms           |
+-------+----------------------+----------+
| Index | Name                 |   Weight |
+-------+----------------------+----------+
|   0   | track_lin_vel_xy_exp |      1.5 |
|   1   | track_ang_vel_z_exp  |     0.75 |
|   2   | lin_vel_z_l2         |     -2.0 |
|   3   | ang_vel_xy_l2        |    -0.05 |
|   4   | dof_torques_l2       |  -0.0002 |
|   5   | dof_acc_l2           | -2.5e-07 |
|   6   | action_rate_l2       |    -0.01 |
|   7   | feet_air_time        |     0.01 |
|   8   | flat_orientation_l2  |      0.0 |
|   9   | dof_pos_limits       |      0.0 |
+-------+----------------------+----------+

[INFO] Curriculum Manager:  <CurriculumManager> contains 0 active terms.
+----------------------+
| Active Curriculum Terms |
+-----------+----------+
|   Index   | Name     |
+-----------+----------+
+-----------+----------+

Creating window for environment.
[INFO]: Completed setting up the environment...
[INFO] Environment created successfully!
[INFO] ========================================
[INFO] PHYSICS MODE: CPU (GPU PhysX DISABLED)
[INFO] Direct pose manipulation is ALLOWED
[INFO] ========================================
[INFO] Environment wrapped for RSL-RL
[INFO] Loading experiment from directory: /home/kishi/ResQoUnity/logs/rsl_rl/unitree_go2_rough
[INFO]: Loading model checkpoint from: /home/kishi/ResQoUnity/logs/rsl_rl/unitree_go2_rough/2024-04-06_02-37-07/model_7850.pt
/tmp/rsl_rl/rsl_rl/utils/utils.py:326: UserWarning: The observation configuration dictionary 'obs_groups' must contain the 'critic' key. As the configuration for 'critic' is missing, the observations from the 'policy' set are used. Consider adding the 'critic' key to the 'obs_groups' dictionary for clarity. This behavior will be removed in a future version.
  warnings.warn(
--------------------------------------------------------------------------------
Resolved observation sets: 
	 policy :  ['policy']
	 critic :  ['policy']
--------------------------------------------------------------------------------
Actor MLP: MLP(
  (0): Linear(in_features=235, out_features=512, bias=True)
  (1): ELU(alpha=1.0)
  (2): Linear(in_features=512, out_features=256, bias=True)
  (3): ELU(alpha=1.0)
  (4): Linear(in_features=256, out_features=128, bias=True)
  (5): ELU(alpha=1.0)
  (6): Linear(in_features=128, out_features=12, bias=True)
)
Critic MLP: MLP(
  (0): Linear(in_features=235, out_features=512, bias=True)
  (1): ELU(alpha=1.0)
  (2): Linear(in_features=512, out_features=256, bias=True)
  (3): ELU(alpha=1.0)
  (4): Linear(in_features=256, out_features=128, bias=True)
  (5): ELU(alpha=1.0)
  (6): Linear(in_features=128, out_features=1, bias=True)
)
[INFO]: Checkpoint loaded successfully
[INFO] Resetting environment and getting initial observations...
[INFO] Environment reset complete, starting simulation loop...
[INFO] Spawning world-level drone alongside environment robots...
[INFO] Spawning drone at /World/envs/env_0/Drone (inside env for physics stepping)
[INFO] Drone USD loaded at /World/envs/env_0/Drone
[INFO] Drone spawned at position (0.0, 0.0, 2.5)
[INFO] ArticulationView will be initialized after first physics step
[Drone drone] Mode: DISARMED → IDLE

================================================================================
DRONE DEBUG LOGGER INITIALIZED FOR world_drone
================================================================================

[INFO] Drone controller initialized in ARMED mode (auto-armed)
[INFO] Mode set to IDLE - will switch to LOITER after spawn
[INFO] Debug logger enabled - verbose output active
[INFO] Drone bottom camera initialized
[INFO] Drone ROS2 publishers initialized on /drone namespace
[INFO] Adding /drone namespace ROS2 interface
[INFO] Drone topics created: cmd_vel, cmd_position, cmd_altitude
[INFO] Drone services created:
  - /drone/arm: True
  - /drone/takeoff: True
  - /drone/land: True
  - /drone/emergency_stop: True
[INFO] Drone control interface ready on /drone namespace
[INFO] Setting up viewport camera...
[INFO] Camera positioned to view robot
[INFO] Robot(s) should now be visible in the viewport!
[INFO] Use these controls to navigate:
  - Press 'F' to focus on robot
  - Mouse wheel: Zoom in/out
  - Middle mouse: Pan camera
  - Alt+Left mouse: Orbit view
  - WASD keys: Move robot (forward/back/left/right)
  - Q/E keys: Rotate left/right
/home/kishi/.local/share/ov/pkg/isaac-sim-2023.1.1/python.sh: line 41: 1360324 Killed                  $python_exe "$@" $args
There was an error running python
